###############################################################################
#
# IAR ELF Linker V9.32.2.340/W64 for ARM                  05/Jun/2023  10:55:05
# Copyright 2007-2023 IAR Systems AB.
#
#    Output file  =
#        D:\Study\Github\Mock-2_Team-1_Class_HN23_FRF_EMB_01\BootLoader\Debug\Exe\BootLoader.out
#    Map file     =
#        D:\Study\Github\Mock-2_Team-1_Class_HN23_FRF_EMB_01\BootLoader\Debug\List\BootLoader.map
#    Command line =
#        -f
#        D:\Study\Github\Mock-2_Team-1_Class_HN23_FRF_EMB_01\BootLoader\Debug\Exe\BootLoader.out.rsp
#        (D:\Study\Github\Mock-2_Team-1_Class_HN23_FRF_EMB_01\BootLoader\Debug\Obj\source\Flash.o
#        D:\Study\Github\Mock-2_Team-1_Class_HN23_FRF_EMB_01\BootLoader\Debug\Obj\source\GPIO.o
#        D:\Study\Github\Mock-2_Team-1_Class_HN23_FRF_EMB_01\BootLoader\Debug\Obj\source\main.o
#        D:\Study\Github\Mock-2_Team-1_Class_HN23_FRF_EMB_01\BootLoader\Debug\Obj\source\Middleware.o
#        D:\Study\Github\Mock-2_Team-1_Class_HN23_FRF_EMB_01\BootLoader\Debug\Obj\source\PIT.o
#        D:\Study\Github\Mock-2_Team-1_Class_HN23_FRF_EMB_01\BootLoader\Debug\Obj\source\Port.o
#        D:\Study\Github\Mock-2_Team-1_Class_HN23_FRF_EMB_01\BootLoader\Debug\Obj\source\queue.o
#        D:\Study\Github\Mock-2_Team-1_Class_HN23_FRF_EMB_01\BootLoader\Debug\Obj\startup\startup_MKL46Z4.o
#        D:\Study\Github\Mock-2_Team-1_Class_HN23_FRF_EMB_01\BootLoader\Debug\Obj\startup\system_MKL46Z4.o
#        D:\Study\Github\Mock-2_Team-1_Class_HN23_FRF_EMB_01\BootLoader\Debug\Obj\source\UART.o
#        --no_out_extension -o
#        D:\Study\Github\Mock-2_Team-1_Class_HN23_FRF_EMB_01\BootLoader\Debug\Exe\BootLoader.out
#        --map
#        D:\Study\Github\Mock-2_Team-1_Class_HN23_FRF_EMB_01\BootLoader\Debug\List\BootLoader.map
#        --config "C:\Program Files\IAR Systems\Embedded Workbench
#        9.1\arm/config/linker/NXP/MKL46Z256xxx4.icf" --semihosting --entry
#        __iar_program_start --vfe --text_out locale --cpu=Cortex-M0+
#        --fpu=None)
#
###############################################################################

*******************************************************************************
*** RUNTIME MODEL ATTRIBUTES
***

CppFlavor       = *
__CPP_Runtime   = 1
__SystemLibrary = DLib
__dlib_version  = 6


*******************************************************************************
*** HEAP SELECTION
***

The basic heap was selected because --advanced_heap
was not specified and the application did not appear to
be primarily optimized for speed.


*******************************************************************************
*** PLACEMENT SUMMARY
***

"A0":  place at address 0x0 { ro section .intvec };
"P1":  place in [from 0x0 to 0x3ff] |
                [from 0x410 to 0x3'ffff] { ro };
define block CSTACK with size = 2K, alignment = 8 { };
define block HEAP with size = 4K, alignment = 8 { };
"P3":  place in [from 0x1fff'e000 to 0x1fff'ffff] |
                [from 0x2000'0000 to 0x2000'5fff] {
          rw, block CSTACK, block HEAP };
"P5":  place in [from 0x400 to 0x40f] { section FlashConfig };
initialize by copy { rw };

No sections matched the following patterns:

  ro section application_specific_ro  in "P2|P4"
  rw section application_specific_rw  in "P2|P4"


  Section            Kind         Address   Size  Object
  -------            ----         -------   ----  ------
"A0":                                       0xc0
  .intvec            ro code          0x0   0xc0  startup_MKL46Z4.o [2]
                                   - 0xc0   0xc0

"P1", part 1 of 2:                         0x118
  .text              ro code         0xc0   0x8c  Middleware.o [1]
  .text              ro code        0x14c   0x26  Port.o [1]
  .text              ro code        0x172    0x2  startup_MKL46Z4.o [2]
  .text              ro code        0x174   0x54  Flash.o [1]
  Initializer bytes  const          0x1c8   0x10  <for P3 s0>
                                  - 0x1d8  0x118

"P5":                                       0x10
  FlashConfig        ro code        0x400   0x10  startup_MKL46Z4.o [2]
                                  - 0x410   0x10

"P1", part 2 of 2:                         0x25c
  .text              ro code        0x410   0x70  main.o [1]
  .text              ro code        0x480   0x60  PIT.o [1]
  .text              ro code        0x4e0   0x30  copy_init3.o [4]
  .text              ro code        0x510   0x28  data_init.o [4]
  .text              ro code        0x538   0x24  startup_MKL46Z4.o [2]
  .text              ro code        0x55c   0x24  UART.o [1]
  .iar.init_table    const          0x580   0x14  - Linker created -
  .text              ro code        0x594   0x1e  cmain.o [4]
  .text              ro code        0x5b2    0x4  low_level_init.o [3]
  .text              ro code        0x5b6    0x8  exit.o [3]
  .text              ro code        0x5be    0x2  startup_MKL46Z4.o [2]
  .text              ro code        0x5c0    0xa  cexit.o [4]
  .text              ro code        0x5ca    0x2  startup_MKL46Z4.o [2]
  .text              ro code        0x5cc   0x14  exit.o [5]
  .text              ro code        0x5e0   0x1c  cstartup_M.o [4]
  .text              ro code        0x5fc    0xc  system_MKL46Z4.o [2]
  .text              ro code        0x608    0x8  startup_MKL46Z4.o [2]
  .text              ro code        0x610    0x8  startup_MKL46Z4.o [2]
  .text              ro code        0x618    0x8  startup_MKL46Z4.o [2]
  .text              ro code        0x620    0x8  startup_MKL46Z4.o [2]
  .text              ro code        0x628    0x8  startup_MKL46Z4.o [2]
  .text              ro code        0x630    0x8  startup_MKL46Z4.o [2]
  .text              ro code        0x638    0x8  startup_MKL46Z4.o [2]
  .text              ro code        0x640    0x8  startup_MKL46Z4.o [2]
  .text              ro code        0x648    0x8  startup_MKL46Z4.o [2]
  .text              ro code        0x650    0x8  startup_MKL46Z4.o [2]
  .text              ro code        0x658    0x8  startup_MKL46Z4.o [2]
  .text              ro code        0x660    0x8  startup_MKL46Z4.o [2]
  .text              ro code        0x668    0x2  startup_MKL46Z4.o [2]
  .text              ro code        0x66a    0x2  startup_MKL46Z4.o [2]
  .rodata            const          0x66c    0x0  copy_init3.o [4]
                                  - 0x66c  0x25c

"P3", part 1 of 2:                          0x10
  P3 s0                       0x1fff'e000   0x10  <Init block>
    .data            inited   0x1fff'e000    0x4  main.o [1]
    .bss             inited   0x1fff'e004    0x4  main.o [1]
    .bss             inited   0x1fff'e008    0x4  PIT.o [1]
    .bss             inited   0x1fff'e00c    0x4  UART.o [1]
                            - 0x1fff'e010   0x10

"P3", part 2 of 2:                         0x800
  CSTACK                      0x1fff'e010  0x800  <Block>
    CSTACK           uninit   0x1fff'e010  0x800  <Block tail>
                            - 0x1fff'e810  0x800

Unused ranges:

         From           To      Size
         ----           --      ----
        0x1d8        0x3ff     0x228
        0x66c     0x3'ffff  0x3'f994
  0x1fff'e810  0x1fff'ffff    0x17f0
  0x2000'0000  0x2000'5fff    0x6000


*******************************************************************************
*** INIT TABLE
***

          Address      Size
          -------      ----
Copy (__iar_copy_init3)
    1 source range, total size 0x10:
                0x1c8  0x10
    1 destination range, total size 0x10:
          0x1fff'e000  0x10



*******************************************************************************
*** MODULE SUMMARY
***

    Module             ro code  ro data  rw data
    ------             -------  -------  -------
command line/config:
    --------------------------------------------
    Total:

D:\Study\Github\Mock-2_Team-1_Class_HN23_FRF_EMB_01\BootLoader\Debug\Obj\source: [1]
    Flash.o                 84
    Middleware.o           140
    PIT.o                   96        4        4
    Port.o                  38
    UART.o                  36        4        4
    main.o                 112        8        8
    --------------------------------------------
    Total:                 506       16       16

D:\Study\Github\Mock-2_Team-1_Class_HN23_FRF_EMB_01\BootLoader\Debug\Obj\startup: [2]
    startup_MKL46Z4.o      350
    system_MKL46Z4.o        12
    --------------------------------------------
    Total:                 362

dl6M_tln.a: [3]
    exit.o                   8
    low_level_init.o         4
    --------------------------------------------
    Total:                  12

rt6M_tl.a: [4]
    cexit.o                 10
    cmain.o                 30
    copy_init3.o            48
    cstartup_M.o            28
    data_init.o             40
    --------------------------------------------
    Total:                 156

shb_l.a: [5]
    exit.o                  20
    --------------------------------------------
    Total:                  20

    Linker created                   20    2'048
------------------------------------------------
    Grand Total:         1'056       36    2'064


*******************************************************************************
*** ENTRY LIST
***

Entry                       Address  Size  Type      Object
-----                       -------  ----  ----      ------
.iar.init_table$$Base         0x580         --   Gb  - Linker created -
.iar.init_table$$Limit        0x594         --   Gb  - Linker created -
?main                         0x595        Code  Gb  cmain.o [4]
ADC0_IRQHandler               0x661        Code  Wk  startup_MKL46Z4.o [2]
CMP0_IRQHandler               0x661        Code  Wk  startup_MKL46Z4.o [2]
CSTACK$$Base            0x1fff'e010         --   Gb  - Linker created -
CSTACK$$Limit           0x1fff'e810         --   Gb  - Linker created -
DAC0_IRQHandler               0x661        Code  Wk  startup_MKL46Z4.o [2]
DMA0_DriverIRQHandler         0x661        Code  Wk  startup_MKL46Z4.o [2]
DMA0_IRQHandler               0x609        Code  Wk  startup_MKL46Z4.o [2]
DMA1_DriverIRQHandler         0x661        Code  Wk  startup_MKL46Z4.o [2]
DMA1_IRQHandler               0x611        Code  Wk  startup_MKL46Z4.o [2]
DMA2_DriverIRQHandler         0x661        Code  Wk  startup_MKL46Z4.o [2]
DMA2_IRQHandler               0x619        Code  Wk  startup_MKL46Z4.o [2]
DMA3_DriverIRQHandler         0x661        Code  Wk  startup_MKL46Z4.o [2]
DMA3_IRQHandler               0x621        Code  Wk  startup_MKL46Z4.o [2]
DefaultISR                    0x661        Code  Wk  startup_MKL46Z4.o [2]
Dis_Fault_Hander              0x41f   0xa  Code  Gb  main.o [1]
Dis_Intterupt_Timer           0x411   0xe  Code  Gb  main.o [1]
FIRAMWARE2_START_ADD    0x1fff'e000   0x4  Data  Gb  main.o [1]
FTFA_IRQHandler               0x661        Code  Wk  startup_MKL46Z4.o [2]
Flash_EraseSector             0x175  0x36  Code  Gb  Flash.o [1]
HardFault_Handler             0x5bf        Code  Wk  startup_MKL46Z4.o [2]
I2C0_DriverIRQHandler         0x661        Code  Wk  startup_MKL46Z4.o [2]
I2C0_IRQHandler               0x629        Code  Wk  startup_MKL46Z4.o [2]
I2C1_DriverIRQHandler         0x661        Code  Wk  startup_MKL46Z4.o [2]
I2C1_IRQHandler               0x631        Code  Wk  startup_MKL46Z4.o [2]
I2S0_DriverIRQHandler         0x661        Code  Wk  startup_MKL46Z4.o [2]
I2S0_IRQHandler               0x659        Code  Wk  startup_MKL46Z4.o [2]
Jump_To_App                   0x429  0x2c  Code  Gb  main.o [1]
LCD_IRQHandler                0x661        Code  Wk  startup_MKL46Z4.o [2]
LLWU_IRQHandler               0x661        Code  Wk  startup_MKL46Z4.o [2]
LPTMR0_IRQHandler             0x661        Code  Wk  startup_MKL46Z4.o [2]
LVD_LVW_IRQHandler            0x661        Code  Wk  startup_MKL46Z4.o [2]
MCG_IRQHandler                0x661        Code  Wk  startup_MKL46Z4.o [2]
NMI_Handler                   0x173        Code  Wk  startup_MKL46Z4.o [2]
PIT_ClearInterruptFlag        0x4b7  0x1a  Code  Lc  PIT.o [1]
PIT_IRQHandler                0x481  0x36  Code  Gb  PIT.o [1]
PORTA_IRQHandler              0x661        Code  Wk  startup_MKL46Z4.o [2]
PORTC_PORTD_IRQHandler         0xc1  0x62  Code  Gb  Middleware.o [1]
PORT_EXTI_ClearFlag           0x14d  0x26  Code  Gb  Port.o [1]
PendSV_Handler                0x669        Code  Wk  startup_MKL46Z4.o [2]
READ_BTN1                     0x123   0xe  Code  Gb  Middleware.o [1]
READ_BTN2                     0x131   0xe  Code  Gb  Middleware.o [1]
RTC_IRQHandler                0x661        Code  Wk  startup_MKL46Z4.o [2]
RTC_Seconds_IRQHandler        0x661        Code  Wk  startup_MKL46Z4.o [2]
Region$$Table$$Base           0x580         --   Gb  - Linker created -
Region$$Table$$Limit          0x594         --   Gb  - Linker created -
Reserved20_IRQHandler         0x661        Code  Wk  startup_MKL46Z4.o [2]
Reset_Handler                 0x539        Code  Wk  startup_MKL46Z4.o [2]
SPI0_DriverIRQHandler         0x661        Code  Wk  startup_MKL46Z4.o [2]
SPI0_IRQHandler               0x639        Code  Wk  startup_MKL46Z4.o [2]
SPI1_DriverIRQHandler         0x661        Code  Wk  startup_MKL46Z4.o [2]
SPI1_IRQHandler               0x641        Code  Wk  startup_MKL46Z4.o [2]
SVC_Handler                   0x5cb        Code  Wk  startup_MKL46Z4.o [2]
SysTick_Handler               0x66b        Code  Wk  startup_MKL46Z4.o [2]
SystemInit                    0x5fd   0x8  Code  Gb  system_MKL46Z4.o [2]
TPM0_IRQHandler               0x661        Code  Wk  startup_MKL46Z4.o [2]
TPM1_IRQHandler               0x661        Code  Wk  startup_MKL46Z4.o [2]
TPM2_IRQHandler               0x661        Code  Wk  startup_MKL46Z4.o [2]
TSI0_IRQHandler               0x661        Code  Wk  startup_MKL46Z4.o [2]
UART0_DriverIRQHandler        0x661        Code  Wk  startup_MKL46Z4.o [2]
UART0_IRQHandler              0x55d  0x1a  Code  Gb  UART.o [1]
UART1_DriverIRQHandler        0x661        Code  Wk  startup_MKL46Z4.o [2]
UART1_IRQHandler              0x649        Code  Wk  startup_MKL46Z4.o [2]
UART2_DriverIRQHandler        0x661        Code  Wk  startup_MKL46Z4.o [2]
UART2_IRQHandler              0x651        Code  Wk  startup_MKL46Z4.o [2]
USB0_IRQHandler               0x661        Code  Wk  startup_MKL46Z4.o [2]
__Vectors                       0x0         --   Gb  startup_MKL46Z4.o [2]
__Vectors_End                  0xc0        Data  Gb  startup_MKL46Z4.o [2]
__Vectors_Size {Abs}           0xc0         --   Gb  startup_MKL46Z4.o [2]
__cmain                       0x595        Code  Gb  cmain.o [4]
__exit                        0x5cd  0x14  Code  Gb  exit.o [5]
__iar_copy_init3              0x4e1  0x30  Code  Gb  copy_init3.o [4]
__iar_data_init3              0x511  0x28  Code  Gb  data_init.o [4]
__iar_program_start           0x5e1        Code  Gb  cstartup_M.o [4]
__low_level_init              0x5b3   0x4  Code  Gb  low_level_init.o [3]
__vector_table                  0x0        Data  Gb  startup_MKL46Z4.o [2]
__vector_table_0x1c            0x1c        Data  Gb  startup_MKL46Z4.o [2]
_call_main                    0x5a1        Code  Gb  cmain.o [4]
_exit                         0x5c1        Code  Gb  cexit.o [4]
exit                          0x5b7   0x8  Code  Gb  exit.o [3]
func_ptr                0x1fff'e004   0x4  Data  Gb  main.o [1]
main                          0x455  0x14  Code  Gb  main.o [1]
sCallback_PIT           0x1fff'e008   0x4  Data  Lc  PIT.o [1]
sCallback_UART          0x1fff'e00c   0x4  Data  Lc  UART.o [1]


[1] = D:\Study\Github\Mock-2_Team-1_Class_HN23_FRF_EMB_01\BootLoader\Debug\Obj\source
[2] = D:\Study\Github\Mock-2_Team-1_Class_HN23_FRF_EMB_01\BootLoader\Debug\Obj\startup
[3] = dl6M_tln.a
[4] = rt6M_tl.a
[5] = shb_l.a

  1'056 bytes of readonly  code memory
     36 bytes of readonly  data memory
  2'064 bytes of readwrite data memory

Errors: none
Warnings: none
