###############################################################################
#
# IAR ELF Linker V9.32.2.340/W64 for ARM                  03/Jun/2023  17:36:29
# Copyright 2007-2023 IAR Systems AB.
#
#    Output file  =
#        D:\Study\Github\Mock-2_Team-1_Class_HN23_FRF_EMB_01\Mock-2_Team-1_Class_HN23_FRF_EMB_01\BootLoader\Debug\Exe\BootLoader.out
#    Map file     =
#        D:\Study\Github\Mock-2_Team-1_Class_HN23_FRF_EMB_01\Mock-2_Team-1_Class_HN23_FRF_EMB_01\BootLoader\Debug\List\BootLoader.map
#    Command line =
#        -f
#        D:\Study\Github\Mock-2_Team-1_Class_HN23_FRF_EMB_01\Mock-2_Team-1_Class_HN23_FRF_EMB_01\BootLoader\Debug\Exe\BootLoader.out.rsp
#        (D:\Study\Github\Mock-2_Team-1_Class_HN23_FRF_EMB_01\Mock-2_Team-1_Class_HN23_FRF_EMB_01\BootLoader\Debug\Obj\source\BootLoader.o
#        D:\Study\Github\Mock-2_Team-1_Class_HN23_FRF_EMB_01\Mock-2_Team-1_Class_HN23_FRF_EMB_01\BootLoader\Debug\Obj\source\Flash.o
#        D:\Study\Github\Mock-2_Team-1_Class_HN23_FRF_EMB_01\Mock-2_Team-1_Class_HN23_FRF_EMB_01\BootLoader\Debug\Obj\source\GPIO.o
#        D:\Study\Github\Mock-2_Team-1_Class_HN23_FRF_EMB_01\Mock-2_Team-1_Class_HN23_FRF_EMB_01\BootLoader\Debug\Obj\source\Middleware.o
#        D:\Study\Github\Mock-2_Team-1_Class_HN23_FRF_EMB_01\Mock-2_Team-1_Class_HN23_FRF_EMB_01\BootLoader\Debug\Obj\source\PIT.o
#        D:\Study\Github\Mock-2_Team-1_Class_HN23_FRF_EMB_01\Mock-2_Team-1_Class_HN23_FRF_EMB_01\BootLoader\Debug\Obj\source\Port.o
#        D:\Study\Github\Mock-2_Team-1_Class_HN23_FRF_EMB_01\Mock-2_Team-1_Class_HN23_FRF_EMB_01\BootLoader\Debug\Obj\source\queue.o
#        D:\Study\Github\Mock-2_Team-1_Class_HN23_FRF_EMB_01\Mock-2_Team-1_Class_HN23_FRF_EMB_01\BootLoader\Debug\Obj\startup\startup_MKL46Z4.o
#        D:\Study\Github\Mock-2_Team-1_Class_HN23_FRF_EMB_01\Mock-2_Team-1_Class_HN23_FRF_EMB_01\BootLoader\Debug\Obj\startup\system_MKL46Z4.o
#        D:\Study\Github\Mock-2_Team-1_Class_HN23_FRF_EMB_01\Mock-2_Team-1_Class_HN23_FRF_EMB_01\BootLoader\Debug\Obj\source\UART.o
#        --no_out_extension -o
#        D:\Study\Github\Mock-2_Team-1_Class_HN23_FRF_EMB_01\Mock-2_Team-1_Class_HN23_FRF_EMB_01\BootLoader\Debug\Exe\BootLoader.out
#        --map
#        D:\Study\Github\Mock-2_Team-1_Class_HN23_FRF_EMB_01\Mock-2_Team-1_Class_HN23_FRF_EMB_01\BootLoader\Debug\List\BootLoader.map
#        --config "C:\Program Files\IAR Systems\Embedded Workbench
#        9.1\arm/config/linker/NXP/MKL46Z256xxx4.icf" --semihosting --entry
#        __iar_program_start --vfe --text_out locale --cpu=Cortex-M0+
#        --fpu=None)
#
###############################################################################

*******************************************************************************
*** RUNTIME MODEL ATTRIBUTES
***

CppFlavor       = *
__CPP_Runtime   = 1
__SystemLibrary = DLib
__dlib_version  = 6


*******************************************************************************
*** HEAP SELECTION
***

The basic heap was selected because --advanced_heap
was not specified and the application did not appear to
be primarily optimized for speed.


*******************************************************************************
*** PLACEMENT SUMMARY
***

"A0":  place at address 0x0 { ro section .intvec };
"P1":  place in [from 0x0 to 0x3ff] |
                [from 0x410 to 0x3'ffff] { ro };
define block CSTACK with size = 2K, alignment = 8 { };
define block HEAP with size = 4K, alignment = 8 { };
"P3":  place in [from 0x1fff'e000 to 0x1fff'ffff] |
                [from 0x2000'0000 to 0x2000'5fff] {
          rw, block CSTACK, block HEAP };
"P5":  place in [from 0x400 to 0x40f] { section FlashConfig };
initialize by copy { rw };

No sections matched the following patterns:

  ro section application_specific_ro  in "P2|P4"
  rw section application_specific_rw  in "P2|P4"


  Section            Kind         Address    Size  Object
  -------            ----         -------    ----  ------
"A0":                                        0xc0
  .intvec            ro code          0x0    0xc0  startup_MKL46Z4.o [2]
                                   - 0xc0    0xc0

"P1", part 1 of 2:                          0x110
  .text              ro code         0xc0    0xe0  I32DivModFast.o [4]
  .text              ro code        0x1a0     0x2  startup_MKL46Z4.o [2]
  Initializer bytes  const          0x1a4    0x2c  <for P3 s0>
                                  - 0x1d0   0x110

"P5":                                        0x10
  FlashConfig        ro code        0x400    0x10  startup_MKL46Z4.o [2]
                                  - 0x410    0x10

"P1", part 2 of 2:                          0xd82
  .text              ro code        0x410   0x45c  Middleware.o [1]
  .text              ro code        0x86c    0xb8  queue.o [1]
  .text              ro code        0x924   0x1d2  Port.o [1]
  .text              ro code        0xaf8   0x124  UART.o [1]
  .text              ro code        0xc1c    0x38  GPIO.o [1]
  .text              ro code        0xc54   0x10c  PIT.o [1]
  .text              ro code        0xd60    0xbc  Flash.o [1]
  .text              ro code        0xe1c     0x2  IntDivZer.o [4]
  .text              ro code        0xe1e     0x2  startup_MKL46Z4.o [2]
  .text              ro code        0xe20   0x184  system_MKL46Z4.o [2]
  .text              ro code        0xfa4    0x3c  BootLoader.o [1]
  .text              ro code        0xfe0    0x3c  zero_init3.o [4]
  .text              ro code       0x101c    0x30  copy_init3.o [4]
  .text              ro code       0x104c    0x28  data_init.o [4]
  .text              ro code       0x1074    0x24  startup_MKL46Z4.o [2]
  .iar.init_table    const         0x1098    0x24  - Linker created -
  .text              ro code       0x10bc    0x1e  cmain.o [4]
  .text              ro code       0x10da     0x4  low_level_init.o [3]
  .text              ro code       0x10de     0x8  exit.o [3]
  .text              ro code       0x10e6     0x2  startup_MKL46Z4.o [2]
  .text              ro code       0x10e8     0xa  cexit.o [4]
  .text              ro code       0x10f2     0x2  startup_MKL46Z4.o [2]
  .text              ro code       0x10f4    0x14  exit.o [5]
  .text              ro code       0x1108    0x1c  cstartup_M.o [4]
  .text              ro code       0x1124     0x8  startup_MKL46Z4.o [2]
  .text              ro code       0x112c     0x8  startup_MKL46Z4.o [2]
  .text              ro code       0x1134     0x8  startup_MKL46Z4.o [2]
  .text              ro code       0x113c     0x8  startup_MKL46Z4.o [2]
  .text              ro code       0x1144     0x8  startup_MKL46Z4.o [2]
  .text              ro code       0x114c     0x8  startup_MKL46Z4.o [2]
  .text              ro code       0x1154     0x8  startup_MKL46Z4.o [2]
  .text              ro code       0x115c     0x8  startup_MKL46Z4.o [2]
  .text              ro code       0x1164     0x8  startup_MKL46Z4.o [2]
  .text              ro code       0x116c     0x8  startup_MKL46Z4.o [2]
  .text              ro code       0x1174     0x8  startup_MKL46Z4.o [2]
  .text              ro code       0x117c     0x8  startup_MKL46Z4.o [2]
  .rodata            const         0x1184     0x4  Middleware.o [1]
  .rodata            const         0x1188     0x4  Middleware.o [1]
  .rodata            const         0x118c     0x4  Middleware.o [1]
  .text              ro code       0x1190     0x2  startup_MKL46Z4.o [2]
  .rodata            const         0x1192     0x0  zero_init3.o [4]
  .rodata            const         0x1192     0x0  copy_init3.o [4]
                                 - 0x1192   0xd82

"P3", part 1 of 3:                           0x2c
  P3 s0                       0x1fff'e000    0x2c  <Init block>
    .data            inited   0x1fff'e000    0x10  Middleware.o [1]
    .data            inited   0x1fff'e010    0x10  Middleware.o [1]
    .data            inited   0x1fff'e020     0x8  Middleware.o [1]
    .data            inited   0x1fff'e028     0x4  system_MKL46Z4.o [2]
                            - 0x1fff'e02c    0x2c

"P3", part 2 of 3:                         0x1024
  .bss               zero     0x1fff'e02c   0x804  queue.o [1]
  .bss               zero     0x1fff'e830   0x400  Middleware.o [1]
  .bss               zero     0x1fff'ec30   0x400  Middleware.o [1]
  .bss               zero     0x1fff'f030     0x8  Middleware.o [1]
  .bss               zero     0x1fff'f038     0x4  Middleware.o [1]
  .bss               zero     0x1fff'f03c     0x4  Middleware.o [1]
  .bss               zero     0x1fff'f040     0x4  Middleware.o [1]
  .bss               zero     0x1fff'f044     0x4  Middleware.o [1]
  .bss               zero     0x1fff'f048     0x4  PIT.o [1]
  .bss               zero     0x1fff'f04c     0x4  UART.o [1]
                            - 0x1fff'f050  0x1024

"P3", part 3 of 3:                          0x800
  CSTACK                      0x1fff'f050   0x800  <Block>
    CSTACK           uninit   0x1fff'f050   0x800  <Block tail>
                            - 0x1fff'f850   0x800

Unused ranges:

         From           To      Size
         ----           --      ----
        0x1d0        0x3ff     0x230
       0x1192     0x3'ffff  0x3'ee6e
  0x1fff'f850  0x1fff'ffff     0x7b0
  0x2000'0000  0x2000'5fff    0x6000


*******************************************************************************
*** INIT TABLE
***

          Address      Size
          -------      ----
Zero (__iar_zero_init3)
    1 destination range, total size 0x1024:
          0x1fff'e02c  0x1024

Copy (__iar_copy_init3)
    1 source range, total size 0x2c:
                0x1a4    0x2c
    1 destination range, total size 0x2c:
          0x1fff'e000    0x2c



*******************************************************************************
*** MODULE SUMMARY
***

    Module             ro code  ro data  rw data
    ------             -------  -------  -------
command line/config:
    --------------------------------------------
    Total:

D:\Study\Github\Mock-2_Team-1_Class_HN23_FRF_EMB_01\Mock-2_Team-1_Class_HN23_FRF_EMB_01\BootLoader\Debug\Obj\source: [1]
    BootLoader.o            60
    Flash.o                188
    GPIO.o                  56
    Middleware.o         1'116       52    2'112
    PIT.o                  268                 4
    Port.o                 466
    UART.o                 292                 4
    queue.o                184             2'052
    --------------------------------------------
    Total:               2'630       52    4'172

D:\Study\Github\Mock-2_Team-1_Class_HN23_FRF_EMB_01\Mock-2_Team-1_Class_HN23_FRF_EMB_01\BootLoader\Debug\Obj\startup: [2]
    startup_MKL46Z4.o      350
    system_MKL46Z4.o       388        4        4
    --------------------------------------------
    Total:                 738        4        4

dl6M_tln.a: [3]
    exit.o                   8
    low_level_init.o         4
    --------------------------------------------
    Total:                  12

rt6M_tl.a: [4]
    I32DivModFast.o        224
    IntDivZer.o              2
    cexit.o                 10
    cmain.o                 30
    copy_init3.o            48
    cstartup_M.o            28
    data_init.o             40
    zero_init3.o            60
    --------------------------------------------
    Total:                 442

shb_l.a: [5]
    exit.o                  20
    --------------------------------------------
    Total:                  20

    Gaps                     2
    Linker created                   38    2'048
------------------------------------------------
    Grand Total:         3'844       94    6'224


*******************************************************************************
*** ENTRY LIST
***

Entry                       Address   Size  Type      Object
-----                       -------   ----  ----      ------
.iar.init_table$$Base        0x1098          --   Gb  - Linker created -
.iar.init_table$$Limit       0x10bc          --   Gb  - Linker created -
?main                        0x10bd         Code  Gb  cmain.o [4]
ADC0_IRQHandler              0x117d         Code  Wk  startup_MKL46Z4.o [2]
Address                 0x1fff'f038    0x4  Data  Gb  Middleware.o [1]
BTN1_Config                   0x6a5   0x2c  Code  Gb  Middleware.o [1]
ByteCount               0x1fff'f040    0x4  Data  Gb  Middleware.o [1]
CMP0_IRQHandler              0x117d         Code  Wk  startup_MKL46Z4.o [2]
CSTACK$$Base            0x1fff'f050          --   Gb  - Linker created -
CSTACK$$Limit           0x1fff'f850          --   Gb  - Linker created -
ChartoHex                     0x78d   0x26  Code  Gb  Middleware.o [1]
Copy_Vector_Table_SetVTOR
                              0x683   0x22  Code  Gb  Middleware.o [1]
DAC0_IRQHandler              0x117d         Code  Wk  startup_MKL46Z4.o [2]
DMA0_DriverIRQHandler        0x117d         Code  Wk  startup_MKL46Z4.o [2]
DMA0_IRQHandler              0x1125         Code  Wk  startup_MKL46Z4.o [2]
DMA1_DriverIRQHandler        0x117d         Code  Wk  startup_MKL46Z4.o [2]
DMA1_IRQHandler              0x112d         Code  Wk  startup_MKL46Z4.o [2]
DMA2_DriverIRQHandler        0x117d         Code  Wk  startup_MKL46Z4.o [2]
DMA2_IRQHandler              0x1135         Code  Wk  startup_MKL46Z4.o [2]
DMA3_DriverIRQHandler        0x117d         Code  Wk  startup_MKL46Z4.o [2]
DMA3_IRQHandler              0x113d         Code  Wk  startup_MKL46Z4.o [2]
Data                    0x1fff'f03c    0x4  Data  Gb  Middleware.o [1]
DataByteCount           0x1fff'f044    0x4  Data  Gb  Middleware.o [1]
DataShift               0x1fff'e020    0x8  Data  Gb  Middleware.o [1]
DefaultISR                   0x117d         Code  Wk  startup_MKL46Z4.o [2]
FTFA_IRQHandler              0x117d         Code  Wk  startup_MKL46Z4.o [2]
FirmwaretoFlash               0x7b3   0x54  Code  Gb  Middleware.o [1]
FlagCheck               0x1fff'f030    0x8  Data  Gb  Middleware.o [1]
Flash_EraseSector             0xdad   0x36  Code  Gb  Flash.o [1]
Flash_IsReady                 0xde3    0xc  Code  Gb  Flash.o [1]
Flash_WriteWord               0xd61   0x4c  Code  Gb  Flash.o [1]
GPIO_Init                     0xc1d   0x38  Code  Gb  GPIO.o [1]
HardFault_Handler             0xe1f         Code  Wk  startup_MKL46Z4.o [2]
I2C0_DriverIRQHandler        0x117d         Code  Wk  startup_MKL46Z4.o [2]
I2C0_IRQHandler              0x1145         Code  Wk  startup_MKL46Z4.o [2]
I2C1_DriverIRQHandler        0x117d         Code  Wk  startup_MKL46Z4.o [2]
I2C1_IRQHandler              0x114d         Code  Wk  startup_MKL46Z4.o [2]
I2S0_DriverIRQHandler        0x117d         Code  Wk  startup_MKL46Z4.o [2]
I2S0_IRQHandler              0x1175         Code  Wk  startup_MKL46Z4.o [2]
LCD_IRQHandler               0x117d         Code  Wk  startup_MKL46Z4.o [2]
LLWU_IRQHandler              0x117d         Code  Wk  startup_MKL46Z4.o [2]
LPTMR0_IRQHandler            0x117d         Code  Wk  startup_MKL46Z4.o [2]
LVD_LVW_IRQHandler           0x117d         Code  Wk  startup_MKL46Z4.o [2]
MCG_IRQHandler               0x117d         Code  Wk  startup_MKL46Z4.o [2]
NMI_Handler                   0x1a1         Code  Wk  startup_MKL46Z4.o [2]
NVIC_ClearPendingIRQ          0x933    0xe  Code  Lc  Port.o [1]
NVIC_EnableIRQ                0x411    0xe  Code  Lc  Middleware.o [1]
NVIC_EnableIRQ                0x925    0xe  Code  Lc  Port.o [1]
NVIC_SetPriority              0x41f   0x72  Code  Lc  Middleware.o [1]
NVIC_SetPriority              0x941   0x72  Code  Lc  Port.o [1]
PIT_ClearInterruptFlag        0xd27   0x1a  Code  Lc  PIT.o [1]
PIT_Config_5s                 0x6e5   0x18  Code  Gb  Middleware.o [1]
PIT_IRQHandler                0xcf1   0x36  Code  Gb  PIT.o [1]
PIT_Init                      0xc55   0x9c  Code  Gb  PIT.o [1]
PORTA_IRQHandler             0x117d         Code  Wk  startup_MKL46Z4.o [2]
PORTC_PORTD_IRQHandler        0x637   0x4c  Code  Gb  Middleware.o [1]
PORT_EXTI_ClearFlag           0xad1   0x26  Code  Gb  Port.o [1]
PORT_EXTI_Config              0xaa9   0x28  Code  Gb  Port.o [1]
PORT_Init                     0x9b3   0xde  Code  Gb  Port.o [1]
PendSV_Handler               0x10f3         Code  Wk  startup_MKL46Z4.o [2]
READ_BTN1                     0x6d1    0xe  Code  Gb  Middleware.o [1]
RTC_IRQHandler               0x117d         Code  Wk  startup_MKL46Z4.o [2]
RTC_Seconds_IRQHandler       0x117d         Code  Wk  startup_MKL46Z4.o [2]
Region$$Table$$Base          0x1098          --   Gb  - Linker created -
Region$$Table$$Limit         0x10bc          --   Gb  - Linker created -
Reserved20_IRQHandler        0x117d         Code  Wk  startup_MKL46Z4.o [2]
Reset_Handler                0x1075         Code  Wk  startup_MKL46Z4.o [2]
SPI0_DriverIRQHandler        0x117d         Code  Wk  startup_MKL46Z4.o [2]
SPI0_IRQHandler              0x1155         Code  Wk  startup_MKL46Z4.o [2]
SPI1_DriverIRQHandler        0x117d         Code  Wk  startup_MKL46Z4.o [2]
SPI1_IRQHandler              0x115d         Code  Wk  startup_MKL46Z4.o [2]
SVC_Handler                  0x10e7         Code  Wk  startup_MKL46Z4.o [2]
SysTick_Handler              0x1191         Code  Wk  startup_MKL46Z4.o [2]
SystemCoreClock         0x1fff'e028    0x4  Data  Gb  system_MKL46Z4.o [2]
SystemCoreClockUpdate         0xe29  0x146  Code  Gb  system_MKL46Z4.o [2]
SystemInit                    0xe21    0x8  Code  Gb  system_MKL46Z4.o [2]
TPM0_IRQHandler              0x117d         Code  Wk  startup_MKL46Z4.o [2]
TPM1_IRQHandler              0x117d         Code  Wk  startup_MKL46Z4.o [2]
TPM2_IRQHandler              0x117d         Code  Wk  startup_MKL46Z4.o [2]
TSI0_IRQHandler              0x117d         Code  Wk  startup_MKL46Z4.o [2]
UART0_DriverIRQHandler       0x117d         Code  Wk  startup_MKL46Z4.o [2]
UART0_IRQHandler              0xbb5   0x1a  Code  Gb  UART.o [1]
UART1_DriverIRQHandler       0x117d         Code  Wk  startup_MKL46Z4.o [2]
UART1_IRQHandler             0x1165         Code  Wk  startup_MKL46Z4.o [2]
UART2_DriverIRQHandler       0x117d         Code  Wk  startup_MKL46Z4.o [2]
UART2_IRQHandler             0x116d         Code  Wk  startup_MKL46Z4.o [2]
UART_Init                     0xaf9   0xbc  Code  Gb  UART.o [1]
UART_SendChar                 0xbcf   0x28  Code  Gb  UART.o [1]
UART_User_Config              0x709   0x78  Code  Gb  Middleware.o [1]
USB0_IRQHandler              0x117d         Code  Wk  startup_MKL46Z4.o [2]
UserConfig_PIT          0x1fff'e000   0x10  Data  Gb  Middleware.o [1]
UserConfig_PortA1            0x1184    0x4  Data  Gb  Middleware.o [1]
UserConfig_PortA2            0x1188    0x4  Data  Gb  Middleware.o [1]
UserConfig_PortC3            0x118c    0x4  Data  Gb  Middleware.o [1]
Userconfig_UART         0x1fff'e010   0x10  Data  Gb  Middleware.o [1]
__Vectors                       0x0          --   Gb  startup_MKL46Z4.o [2]
__Vectors_End                  0xc0         Data  Gb  startup_MKL46Z4.o [2]
__Vectors_Size {Abs}           0xc0          --   Gb  startup_MKL46Z4.o [2]
__aeabi_idiv                   0xed         Code  Gb  I32DivModFast.o [4]
__aeabi_idiv0                 0xe1d         Code  Gb  IntDivZer.o [4]
__aeabi_idivmod                0xed         Code  Gb  I32DivModFast.o [4]
__aeabi_uidiv                  0xf3         Code  Gb  I32DivModFast.o [4]
__aeabi_uidivmod               0xf3         Code  Gb  I32DivModFast.o [4]
__cmain                      0x10bd         Code  Gb  cmain.o [4]
__exit                       0x10f5   0x14  Code  Gb  exit.o [5]
__iar_copy_init3             0x101d   0x30  Code  Gb  copy_init3.o [4]
__iar_data_init3             0x104d   0x28  Code  Gb  data_init.o [4]
__iar_program_start          0x1109         Code  Gb  cstartup_M.o [4]
__iar_zero_init3              0xfe1   0x3c  Code  Gb  zero_init3.o [4]
__low_level_init             0x10db    0x4  Code  Gb  low_level_init.o [3]
__vector_table                  0x0         Data  Gb  startup_MKL46Z4.o [2]
__vector_table_0x1c            0x1c         Data  Gb  startup_MKL46Z4.o [2]
_call_main                   0x10c9         Code  Gb  cmain.o [4]
_exit                        0x10e9         Code  Gb  cexit.o [4]
address                 0x1fff'ec30  0x400  Data  Gb  Middleware.o [1]
data                    0x1fff'e830  0x400  Data  Gb  Middleware.o [1]
dequeue                       0x8e3   0x38  Code  Gb  queue.o [1]
enqueue                       0x8b9   0x2a  Code  Gb  queue.o [1]
exit                         0x10df    0x8  Code  Gb  exit.o [3]
initQueue                     0x86d   0x10  Code  Gb  queue.o [1]
isQueueEmpty                  0x87d   0x1c  Code  Gb  queue.o [1]
isQueueFull                   0x899   0x20  Code  Gb  queue.o [1]
main                          0xfa5   0x3c  Code  Gb  BootLoader.o [1]
myTimer_Handler               0x491    0x2  Code  Lc  Middleware.o [1]
myUART_Handler                0x493  0x1a4  Code  Lc  Middleware.o [1]
q                       0x1fff'e02c  0x804  Data  Lc  queue.o [1]
sCallback_PIT           0x1fff'f048    0x4  Data  Lc  PIT.o [1]
sCallback_UART          0x1fff'f04c    0x4  Data  Lc  UART.o [1]


[1] = D:\Study\Github\Mock-2_Team-1_Class_HN23_FRF_EMB_01\Mock-2_Team-1_Class_HN23_FRF_EMB_01\BootLoader\Debug\Obj\source
[2] = D:\Study\Github\Mock-2_Team-1_Class_HN23_FRF_EMB_01\Mock-2_Team-1_Class_HN23_FRF_EMB_01\BootLoader\Debug\Obj\startup
[3] = dl6M_tln.a
[4] = rt6M_tl.a
[5] = shb_l.a

  3'844 bytes of readonly  code memory
     94 bytes of readonly  data memory
  6'224 bytes of readwrite data memory

Errors: none
Warnings: none
