###############################################################################
#
# IAR ELF Linker V9.32.2.340/W64 for ARM                  01/Jun/2023  19:45:22
# Copyright 2007-2023 IAR Systems AB.
#
#    Output file  =
#        D:\Study\Github\Mock-2_Team-1_Class_HN23_FRF_EMB_01\Mock-2_Team-1_Class_HN23_FRF_EMB_01\BootLoader\Debug\Exe\BootLoader.out
#    Map file     =
#        D:\Study\Github\Mock-2_Team-1_Class_HN23_FRF_EMB_01\Mock-2_Team-1_Class_HN23_FRF_EMB_01\BootLoader\Debug\List\BootLoader.map
#    Command line =
#        -f
#        D:\Study\Github\Mock-2_Team-1_Class_HN23_FRF_EMB_01\Mock-2_Team-1_Class_HN23_FRF_EMB_01\BootLoader\Debug\Exe\BootLoader.out.rsp
#        (D:\Study\Github\Mock-2_Team-1_Class_HN23_FRF_EMB_01\Mock-2_Team-1_Class_HN23_FRF_EMB_01\BootLoader\Debug\Obj\source\BootLoader.o
#        D:\Study\Github\Mock-2_Team-1_Class_HN23_FRF_EMB_01\Mock-2_Team-1_Class_HN23_FRF_EMB_01\BootLoader\Debug\Obj\source\Flash.o
#        D:\Study\Github\Mock-2_Team-1_Class_HN23_FRF_EMB_01\Mock-2_Team-1_Class_HN23_FRF_EMB_01\BootLoader\Debug\Obj\source\GPIO.o
#        D:\Study\Github\Mock-2_Team-1_Class_HN23_FRF_EMB_01\Mock-2_Team-1_Class_HN23_FRF_EMB_01\BootLoader\Debug\Obj\source\Middleware.o
#        D:\Study\Github\Mock-2_Team-1_Class_HN23_FRF_EMB_01\Mock-2_Team-1_Class_HN23_FRF_EMB_01\BootLoader\Debug\Obj\source\PIT.o
#        D:\Study\Github\Mock-2_Team-1_Class_HN23_FRF_EMB_01\Mock-2_Team-1_Class_HN23_FRF_EMB_01\BootLoader\Debug\Obj\source\Port.o
#        D:\Study\Github\Mock-2_Team-1_Class_HN23_FRF_EMB_01\Mock-2_Team-1_Class_HN23_FRF_EMB_01\BootLoader\Debug\Obj\source\queue.o
#        D:\Study\Github\Mock-2_Team-1_Class_HN23_FRF_EMB_01\Mock-2_Team-1_Class_HN23_FRF_EMB_01\BootLoader\Debug\Obj\startup\startup_MKL46Z4.o
#        D:\Study\Github\Mock-2_Team-1_Class_HN23_FRF_EMB_01\Mock-2_Team-1_Class_HN23_FRF_EMB_01\BootLoader\Debug\Obj\startup\system_MKL46Z4.o
#        D:\Study\Github\Mock-2_Team-1_Class_HN23_FRF_EMB_01\Mock-2_Team-1_Class_HN23_FRF_EMB_01\BootLoader\Debug\Obj\source\UART.o
#        --no_out_extension -o
#        D:\Study\Github\Mock-2_Team-1_Class_HN23_FRF_EMB_01\Mock-2_Team-1_Class_HN23_FRF_EMB_01\BootLoader\Debug\Exe\BootLoader.out
#        --map
#        D:\Study\Github\Mock-2_Team-1_Class_HN23_FRF_EMB_01\Mock-2_Team-1_Class_HN23_FRF_EMB_01\BootLoader\Debug\List\BootLoader.map
#        --config "C:\Program Files\IAR Systems\Embedded Workbench
#        9.1\arm/config/linker/NXP/MKL46Z256xxx4.icf" --semihosting --entry
#        __iar_program_start --vfe --text_out locale --cpu=Cortex-M0+
#        --fpu=None)
#
###############################################################################

*******************************************************************************
*** RUNTIME MODEL ATTRIBUTES
***

CppFlavor       = *
__CPP_Runtime   = 1
__SystemLibrary = DLib
__dlib_version  = 6


*******************************************************************************
*** HEAP SELECTION
***

The basic heap was selected because --advanced_heap
was not specified and the application did not appear to
be primarily optimized for speed.


*******************************************************************************
*** PLACEMENT SUMMARY
***

"A0":  place at address 0x0 { ro section .intvec };
"P1":  place in [from 0x0 to 0x3ff] |
                [from 0x410 to 0x3'ffff] { ro };
define block CSTACK with size = 2K, alignment = 8 { };
define block HEAP with size = 4K, alignment = 8 { };
"P3":  place in [from 0x1fff'e000 to 0x1fff'ffff] |
                [from 0x2000'0000 to 0x2000'5fff] {
          rw, block CSTACK, block HEAP };
"P5":  place in [from 0x400 to 0x40f] { section FlashConfig };
initialize by copy { rw };

No sections matched the following patterns:

  ro section application_specific_ro  in "P2|P4"
  rw section application_specific_rw  in "P2|P4"


  Section            Kind         Address   Size  Object
  -------            ----         -------   ----  ------
"A0":                                       0xc0
  .intvec            ro code          0x0   0xc0  startup_MKL46Z4.o [2]
                                   - 0xc0   0xc0

"P1", part 1 of 2:                         0x13c
  .text              ro code         0xc0   0x9c  queue.o [1]
  .text              ro code        0x15c    0x2  startup_MKL46Z4.o [2]
  .text              ro code        0x15e   0x38  GPIO.o [1]
  .text              ro code        0x196    0x2  startup_MKL46Z4.o [2]
  .text              ro code        0x198    0x2  IntDivZer.o [4]
  .text              ro code        0x19a    0x2  startup_MKL46Z4.o [2]
  .text              ro code        0x19c   0x3c  zero_init3.o [4]
  Initializer bytes  const          0x1d8   0x24  <for P3 s0>
                                  - 0x1fc  0x13c

"P5":                                       0x10
  FlashConfig        ro code        0x400   0x10  startup_MKL46Z4.o [2]
                                  - 0x410   0x10

"P1", part 2 of 2:                         0xb24
  .text              ro code        0x410  0x274  Middleware.o [1]
  .text              ro code        0x684  0x1d2  Port.o [1]
  .text              ro code        0x858  0x124  UART.o [1]
  .text              ro code        0x97c  0x10c  PIT.o [1]
  .text              ro code        0xa88  0x184  system_MKL46Z4.o [2]
  .text              ro code        0xc0c   0xae  I32DivModFast.o [4]
  .text              ro code        0xcbc   0xa8  Flash.o [1]
  .text              ro code        0xd64   0x54  BootLoader.o [1]
  .text              ro code        0xdb8   0x30  copy_init3.o [4]
  .text              ro code        0xde8   0x28  data_init.o [4]
  .text              ro code        0xe10   0x24  startup_MKL46Z4.o [2]
  .iar.init_table    const          0xe34   0x24  - Linker created -
  .text              ro code        0xe58   0x1e  cmain.o [4]
  .text              ro code        0xe76    0x4  low_level_init.o [3]
  .text              ro code        0xe7a    0x8  exit.o [3]
  .text              ro code        0xe82    0x2  startup_MKL46Z4.o [2]
  .text              ro code        0xe84    0xa  cexit.o [4]
  .text              ro code        0xe8e    0x2  startup_MKL46Z4.o [2]
  .text              ro code        0xe90   0x14  exit.o [5]
  .text              ro code        0xea4   0x1c  cstartup_M.o [4]
  .text              ro code        0xec0    0x8  startup_MKL46Z4.o [2]
  .text              ro code        0xec8    0x8  startup_MKL46Z4.o [2]
  .text              ro code        0xed0    0x8  startup_MKL46Z4.o [2]
  .text              ro code        0xed8    0x8  startup_MKL46Z4.o [2]
  .text              ro code        0xee0    0x8  startup_MKL46Z4.o [2]
  .text              ro code        0xee8    0x8  startup_MKL46Z4.o [2]
  .text              ro code        0xef0    0x8  startup_MKL46Z4.o [2]
  .text              ro code        0xef8    0x8  startup_MKL46Z4.o [2]
  .text              ro code        0xf00    0x8  startup_MKL46Z4.o [2]
  .text              ro code        0xf08    0x8  startup_MKL46Z4.o [2]
  .text              ro code        0xf10    0x8  startup_MKL46Z4.o [2]
  .text              ro code        0xf18    0x8  startup_MKL46Z4.o [2]
  .rodata            const          0xf20    0x4  Middleware.o [1]
  .rodata            const          0xf24    0x4  Middleware.o [1]
  .rodata            const          0xf28    0x4  Middleware.o [1]
  .rodata            const          0xf2c    0x4  Middleware.o [1]
  .rodata            const          0xf30    0x4  Middleware.o [1]
  .rodata            const          0xf34    0x0  zero_init3.o [4]
  .rodata            const          0xf34    0x0  copy_init3.o [4]
                                  - 0xf34  0xb24

"P3", part 1 of 3:                          0x24
  P3 s0                       0x1fff'e000   0x24  <Init block>
    .data            inited   0x1fff'e000   0x10  Middleware.o [1]
    .data            inited   0x1fff'e010   0x10  Middleware.o [1]
    .data            inited   0x1fff'e020    0x4  system_MKL46Z4.o [2]
                            - 0x1fff'e024   0x24

"P3", part 2 of 3:                         0x10c
  .bss               zero     0x1fff'e024  0x104  queue.o [1]
  .bss               zero     0x1fff'e128    0x4  PIT.o [1]
  .bss               zero     0x1fff'e12c    0x4  UART.o [1]
                            - 0x1fff'e130  0x10c

"P3", part 3 of 3:                         0x800
  CSTACK                      0x1fff'e130  0x800  <Block>
    CSTACK           uninit   0x1fff'e130  0x800  <Block tail>
                            - 0x1fff'e930  0x800

Unused ranges:

         From           To      Size
         ----           --      ----
        0x1fc        0x3ff     0x204
        0xf34     0x3'ffff  0x3'f0cc
  0x1fff'e930  0x1fff'ffff    0x16d0
  0x2000'0000  0x2000'5fff    0x6000


*******************************************************************************
*** INIT TABLE
***

          Address      Size
          -------      ----
Zero (__iar_zero_init3)
    1 destination range, total size 0x10c:
          0x1fff'e024  0x10c

Copy (__iar_copy_init3)
    1 source range, total size 0x24:
                0x1d8   0x24
    1 destination range, total size 0x24:
          0x1fff'e000   0x24



*******************************************************************************
*** MODULE SUMMARY
***

    Module             ro code  ro data  rw data
    ------             -------  -------  -------
command line/config:
    --------------------------------------------
    Total:

D:\Study\Github\Mock-2_Team-1_Class_HN23_FRF_EMB_01\Mock-2_Team-1_Class_HN23_FRF_EMB_01\BootLoader\Debug\Obj\source: [1]
    BootLoader.o            84
    Flash.o                168
    GPIO.o                  56
    Middleware.o           628       52       32
    PIT.o                  268                 4
    Port.o                 466
    UART.o                 292                 4
    queue.o                156               260
    --------------------------------------------
    Total:               2'118       52      300

D:\Study\Github\Mock-2_Team-1_Class_HN23_FRF_EMB_01\Mock-2_Team-1_Class_HN23_FRF_EMB_01\BootLoader\Debug\Obj\startup: [2]
    startup_MKL46Z4.o      350
    system_MKL46Z4.o       388        4        4
    --------------------------------------------
    Total:                 738        4        4

dl6M_tln.a: [3]
    exit.o                   8
    low_level_init.o         4
    --------------------------------------------
    Total:                  12

rt6M_tl.a: [4]
    I32DivModFast.o        174
    IntDivZer.o              2
    cexit.o                 10
    cmain.o                 30
    copy_init3.o            48
    cstartup_M.o            28
    data_init.o             40
    zero_init3.o            60
    --------------------------------------------
    Total:                 392

shb_l.a: [5]
    exit.o                  20
    --------------------------------------------
    Total:                  20

    Gaps                     4
    Linker created                   36    2'048
------------------------------------------------
    Grand Total:         3'284       92    2'352


*******************************************************************************
*** ENTRY LIST
***

Entry                       Address   Size  Type      Object
-----                       -------   ----  ----      ------
.iar.init_table$$Base         0xe34          --   Gb  - Linker created -
.iar.init_table$$Limit        0xe58          --   Gb  - Linker created -
?main                         0xe59         Code  Gb  cmain.o [4]
ADC0_IRQHandler               0xf19         Code  Wk  startup_MKL46Z4.o [2]
BLUE_LED_Config               0x521   0x24  Code  Gb  Middleware.o [1]
BTN1_Config                   0x545   0x2c  Code  Gb  Middleware.o [1]
CMP0_IRQHandler               0xf19         Code  Wk  startup_MKL46Z4.o [2]
CSTACK$$Base            0x1fff'e130          --   Gb  - Linker created -
CSTACK$$Limit           0x1fff'e930          --   Gb  - Linker created -
Copy_Vector_Table_SetVTOR
                              0x4db   0x22  Code  Gb  Middleware.o [1]
DAC0_IRQHandler               0xf19         Code  Wk  startup_MKL46Z4.o [2]
DMA0_DriverIRQHandler         0xf19         Code  Wk  startup_MKL46Z4.o [2]
DMA0_IRQHandler               0xec1         Code  Wk  startup_MKL46Z4.o [2]
DMA1_DriverIRQHandler         0xf19         Code  Wk  startup_MKL46Z4.o [2]
DMA1_IRQHandler               0xec9         Code  Wk  startup_MKL46Z4.o [2]
DMA2_DriverIRQHandler         0xf19         Code  Wk  startup_MKL46Z4.o [2]
DMA2_IRQHandler               0xed1         Code  Wk  startup_MKL46Z4.o [2]
DMA3_DriverIRQHandler         0xf19         Code  Wk  startup_MKL46Z4.o [2]
DMA3_IRQHandler               0xed9         Code  Wk  startup_MKL46Z4.o [2]
DefaultISR                    0xf19         Code  Wk  startup_MKL46Z4.o [2]
FTFA_IRQHandler               0xf19         Code  Wk  startup_MKL46Z4.o [2]
Flash_EraseSector             0xd01   0x36  Code  Gb  Flash.o [1]
Flash_WriteWord               0xcbd   0x44  Code  Gb  Flash.o [1]
GPIO_Init                     0x15f   0x38  Code  Gb  GPIO.o [1]
HardFault_Handler             0x197         Code  Wk  startup_MKL46Z4.o [2]
I2C0_DriverIRQHandler         0xf19         Code  Wk  startup_MKL46Z4.o [2]
I2C0_IRQHandler               0xee1         Code  Wk  startup_MKL46Z4.o [2]
I2C1_DriverIRQHandler         0xf19         Code  Wk  startup_MKL46Z4.o [2]
I2C1_IRQHandler               0xee9         Code  Wk  startup_MKL46Z4.o [2]
I2S0_DriverIRQHandler         0xf19         Code  Wk  startup_MKL46Z4.o [2]
I2S0_IRQHandler               0xf11         Code  Wk  startup_MKL46Z4.o [2]
LCD_IRQHandler                0xf19         Code  Wk  startup_MKL46Z4.o [2]
LLWU_IRQHandler               0xf19         Code  Wk  startup_MKL46Z4.o [2]
LPTMR0_IRQHandler             0xf19         Code  Wk  startup_MKL46Z4.o [2]
LVD_LVW_IRQHandler            0xf19         Code  Wk  startup_MKL46Z4.o [2]
MCG_IRQHandler                0xf19         Code  Wk  startup_MKL46Z4.o [2]
NMI_Handler                   0x15d         Code  Wk  startup_MKL46Z4.o [2]
NVIC_ClearPendingIRQ          0x693    0xe  Code  Lc  Port.o [1]
NVIC_EnableIRQ                0x411    0xe  Code  Lc  Middleware.o [1]
NVIC_EnableIRQ                0x685    0xe  Code  Lc  Port.o [1]
NVIC_SetPriority              0x41f   0x72  Code  Lc  Middleware.o [1]
NVIC_SetPriority              0x6a1   0x72  Code  Lc  Port.o [1]
PIT_ClearInterruptFlag        0xa4f   0x1a  Code  Lc  PIT.o [1]
PIT_Config_5s                 0x57f   0x18  Code  Gb  Middleware.o [1]
PIT_IRQHandler                0xa19   0x36  Code  Gb  PIT.o [1]
PIT_Init                      0x97d   0x9c  Code  Gb  PIT.o [1]
PORTA_IRQHandler              0xf19         Code  Wk  startup_MKL46Z4.o [2]
PORTC_PORTD_IRQHandler        0x4a1   0x3a  Code  Gb  Middleware.o [1]
PORT_EXTI_ClearFlag           0x831   0x26  Code  Gb  Port.o [1]
PORT_EXTI_Config              0x809   0x28  Code  Gb  Port.o [1]
PORT_Init                     0x713   0xde  Code  Gb  Port.o [1]
PendSV_Handler                0xe83         Code  Wk  startup_MKL46Z4.o [2]
READ_BTN1                     0x571    0xe  Code  Gb  Middleware.o [1]
RED_LED_Config                0x4fd   0x24  Code  Gb  Middleware.o [1]
RTC_IRQHandler                0xf19         Code  Wk  startup_MKL46Z4.o [2]
RTC_Seconds_IRQHandler        0xf19         Code  Wk  startup_MKL46Z4.o [2]
Region$$Table$$Base           0xe34          --   Gb  - Linker created -
Region$$Table$$Limit          0xe58          --   Gb  - Linker created -
Reserved20_IRQHandler         0xf19         Code  Wk  startup_MKL46Z4.o [2]
Reset_Handler                 0xe11         Code  Wk  startup_MKL46Z4.o [2]
SPI0_DriverIRQHandler         0xf19         Code  Wk  startup_MKL46Z4.o [2]
SPI0_IRQHandler               0xef1         Code  Wk  startup_MKL46Z4.o [2]
SPI1_DriverIRQHandler         0xf19         Code  Wk  startup_MKL46Z4.o [2]
SPI1_IRQHandler               0xef9         Code  Wk  startup_MKL46Z4.o [2]
SVC_Handler                   0x19b         Code  Wk  startup_MKL46Z4.o [2]
SysTick_Handler               0xe8f         Code  Wk  startup_MKL46Z4.o [2]
SystemCoreClock         0x1fff'e020    0x4  Data  Gb  system_MKL46Z4.o [2]
SystemCoreClockUpdate         0xa91  0x146  Code  Gb  system_MKL46Z4.o [2]
SystemInit                    0xa89    0x8  Code  Gb  system_MKL46Z4.o [2]
TPM0_IRQHandler               0xf19         Code  Wk  startup_MKL46Z4.o [2]
TPM1_IRQHandler               0xf19         Code  Wk  startup_MKL46Z4.o [2]
TPM2_IRQHandler               0xf19         Code  Wk  startup_MKL46Z4.o [2]
TSI0_IRQHandler               0xf19         Code  Wk  startup_MKL46Z4.o [2]
UART0_DriverIRQHandler        0xf19         Code  Wk  startup_MKL46Z4.o [2]
UART0_IRQHandler              0x915   0x1a  Code  Gb  UART.o [1]
UART1_DriverIRQHandler        0xf19         Code  Wk  startup_MKL46Z4.o [2]
UART1_IRQHandler              0xf01         Code  Wk  startup_MKL46Z4.o [2]
UART2_DriverIRQHandler        0xf19         Code  Wk  startup_MKL46Z4.o [2]
UART2_IRQHandler              0xf09         Code  Wk  startup_MKL46Z4.o [2]
UART_Init                     0x859   0xbc  Code  Gb  UART.o [1]
UART_SendChar                 0x92f   0x28  Code  Gb  UART.o [1]
UART_User_Config              0x597   0x78  Code  Gb  Middleware.o [1]
USB0_IRQHandler               0xf19         Code  Wk  startup_MKL46Z4.o [2]
UserConfig_PIT          0x1fff'e000   0x10  Data  Gb  Middleware.o [1]
UserConfig_PortA1             0xf20    0x4  Data  Gb  Middleware.o [1]
UserConfig_PortA2             0xf24    0x4  Data  Gb  Middleware.o [1]
UserConfig_PortC3             0xf28    0x4  Data  Gb  Middleware.o [1]
UserConfig_PortD5             0xf2c    0x4  Data  Gb  Middleware.o [1]
UserConfig_PortE29            0xf30    0x4  Data  Gb  Middleware.o [1]
Userconfig_UART         0x1fff'e010   0x10  Data  Gb  Middleware.o [1]
__Vectors                       0x0          --   Gb  startup_MKL46Z4.o [2]
__Vectors_End                  0xc0         Data  Gb  startup_MKL46Z4.o [2]
__Vectors_Size {Abs}           0xc0          --   Gb  startup_MKL46Z4.o [2]
__aeabi_idiv0                 0x199         Code  Gb  IntDivZer.o [4]
__aeabi_uidiv                 0xc0d         Code  Gb  I32DivModFast.o [4]
__aeabi_uidivmod              0xc0d         Code  Gb  I32DivModFast.o [4]
__cmain                       0xe59         Code  Gb  cmain.o [4]
__exit                        0xe91   0x14  Code  Gb  exit.o [5]
__iar_copy_init3              0xdb9   0x30  Code  Gb  copy_init3.o [4]
__iar_data_init3              0xde9   0x28  Code  Gb  data_init.o [4]
__iar_program_start           0xea5         Code  Gb  cstartup_M.o [4]
__iar_zero_init3              0x19d   0x3c  Code  Gb  zero_init3.o [4]
__low_level_init              0xe77    0x4  Code  Gb  low_level_init.o [3]
__vector_table                  0x0         Data  Gb  startup_MKL46Z4.o [2]
__vector_table_0x1c            0x1c         Data  Gb  startup_MKL46Z4.o [2]
_call_main                    0xe65         Code  Gb  cmain.o [4]
_exit                         0xe85         Code  Gb  cexit.o [4]
dequeue                       0x133   0x24  Code  Gb  queue.o [1]
enqueue                       0x113   0x20  Code  Gb  queue.o [1]
exit                          0xe7b    0x8  Code  Gb  exit.o [3]
initQueue                      0xc1   0x12  Code  Gb  queue.o [1]
isQueueEmpty                   0xd3   0x1e  Code  Gb  queue.o [1]
isQueueFull                    0xf1   0x22  Code  Gb  queue.o [1]
main                          0xd65   0x54  Code  Gb  BootLoader.o [1]
myTimer_Handler               0x491    0x2  Code  Lc  Middleware.o [1]
myUART_Handler                0x493    0xe  Code  Lc  Middleware.o [1]
q                       0x1fff'e024  0x104  Data  Lc  queue.o [1]
sCallback_PIT           0x1fff'e128    0x4  Data  Lc  PIT.o [1]
sCallback_UART          0x1fff'e12c    0x4  Data  Lc  UART.o [1]


[1] = D:\Study\Github\Mock-2_Team-1_Class_HN23_FRF_EMB_01\Mock-2_Team-1_Class_HN23_FRF_EMB_01\BootLoader\Debug\Obj\source
[2] = D:\Study\Github\Mock-2_Team-1_Class_HN23_FRF_EMB_01\Mock-2_Team-1_Class_HN23_FRF_EMB_01\BootLoader\Debug\Obj\startup
[3] = dl6M_tln.a
[4] = rt6M_tl.a
[5] = shb_l.a

  3'284 bytes of readonly  code memory
     92 bytes of readonly  data memory
  2'352 bytes of readwrite data memory

Errors: none
Warnings: none
