###############################################################################
#
# IAR ELF Linker V9.32.2.340/W64 for ARM                  29/May/2023  19:46:53
# Copyright 2007-2023 IAR Systems AB.
#
#    Output file  =
#        D:\Study\Github\Mock-2_Team-1_Class_HN23_FRF_EMB_01\Mock-2_Team-1_Class_HN23_FRF_EMB_01\BootLoader\Debug\Exe\BootLoader.out
#    Map file     =
#        D:\Study\Github\Mock-2_Team-1_Class_HN23_FRF_EMB_01\Mock-2_Team-1_Class_HN23_FRF_EMB_01\BootLoader\Debug\List\BootLoader.map
#    Command line =
#        -f
#        D:\Study\Github\Mock-2_Team-1_Class_HN23_FRF_EMB_01\Mock-2_Team-1_Class_HN23_FRF_EMB_01\BootLoader\Debug\Exe\BootLoader.out.rsp
#        (D:\Study\Github\Mock-2_Team-1_Class_HN23_FRF_EMB_01\Mock-2_Team-1_Class_HN23_FRF_EMB_01\BootLoader\Debug\Obj\source\ADC.o
#        D:\Study\Github\Mock-2_Team-1_Class_HN23_FRF_EMB_01\Mock-2_Team-1_Class_HN23_FRF_EMB_01\BootLoader\Debug\Obj\source\Clock.o
#        D:\Study\Github\Mock-2_Team-1_Class_HN23_FRF_EMB_01\Mock-2_Team-1_Class_HN23_FRF_EMB_01\BootLoader\Debug\Obj\source\GPIO.o
#        D:\Study\Github\Mock-2_Team-1_Class_HN23_FRF_EMB_01\Mock-2_Team-1_Class_HN23_FRF_EMB_01\BootLoader\Debug\Obj\source\Middleware.o
#        D:\Study\Github\Mock-2_Team-1_Class_HN23_FRF_EMB_01\Mock-2_Team-1_Class_HN23_FRF_EMB_01\BootLoader\Debug\Obj\source\PIT.o
#        D:\Study\Github\Mock-2_Team-1_Class_HN23_FRF_EMB_01\Mock-2_Team-1_Class_HN23_FRF_EMB_01\BootLoader\Debug\Obj\source\Port.o
#        D:\Study\Github\Mock-2_Team-1_Class_HN23_FRF_EMB_01\Mock-2_Team-1_Class_HN23_FRF_EMB_01\BootLoader\Debug\Obj\startup\startup_MKL46Z4.o
#        D:\Study\Github\Mock-2_Team-1_Class_HN23_FRF_EMB_01\Mock-2_Team-1_Class_HN23_FRF_EMB_01\BootLoader\Debug\Obj\startup\system_MKL46Z4.o
#        D:\Study\Github\Mock-2_Team-1_Class_HN23_FRF_EMB_01\Mock-2_Team-1_Class_HN23_FRF_EMB_01\BootLoader\Debug\Obj\source\TempSensor.o
#        D:\Study\Github\Mock-2_Team-1_Class_HN23_FRF_EMB_01\Mock-2_Team-1_Class_HN23_FRF_EMB_01\BootLoader\Debug\Obj\source\UART.o
#        --no_out_extension -o
#        D:\Study\Github\Mock-2_Team-1_Class_HN23_FRF_EMB_01\Mock-2_Team-1_Class_HN23_FRF_EMB_01\BootLoader\Debug\Exe\BootLoader.out
#        --map
#        D:\Study\Github\Mock-2_Team-1_Class_HN23_FRF_EMB_01\Mock-2_Team-1_Class_HN23_FRF_EMB_01\BootLoader\Debug\List\BootLoader.map
#        --config "C:\Program Files\IAR Systems\Embedded Workbench
#        9.1\arm/config/linker/NXP/MKL46Z256xxx4.icf" --semihosting --entry
#        __iar_program_start --vfe --text_out locale --cpu=Cortex-M0+
#        --fpu=None)
#
###############################################################################

*******************************************************************************
*** RUNTIME MODEL ATTRIBUTES
***

CppFlavor       = *
__CPP_Runtime   = 1
__SystemLibrary = DLib
__dlib_version  = 6


*******************************************************************************
*** HEAP SELECTION
***

The basic heap was selected because --advanced_heap
was not specified and the application did not appear to
be primarily optimized for speed.


*******************************************************************************
*** PLACEMENT SUMMARY
***

"A0":  place at address 0x0 { ro section .intvec };
"P1":  place in [from 0x0 to 0x3ff] |
                [from 0x410 to 0x3'ffff] { ro };
define block CSTACK with size = 2K, alignment = 8 { };
define block HEAP with size = 4K, alignment = 8 { };
"P3":  place in [from 0x1fff'e000 to 0x1fff'ffff] |
                [from 0x2000'0000 to 0x2000'5fff] {
          rw, block CSTACK, block HEAP };
"P5":  place in [from 0x400 to 0x40f] { section FlashConfig };
initialize by copy { rw };

No sections matched the following patterns:

  ro section application_specific_ro  in "P2|P4"
  rw section application_specific_rw  in "P2|P4"


  Section            Kind         Address   Size  Object
  -------            ----         -------   ----  ------
"A0":                                       0xc0
  .intvec            ro code          0x0   0xc0  startup_MKL46Z4.o [2]
                                   - 0xc0   0xc0

"P1", part 1 of 2:                         0x174
  .text              ro code         0xc0  0x124  UART.o [1]
  .text              ro code        0x1e4   0x30  copy_init3.o [5]
  Initializer bytes  const          0x214   0x20  <for P3 s0>
                                  - 0x234  0x174

"P5":                                       0x10
  FlashConfig        ro code        0x400   0x10  startup_MKL46Z4.o [2]
                                  - 0x410   0x10

"P1", part 2 of 2:                         0x3ee
  .text              ro code        0x410  0x14c  Middleware.o [1]
  .text              ro code        0x55c   0xe8  Port.o [1]
  .text              ro code        0x644   0x60  PIT.o [1]
  .text              ro code        0x6a4   0x28  data_init.o [5]
  .text              ro code        0x6cc   0x24  startup_MKL46Z4.o [2]
  .iar.init_table    const          0x6f0   0x14  - Linker created -
  .text              ro code        0x704   0x1e  cmain.o [5]
  .text              ro code        0x722    0x4  low_level_init.o [3]
  .text              ro code        0x726    0x8  TempSensor.o [1]
  .text              ro code        0x72e    0x8  exit.o [3]
  .text              ro code        0x736    0x2  startup_MKL46Z4.o [2]
  .text              ro code        0x738    0xa  cexit.o [5]
  .text              ro code        0x742    0x2  startup_MKL46Z4.o [2]
  .text              ro code        0x744   0x14  exit.o [6]
  .text              ro code        0x758   0x1c  cstartup_M.o [5]
  .text              ro code        0x774   0x10  ADC.o [1]
  .text              ro code        0x784    0xc  system_MKL46Z4.o [2]
  .text              ro code        0x790    0x8  startup_MKL46Z4.o [2]
  .text              ro code        0x798    0x8  startup_MKL46Z4.o [2]
  .text              ro code        0x7a0    0x8  startup_MKL46Z4.o [2]
  .text              ro code        0x7a8    0x8  startup_MKL46Z4.o [2]
  .text              ro code        0x7b0    0x8  startup_MKL46Z4.o [2]
  .text              ro code        0x7b8    0x8  startup_MKL46Z4.o [2]
  .text              ro code        0x7c0    0x8  startup_MKL46Z4.o [2]
  .text              ro code        0x7c8    0x8  startup_MKL46Z4.o [2]
  .text              ro code        0x7d0    0x8  startup_MKL46Z4.o [2]
  .text              ro code        0x7d8    0x8  startup_MKL46Z4.o [2]
  .text              ro code        0x7e0    0x8  startup_MKL46Z4.o [2]
  .text              ro code        0x7e8    0x8  startup_MKL46Z4.o [2]
  .rodata            const          0x7f0    0x4  Middleware.o [1]
  .rodata            const          0x7f4    0x4  Middleware.o [1]
  .text              ro code        0x7f8    0x2  startup_MKL46Z4.o [2]
  .text              ro code        0x7fa    0x2  startup_MKL46Z4.o [2]
  .text              ro code        0x7fc    0x2  startup_MKL46Z4.o [2]
  .rodata            const          0x7fe    0x0  copy_init3.o [5]
                                  - 0x7fe  0x3ee

"P3", part 1 of 2:                          0x20
  P3 s0                       0x1fff'e000   0x20  <Init block>
    .data            inited   0x1fff'e000   0x10  Middleware.o [1]
    .bss             inited   0x1fff'e010    0x4  ADC.o [1]
    .bss             inited   0x1fff'e014    0x4  PIT.o [1]
    .bss             inited   0x1fff'e018    0x4  UART.o [1]
    .bss             inited   0x1fff'e01c    0x1  Middleware.o [1]
                            - 0x1fff'e020   0x20

"P3", part 2 of 2:                         0x800
  CSTACK                      0x1fff'e020  0x800  <Block>
    CSTACK           uninit   0x1fff'e020  0x800  <Block tail>
                            - 0x1fff'e820  0x800

Unused ranges:

         From           To      Size
         ----           --      ----
        0x234        0x3ff     0x1cc
        0x7fe     0x3'ffff  0x3'f802
  0x1fff'e820  0x1fff'ffff    0x17e0
  0x2000'0000  0x2000'5fff    0x6000


*******************************************************************************
*** INIT TABLE
***

          Address      Size
          -------      ----
Copy (__iar_copy_init3)
    1 source range, total size 0x20 (110% of destination):
                0x214  0x20
    1 destination range, total size 0x1d:
          0x1fff'e000  0x1d



*******************************************************************************
*** MODULE SUMMARY
***

    Module             ro code  ro data  rw data
    ------             -------  -------  -------
command line/config:
    --------------------------------------------
    Total:

D:\Study\Github\Mock-2_Team-1_Class_HN23_FRF_EMB_01\Mock-2_Team-1_Class_HN23_FRF_EMB_01\BootLoader\Debug\Obj\source: [1]
    ADC.o                   16        4        4
    Middleware.o           332       25       17
    PIT.o                   96        4        4
    Port.o                 232
    TempSensor.o             8
    UART.o                 292        4        4
    --------------------------------------------
    Total:                 976       37       29

D:\Study\Github\Mock-2_Team-1_Class_HN23_FRF_EMB_01\Mock-2_Team-1_Class_HN23_FRF_EMB_01\BootLoader\Debug\Obj\startup: [2]
    startup_MKL46Z4.o      350
    system_MKL46Z4.o        12
    --------------------------------------------
    Total:                 362

dl6M_tln.a: [3]
    exit.o                   8
    low_level_init.o         4
    --------------------------------------------
    Total:                  12

m6M_tl.a: [4]
    --------------------------------------------
    Total:

rt6M_tl.a: [5]
    cexit.o                 10
    cmain.o                 30
    copy_init3.o            48
    cstartup_M.o            28
    data_init.o             40
    --------------------------------------------
    Total:                 156

shb_l.a: [6]
    exit.o                  20
    --------------------------------------------
    Total:                  20

    Linker created                   23    2'048
------------------------------------------------
    Grand Total:         1'526       60    2'077


*******************************************************************************
*** ENTRY LIST
***

Entry                       Address  Size  Type      Object
-----                       -------  ----  ----      ------
.iar.init_table$$Base         0x6f0         --   Gb  - Linker created -
.iar.init_table$$Limit        0x704         --   Gb  - Linker created -
?main                         0x705        Code  Gb  cmain.o [5]
ADC0_IRQHandler               0x775   0xa  Code  Gb  ADC.o [1]
CMP0_IRQHandler               0x7e9        Code  Wk  startup_MKL46Z4.o [2]
CSTACK$$Base            0x1fff'e020         --   Gb  - Linker created -
CSTACK$$Limit           0x1fff'e820         --   Gb  - Linker created -
DAC0_IRQHandler               0x7e9        Code  Wk  startup_MKL46Z4.o [2]
DMA0_DriverIRQHandler         0x7e9        Code  Wk  startup_MKL46Z4.o [2]
DMA0_IRQHandler               0x791        Code  Wk  startup_MKL46Z4.o [2]
DMA1_DriverIRQHandler         0x7e9        Code  Wk  startup_MKL46Z4.o [2]
DMA1_IRQHandler               0x799        Code  Wk  startup_MKL46Z4.o [2]
DMA2_DriverIRQHandler         0x7e9        Code  Wk  startup_MKL46Z4.o [2]
DMA2_IRQHandler               0x7a1        Code  Wk  startup_MKL46Z4.o [2]
DMA3_DriverIRQHandler         0x7e9        Code  Wk  startup_MKL46Z4.o [2]
DMA3_IRQHandler               0x7a9        Code  Wk  startup_MKL46Z4.o [2]
DefaultISR                    0x7e9        Code  Wk  startup_MKL46Z4.o [2]
FTFA_IRQHandler               0x7e9        Code  Wk  startup_MKL46Z4.o [2]
HardFault_Handler             0x743        Code  Wk  startup_MKL46Z4.o [2]
I2C0_DriverIRQHandler         0x7e9        Code  Wk  startup_MKL46Z4.o [2]
I2C0_IRQHandler               0x7b1        Code  Wk  startup_MKL46Z4.o [2]
I2C1_DriverIRQHandler         0x7e9        Code  Wk  startup_MKL46Z4.o [2]
I2C1_IRQHandler               0x7b9        Code  Wk  startup_MKL46Z4.o [2]
I2S0_DriverIRQHandler         0x7e9        Code  Wk  startup_MKL46Z4.o [2]
I2S0_IRQHandler               0x7e1        Code  Wk  startup_MKL46Z4.o [2]
LCD_IRQHandler                0x7e9        Code  Wk  startup_MKL46Z4.o [2]
LLWU_IRQHandler               0x7e9        Code  Wk  startup_MKL46Z4.o [2]
LPTMR0_IRQHandler             0x7e9        Code  Wk  startup_MKL46Z4.o [2]
LVD_LVW_IRQHandler            0x7e9        Code  Wk  startup_MKL46Z4.o [2]
MCG_IRQHandler                0x7e9        Code  Wk  startup_MKL46Z4.o [2]
NMI_Handler                   0x737        Code  Wk  startup_MKL46Z4.o [2]
NVIC_EnableIRQ                0x411   0xe  Code  Lc  Middleware.o [1]
NVIC_SetPriority              0x41f  0x72  Code  Lc  Middleware.o [1]
PIT_ClearInterruptFlag        0x67b  0x1a  Code  Lc  PIT.o [1]
PIT_IRQHandler                0x645  0x36  Code  Gb  PIT.o [1]
PORTA_IRQHandler              0x7e9        Code  Wk  startup_MKL46Z4.o [2]
PORTC_PORTD_IRQHandler        0x7e9        Code  Wk  startup_MKL46Z4.o [2]
PORT_Init                     0x55d  0xde  Code  Gb  Port.o [1]
PendSV_Handler                0x7fb        Code  Wk  startup_MKL46Z4.o [2]
RTC_IRQHandler                0x7e9        Code  Wk  startup_MKL46Z4.o [2]
RTC_Seconds_IRQHandler        0x7e9        Code  Wk  startup_MKL46Z4.o [2]
Region$$Table$$Base           0x6f0         --   Gb  - Linker created -
Region$$Table$$Limit          0x704         --   Gb  - Linker created -
Reserved20_IRQHandler         0x7e9        Code  Wk  startup_MKL46Z4.o [2]
Reset_Handler                 0x6cd        Code  Wk  startup_MKL46Z4.o [2]
SPI0_DriverIRQHandler         0x7e9        Code  Wk  startup_MKL46Z4.o [2]
SPI0_IRQHandler               0x7c1        Code  Wk  startup_MKL46Z4.o [2]
SPI1_DriverIRQHandler         0x7e9        Code  Wk  startup_MKL46Z4.o [2]
SPI1_IRQHandler               0x7c9        Code  Wk  startup_MKL46Z4.o [2]
SVC_Handler                   0x7f9        Code  Wk  startup_MKL46Z4.o [2]
SysTick_Handler               0x7fd        Code  Wk  startup_MKL46Z4.o [2]
SystemInit                    0x785   0x8  Code  Gb  system_MKL46Z4.o [2]
TPM0_IRQHandler               0x7e9        Code  Wk  startup_MKL46Z4.o [2]
TPM1_IRQHandler               0x7e9        Code  Wk  startup_MKL46Z4.o [2]
TPM2_IRQHandler               0x7e9        Code  Wk  startup_MKL46Z4.o [2]
TSI0_IRQHandler               0x7e9        Code  Wk  startup_MKL46Z4.o [2]
UART0_DriverIRQHandler        0x7e9        Code  Wk  startup_MKL46Z4.o [2]
UART0_IRQHandler              0x17d  0x1a  Code  Gb  UART.o [1]
UART1_DriverIRQHandler        0x7e9        Code  Wk  startup_MKL46Z4.o [2]
UART1_IRQHandler              0x7d1        Code  Wk  startup_MKL46Z4.o [2]
UART2_DriverIRQHandler        0x7e9        Code  Wk  startup_MKL46Z4.o [2]
UART2_IRQHandler              0x7d9        Code  Wk  startup_MKL46Z4.o [2]
UART_Init                      0xc1  0xbc  Code  Gb  UART.o [1]
UART_SendChar                 0x197  0x28  Code  Gb  UART.o [1]
UART_User_Init                0x4a3  0x78  Code  Gb  Middleware.o [1]
USB0_IRQHandler               0x7e9        Code  Wk  startup_MKL46Z4.o [2]
UserConfig_PortA1             0x7f0   0x4  Data  Gb  Middleware.o [1]
UserConfig_PortA2             0x7f4   0x4  Data  Gb  Middleware.o [1]
Userconfig_UART         0x1fff'e000  0x10  Data  Gb  Middleware.o [1]
__Vectors                       0x0         --   Gb  startup_MKL46Z4.o [2]
__Vectors_End                  0xc0        Data  Gb  startup_MKL46Z4.o [2]
__Vectors_Size {Abs}           0xc0         --   Gb  startup_MKL46Z4.o [2]
__cmain                       0x705        Code  Gb  cmain.o [5]
__exit                        0x745  0x14  Code  Gb  exit.o [6]
__iar_copy_init3              0x1e5  0x30  Code  Gb  copy_init3.o [5]
__iar_data_init3              0x6a5  0x28  Code  Gb  data_init.o [5]
__iar_program_start           0x759        Code  Gb  cstartup_M.o [5]
__low_level_init              0x723   0x4  Code  Gb  low_level_init.o [3]
__vector_table                  0x0        Data  Gb  startup_MKL46Z4.o [2]
__vector_table_0x1c            0x1c        Data  Gb  startup_MKL46Z4.o [2]
_call_main                    0x711        Code  Gb  cmain.o [5]
_exit                         0x739        Code  Gb  cexit.o [5]
data                    0x1fff'e01c   0x1  Data  Gb  Middleware.o [1]
exit                          0x72f   0x8  Code  Gb  exit.o [3]
main                          0x727   0x8  Code  Gb  TempSensor.o [1]
myUART_Handler                0x491  0x12  Code  Lc  Middleware.o [1]
sCallback_ADC           0x1fff'e010   0x4  Data  Lc  ADC.o [1]
sCallback_PIT           0x1fff'e014   0x4  Data  Lc  PIT.o [1]
sCallback_UART          0x1fff'e018   0x4  Data  Lc  UART.o [1]


[1] = D:\Study\Github\Mock-2_Team-1_Class_HN23_FRF_EMB_01\Mock-2_Team-1_Class_HN23_FRF_EMB_01\BootLoader\Debug\Obj\source
[2] = D:\Study\Github\Mock-2_Team-1_Class_HN23_FRF_EMB_01\Mock-2_Team-1_Class_HN23_FRF_EMB_01\BootLoader\Debug\Obj\startup
[3] = dl6M_tln.a
[4] = m6M_tl.a
[5] = rt6M_tl.a
[6] = shb_l.a

  1'526 bytes of readonly  code memory
     60 bytes of readonly  data memory
  2'077 bytes of readwrite data memory

Errors: none
Warnings: none
