###############################################################################
#
# IAR ELF Linker V9.32.2.340/W64 for ARM                  31/May/2023  19:37:53
# Copyright 2007-2023 IAR Systems AB.
#
#    Output file  =
#        D:\Study\Github\Mock-2_Team-1_Class_HN23_FRF_EMB_01\Mock-2_Team-1_Class_HN23_FRF_EMB_01\BootLoader\Debug\Exe\BootLoader.out
#    Map file     =
#        D:\Study\Github\Mock-2_Team-1_Class_HN23_FRF_EMB_01\Mock-2_Team-1_Class_HN23_FRF_EMB_01\BootLoader\Debug\List\BootLoader.map
#    Command line =
#        -f
#        D:\Study\Github\Mock-2_Team-1_Class_HN23_FRF_EMB_01\Mock-2_Team-1_Class_HN23_FRF_EMB_01\BootLoader\Debug\Exe\BootLoader.out.rsp
#        (D:\Study\Github\Mock-2_Team-1_Class_HN23_FRF_EMB_01\Mock-2_Team-1_Class_HN23_FRF_EMB_01\BootLoader\Debug\Obj\source\ADC.o
#        D:\Study\Github\Mock-2_Team-1_Class_HN23_FRF_EMB_01\Mock-2_Team-1_Class_HN23_FRF_EMB_01\BootLoader\Debug\Obj\source\BootLoader.o
#        D:\Study\Github\Mock-2_Team-1_Class_HN23_FRF_EMB_01\Mock-2_Team-1_Class_HN23_FRF_EMB_01\BootLoader\Debug\Obj\source\GPIO.o
#        D:\Study\Github\Mock-2_Team-1_Class_HN23_FRF_EMB_01\Mock-2_Team-1_Class_HN23_FRF_EMB_01\BootLoader\Debug\Obj\source\Middleware.o
#        D:\Study\Github\Mock-2_Team-1_Class_HN23_FRF_EMB_01\Mock-2_Team-1_Class_HN23_FRF_EMB_01\BootLoader\Debug\Obj\source\PIT.o
#        D:\Study\Github\Mock-2_Team-1_Class_HN23_FRF_EMB_01\Mock-2_Team-1_Class_HN23_FRF_EMB_01\BootLoader\Debug\Obj\source\Port.o
#        D:\Study\Github\Mock-2_Team-1_Class_HN23_FRF_EMB_01\Mock-2_Team-1_Class_HN23_FRF_EMB_01\BootLoader\Debug\Obj\source\queue.o
#        D:\Study\Github\Mock-2_Team-1_Class_HN23_FRF_EMB_01\Mock-2_Team-1_Class_HN23_FRF_EMB_01\BootLoader\Debug\Obj\startup\startup_MKL46Z4.o
#        D:\Study\Github\Mock-2_Team-1_Class_HN23_FRF_EMB_01\Mock-2_Team-1_Class_HN23_FRF_EMB_01\BootLoader\Debug\Obj\startup\system_MKL46Z4.o
#        D:\Study\Github\Mock-2_Team-1_Class_HN23_FRF_EMB_01\Mock-2_Team-1_Class_HN23_FRF_EMB_01\BootLoader\Debug\Obj\source\UART.o
#        --no_out_extension -o
#        D:\Study\Github\Mock-2_Team-1_Class_HN23_FRF_EMB_01\Mock-2_Team-1_Class_HN23_FRF_EMB_01\BootLoader\Debug\Exe\BootLoader.out
#        --map
#        D:\Study\Github\Mock-2_Team-1_Class_HN23_FRF_EMB_01\Mock-2_Team-1_Class_HN23_FRF_EMB_01\BootLoader\Debug\List\BootLoader.map
#        --config "C:\Program Files\IAR Systems\Embedded Workbench
#        9.1\arm/config/linker/NXP/MKL46Z256xxx4.icf" --semihosting --entry
#        __iar_program_start --vfe --text_out locale --cpu=Cortex-M0+
#        --fpu=None)
#
###############################################################################

*******************************************************************************
*** RUNTIME MODEL ATTRIBUTES
***

CppFlavor       = *
__CPP_Runtime   = 1
__SystemLibrary = DLib
__dlib_version  = 6


*******************************************************************************
*** HEAP SELECTION
***

The basic heap was selected because --advanced_heap
was not specified and the application did not appear to
be primarily optimized for speed.


*******************************************************************************
*** PLACEMENT SUMMARY
***

"A0":  place at address 0x0 { ro section .intvec };
"P1":  place in [from 0x0 to 0x3ff] |
                [from 0x410 to 0x3'ffff] { ro };
define block CSTACK with size = 2K, alignment = 8 { };
define block HEAP with size = 4K, alignment = 8 { };
"P3":  place in [from 0x1fff'e000 to 0x1fff'ffff] |
                [from 0x2000'0000 to 0x2000'5fff] {
          rw, block CSTACK, block HEAP };
"P5":  place in [from 0x400 to 0x40f] { section FlashConfig };
initialize by copy { rw };

No sections matched the following patterns:

  ro section application_specific_ro  in "P2|P4"
  rw section application_specific_rw  in "P2|P4"


  Section            Kind         Address    Size  Object
  -------            ----         -------    ----  ------
"A0":                                        0xc0
  .intvec            ro code          0x0    0xc0  startup_MKL46Z4.o [2]
                                   - 0xc0    0xc0

"P1", part 1 of 2:                          0x14c
  .text              ro code         0xc0     0x2  startup_MKL46Z4.o [2]
  .text              ro code         0xc4   0x124  UART.o [1]
  Initializer bytes  const          0x1e8    0x24  <for P3 s0>
                                  - 0x20c   0x14c

"P5":                                        0x10
  FlashConfig        ro code        0x400    0x10  startup_MKL46Z4.o [2]
                                  - 0x410    0x10

"P1", part 2 of 2:                          0x9c0
  .text              ro code        0x410   0x268  Middleware.o [1]
  .text              ro code        0x678   0x1d2  Port.o [1]
  .text              ro code        0x84a    0x38  GPIO.o [1]
  .text              ro code        0x884   0x10c  PIT.o [1]
  .text              ro code        0x990   0x184  system_MKL46Z4.o [2]
  .text              ro code        0xb14    0xae  I32DivModFast.o [4]
  .text              ro code        0xbc2     0x2  startup_MKL46Z4.o [2]
  .text              ro code        0xbc4     0x2  IntDivZer.o [4]
  .text              ro code        0xbc6    0x3c  zero_init3.o [4]
  .text              ro code        0xc02    0x30  copy_init3.o [4]
  .text              ro code        0xc32     0x2  startup_MKL46Z4.o [2]
  .text              ro code        0xc34    0x28  data_init.o [4]
  .text              ro code        0xc5c    0x26  BootLoader.o [1]
  .text              ro code        0xc82     0x2  startup_MKL46Z4.o [2]
  .text              ro code        0xc84    0x18  queue.o [1]
  .text              ro code        0xc9c    0x24  startup_MKL46Z4.o [2]
  .iar.init_table    const          0xcc0    0x24  - Linker created -
  .text              ro code        0xce4    0x1e  cmain.o [4]
  .text              ro code        0xd02     0x4  low_level_init.o [3]
  .text              ro code        0xd06     0x8  exit.o [3]
  .text              ro code        0xd0e     0x2  startup_MKL46Z4.o [2]
  .text              ro code        0xd10     0xa  cexit.o [4]
  .text              ro code        0xd1c    0x14  exit.o [5]
  .text              ro code        0xd30    0x1c  cstartup_M.o [4]
  .text              ro code        0xd4c    0x10  ADC.o [1]
  .text              ro code        0xd5c     0x8  startup_MKL46Z4.o [2]
  .text              ro code        0xd64     0x8  startup_MKL46Z4.o [2]
  .text              ro code        0xd6c     0x8  startup_MKL46Z4.o [2]
  .text              ro code        0xd74     0x8  startup_MKL46Z4.o [2]
  .text              ro code        0xd7c     0x8  startup_MKL46Z4.o [2]
  .text              ro code        0xd84     0x8  startup_MKL46Z4.o [2]
  .text              ro code        0xd8c     0x8  startup_MKL46Z4.o [2]
  .text              ro code        0xd94     0x8  startup_MKL46Z4.o [2]
  .text              ro code        0xd9c     0x8  startup_MKL46Z4.o [2]
  .text              ro code        0xda4     0x8  startup_MKL46Z4.o [2]
  .text              ro code        0xdac     0x8  startup_MKL46Z4.o [2]
  .text              ro code        0xdb4     0x8  startup_MKL46Z4.o [2]
  .rodata            const          0xdbc     0x4  Middleware.o [1]
  .rodata            const          0xdc0     0x4  Middleware.o [1]
  .rodata            const          0xdc4     0x4  Middleware.o [1]
  .rodata            const          0xdc8     0x4  Middleware.o [1]
  .rodata            const          0xdcc     0x4  Middleware.o [1]
  .rodata            const          0xdd0     0x0  zero_init3.o [4]
  .rodata            const          0xdd0     0x0  copy_init3.o [4]
                                  - 0xdd0   0x9c0

"P3", part 1 of 3:                           0x24
  P3 s0                       0x2000'0000    0x24  <Init block>
    .data            inited   0x2000'0000    0x10  Middleware.o [1]
    .data            inited   0x2000'0010    0x10  Middleware.o [1]
    .data            inited   0x2000'0020     0x4  system_MKL46Z4.o [2]
                            - 0x2000'0024    0x24

"P3", part 2 of 3:                         0x2824
  .bss               zero     0x2000'0024  0x2710  Middleware.o [1]
  .bss               zero     0x2000'2734   0x104  queue.o [1]
  .bss               zero     0x2000'2838     0x4  ADC.o [1]
  .bss               zero     0x2000'283c     0x4  Middleware.o [1]
  .bss               zero     0x2000'2840     0x4  PIT.o [1]
  .bss               zero     0x2000'2844     0x4  UART.o [1]
                            - 0x2000'2848  0x2824

"P3", part 3 of 3:                          0x800
  CSTACK                      0x2000'2848   0x800  <Block>
    CSTACK           uninit   0x2000'2848   0x800  <Block tail>
                            - 0x2000'3048   0x800

Unused ranges:

         From           To      Size
         ----           --      ----
        0x20c        0x3ff     0x1f4
        0xdd0     0x3'ffff  0x3'f230
  0x1fff'e000  0x1fff'ffff    0x2000
  0x2000'3048  0x2000'5fff    0x2fb8


*******************************************************************************
*** INIT TABLE
***

          Address      Size
          -------      ----
Zero (__iar_zero_init3)
    1 destination range, total size 0x2824:
          0x2000'0024  0x2824

Copy (__iar_copy_init3)
    1 source range, total size 0x24:
                0x1e8    0x24
    1 destination range, total size 0x24:
          0x2000'0000    0x24



*******************************************************************************
*** MODULE SUMMARY
***

    Module             ro code  ro data  rw data
    ------             -------  -------  -------
command line/config:
    --------------------------------------------
    Total:

D:\Study\Github\Mock-2_Team-1_Class_HN23_FRF_EMB_01\Mock-2_Team-1_Class_HN23_FRF_EMB_01\BootLoader\Debug\Obj\source: [1]
    ADC.o                   16                 4
    BootLoader.o            38
    GPIO.o                  56
    Middleware.o           616       52   10'036
    PIT.o                  268                 4
    Port.o                 466
    UART.o                 292                 4
    queue.o                 24               260
    --------------------------------------------
    Total:               1'776       52   10'308

D:\Study\Github\Mock-2_Team-1_Class_HN23_FRF_EMB_01\Mock-2_Team-1_Class_HN23_FRF_EMB_01\BootLoader\Debug\Obj\startup: [2]
    startup_MKL46Z4.o      350
    system_MKL46Z4.o       388        4        4
    --------------------------------------------
    Total:                 738        4        4

dl6M_tln.a: [3]
    exit.o                   8
    low_level_init.o         4
    --------------------------------------------
    Total:                  12

rt6M_tl.a: [4]
    I32DivModFast.o        174
    IntDivZer.o              2
    cexit.o                 10
    cmain.o                 30
    copy_init3.o            48
    cstartup_M.o            28
    data_init.o             40
    zero_init3.o            60
    --------------------------------------------
    Total:                 392

shb_l.a: [5]
    exit.o                  20
    --------------------------------------------
    Total:                  20

    Gaps                     6
    Linker created                   36    2'048
------------------------------------------------
    Grand Total:         2'944       92   12'360


*******************************************************************************
*** ENTRY LIST
***

Entry                       Address    Size  Type      Object
-----                       -------    ----  ----      ------
.iar.init_table$$Base         0xcc0           --   Gb  - Linker created -
.iar.init_table$$Limit        0xce4           --   Gb  - Linker created -
?main                         0xce5          Code  Gb  cmain.o [4]
ADC0_IRQHandler               0xd4d     0xa  Code  Gb  ADC.o [1]
BLUE_LED_Config               0x511    0x24  Code  Gb  Middleware.o [1]
BTN1_Config                   0x535    0x2c  Code  Gb  Middleware.o [1]
CMP0_IRQHandler               0xdb5          Code  Wk  startup_MKL46Z4.o [2]
CSTACK$$Base            0x2000'2848           --   Gb  - Linker created -
CSTACK$$Limit           0x2000'3048           --   Gb  - Linker created -
DAC0_IRQHandler               0xdb5          Code  Wk  startup_MKL46Z4.o [2]
DMA0_DriverIRQHandler         0xdb5          Code  Wk  startup_MKL46Z4.o [2]
DMA0_IRQHandler               0xd5d          Code  Wk  startup_MKL46Z4.o [2]
DMA1_DriverIRQHandler         0xdb5          Code  Wk  startup_MKL46Z4.o [2]
DMA1_IRQHandler               0xd65          Code  Wk  startup_MKL46Z4.o [2]
DMA2_DriverIRQHandler         0xdb5          Code  Wk  startup_MKL46Z4.o [2]
DMA2_IRQHandler               0xd6d          Code  Wk  startup_MKL46Z4.o [2]
DMA3_DriverIRQHandler         0xdb5          Code  Wk  startup_MKL46Z4.o [2]
DMA3_IRQHandler               0xd75          Code  Wk  startup_MKL46Z4.o [2]
DefaultISR                    0xdb5          Code  Wk  startup_MKL46Z4.o [2]
FTFA_IRQHandler               0xdb5          Code  Wk  startup_MKL46Z4.o [2]
GPIO_Init                     0x84b    0x38  Code  Gb  GPIO.o [1]
HardFault_Handler             0xbc3          Code  Wk  startup_MKL46Z4.o [2]
I2C0_DriverIRQHandler         0xdb5          Code  Wk  startup_MKL46Z4.o [2]
I2C0_IRQHandler               0xd7d          Code  Wk  startup_MKL46Z4.o [2]
I2C1_DriverIRQHandler         0xdb5          Code  Wk  startup_MKL46Z4.o [2]
I2C1_IRQHandler               0xd85          Code  Wk  startup_MKL46Z4.o [2]
I2S0_DriverIRQHandler         0xdb5          Code  Wk  startup_MKL46Z4.o [2]
I2S0_IRQHandler               0xdad          Code  Wk  startup_MKL46Z4.o [2]
LCD_IRQHandler                0xdb5          Code  Wk  startup_MKL46Z4.o [2]
LLWU_IRQHandler               0xdb5          Code  Wk  startup_MKL46Z4.o [2]
LPTMR0_IRQHandler             0xdb5          Code  Wk  startup_MKL46Z4.o [2]
LVD_LVW_IRQHandler            0xdb5          Code  Wk  startup_MKL46Z4.o [2]
MCG_IRQHandler                0xdb5          Code  Wk  startup_MKL46Z4.o [2]
NMI_Handler                    0xc1          Code  Wk  startup_MKL46Z4.o [2]
NVIC_ClearPendingIRQ          0x687     0xe  Code  Lc  Port.o [1]
NVIC_EnableIRQ                0x411     0xe  Code  Lc  Middleware.o [1]
NVIC_EnableIRQ                0x679     0xe  Code  Lc  Port.o [1]
NVIC_SetPriority              0x41f    0x72  Code  Lc  Middleware.o [1]
NVIC_SetPriority              0x695    0x72  Code  Lc  Port.o [1]
PIT_ClearInterruptFlag        0x957    0x1a  Code  Lc  PIT.o [1]
PIT_Config_5s                 0x56f    0x18  Code  Gb  Middleware.o [1]
PIT_IRQHandler                0x921    0x36  Code  Gb  PIT.o [1]
PIT_Init                      0x885    0x9c  Code  Gb  PIT.o [1]
PORTA_IRQHandler              0xdb5          Code  Wk  startup_MKL46Z4.o [2]
PORTC_PORTD_IRQHandler        0x4b1    0x3c  Code  Gb  Middleware.o [1]
PORT_EXTI_ClearFlag           0x825    0x26  Code  Gb  Port.o [1]
PORT_EXTI_Config              0x7fd    0x28  Code  Gb  Port.o [1]
PORT_Init                     0x707    0xde  Code  Gb  Port.o [1]
PendSV_Handler                0xc83          Code  Wk  startup_MKL46Z4.o [2]
READ_BTN1                     0x561     0xe  Code  Gb  Middleware.o [1]
RED_LED_Config                0x4ed    0x24  Code  Gb  Middleware.o [1]
RTC_IRQHandler                0xdb5          Code  Wk  startup_MKL46Z4.o [2]
RTC_Seconds_IRQHandler        0xdb5          Code  Wk  startup_MKL46Z4.o [2]
Region$$Table$$Base           0xcc0           --   Gb  - Linker created -
Region$$Table$$Limit          0xce4           --   Gb  - Linker created -
Reserved20_IRQHandler         0xdb5          Code  Wk  startup_MKL46Z4.o [2]
Reset_Handler                 0xc9d          Code  Wk  startup_MKL46Z4.o [2]
SPI0_DriverIRQHandler         0xdb5          Code  Wk  startup_MKL46Z4.o [2]
SPI0_IRQHandler               0xd8d          Code  Wk  startup_MKL46Z4.o [2]
SPI1_DriverIRQHandler         0xdb5          Code  Wk  startup_MKL46Z4.o [2]
SPI1_IRQHandler               0xd95          Code  Wk  startup_MKL46Z4.o [2]
SVC_Handler                   0xc33          Code  Wk  startup_MKL46Z4.o [2]
SysTick_Handler               0xd0f          Code  Wk  startup_MKL46Z4.o [2]
SystemCoreClock         0x2000'0020     0x4  Data  Gb  system_MKL46Z4.o [2]
SystemCoreClockUpdate         0x999   0x146  Code  Gb  system_MKL46Z4.o [2]
SystemInit                    0x991     0x8  Code  Gb  system_MKL46Z4.o [2]
TPM0_IRQHandler               0xdb5          Code  Wk  startup_MKL46Z4.o [2]
TPM1_IRQHandler               0xdb5          Code  Wk  startup_MKL46Z4.o [2]
TPM2_IRQHandler               0xdb5          Code  Wk  startup_MKL46Z4.o [2]
TSI0_IRQHandler               0xdb5          Code  Wk  startup_MKL46Z4.o [2]
UART0_DriverIRQHandler        0xdb5          Code  Wk  startup_MKL46Z4.o [2]
UART0_IRQHandler              0x181    0x1a  Code  Gb  UART.o [1]
UART1_DriverIRQHandler        0xdb5          Code  Wk  startup_MKL46Z4.o [2]
UART1_IRQHandler              0xd9d          Code  Wk  startup_MKL46Z4.o [2]
UART2_DriverIRQHandler        0xdb5          Code  Wk  startup_MKL46Z4.o [2]
UART2_IRQHandler              0xda5          Code  Wk  startup_MKL46Z4.o [2]
UART_Init                      0xc5    0xbc  Code  Gb  UART.o [1]
UART_SendChar                 0x19b    0x28  Code  Gb  UART.o [1]
UART_User_Config              0x587    0x78  Code  Gb  Middleware.o [1]
USB0_IRQHandler               0xdb5          Code  Wk  startup_MKL46Z4.o [2]
UserConfig_PIT          0x2000'0000    0x10  Data  Gb  Middleware.o [1]
UserConfig_PortA1             0xdbc     0x4  Data  Gb  Middleware.o [1]
UserConfig_PortA2             0xdc0     0x4  Data  Gb  Middleware.o [1]
UserConfig_PortC3             0xdc4     0x4  Data  Gb  Middleware.o [1]
UserConfig_PortD5             0xdc8     0x4  Data  Gb  Middleware.o [1]
UserConfig_PortE29            0xdcc     0x4  Data  Gb  Middleware.o [1]
Userconfig_UART         0x2000'0010    0x10  Data  Gb  Middleware.o [1]
__Vectors                       0x0           --   Gb  startup_MKL46Z4.o [2]
__Vectors_End                  0xc0          Data  Gb  startup_MKL46Z4.o [2]
__Vectors_Size {Abs}           0xc0           --   Gb  startup_MKL46Z4.o [2]
__aeabi_idiv0                 0xbc5          Code  Gb  IntDivZer.o [4]
__aeabi_uidiv                 0xb15          Code  Gb  I32DivModFast.o [4]
__aeabi_uidivmod              0xb15          Code  Gb  I32DivModFast.o [4]
__cmain                       0xce5          Code  Gb  cmain.o [4]
__exit                        0xd1d    0x14  Code  Gb  exit.o [5]
__iar_copy_init3              0xc03    0x30  Code  Gb  copy_init3.o [4]
__iar_data_init3              0xc35    0x28  Code  Gb  data_init.o [4]
__iar_program_start           0xd31          Code  Gb  cstartup_M.o [4]
__iar_zero_init3              0xbc7    0x3c  Code  Gb  zero_init3.o [4]
__low_level_init              0xd03     0x4  Code  Gb  low_level_init.o [3]
__vector_table                  0x0          Data  Gb  startup_MKL46Z4.o [2]
__vector_table_0x1c            0x1c          Data  Gb  startup_MKL46Z4.o [2]
_call_main                    0xcf1          Code  Gb  cmain.o [4]
_exit                         0xd11          Code  Gb  cexit.o [4]
a                       0x2000'0024  0x2710  Data  Gb  Middleware.o [1]
exit                          0xd07     0x8  Code  Gb  exit.o [3]
index                   0x2000'283c     0x4  Data  Gb  Middleware.o [1]
initQueue                     0xc85    0x12  Code  Gb  queue.o [1]
main                          0xc5d    0x26  Code  Gb  BootLoader.o [1]
myTimer_Handler               0x491     0x2  Code  Lc  Middleware.o [1]
myUART_Handler                0x493    0x1e  Code  Lc  Middleware.o [1]
q                       0x2000'2734   0x104  Data  Lc  queue.o [1]
sCallback_ADC           0x2000'2838     0x4  Data  Lc  ADC.o [1]
sCallback_PIT           0x2000'2840     0x4  Data  Lc  PIT.o [1]
sCallback_UART          0x2000'2844     0x4  Data  Lc  UART.o [1]


[1] = D:\Study\Github\Mock-2_Team-1_Class_HN23_FRF_EMB_01\Mock-2_Team-1_Class_HN23_FRF_EMB_01\BootLoader\Debug\Obj\source
[2] = D:\Study\Github\Mock-2_Team-1_Class_HN23_FRF_EMB_01\Mock-2_Team-1_Class_HN23_FRF_EMB_01\BootLoader\Debug\Obj\startup
[3] = dl6M_tln.a
[4] = rt6M_tl.a
[5] = shb_l.a

   2'944 bytes of readonly  code memory
      92 bytes of readonly  data memory
  12'360 bytes of readwrite data memory

Errors: none
Warnings: none
