###############################################################################
#
# IAR ELF Linker V9.32.2.340/W64 for ARM                  05/Jun/2023  11:32:16
# Copyright 2007-2023 IAR Systems AB.
#
#    Output file  =
#        D:\Study\Github\Mock-2_Team-1_Class_HN23_FRF_EMB_01\Mock-2_Team-1_Class_HN23_FRF_EMB_01\BootLoader\Debug\Exe\BootLoader.out
#    Map file     =
#        D:\Study\Github\Mock-2_Team-1_Class_HN23_FRF_EMB_01\Mock-2_Team-1_Class_HN23_FRF_EMB_01\BootLoader\Debug\List\BootLoader.map
#    Command line =
#        -f
#        D:\Study\Github\Mock-2_Team-1_Class_HN23_FRF_EMB_01\Mock-2_Team-1_Class_HN23_FRF_EMB_01\BootLoader\Debug\Exe\BootLoader.out.rsp
#        (D:\Study\Github\Mock-2_Team-1_Class_HN23_FRF_EMB_01\Mock-2_Team-1_Class_HN23_FRF_EMB_01\BootLoader\Debug\Obj\source\BootLoader.o
#        D:\Study\Github\Mock-2_Team-1_Class_HN23_FRF_EMB_01\Mock-2_Team-1_Class_HN23_FRF_EMB_01\BootLoader\Debug\Obj\source\Flash.o
#        D:\Study\Github\Mock-2_Team-1_Class_HN23_FRF_EMB_01\Mock-2_Team-1_Class_HN23_FRF_EMB_01\BootLoader\Debug\Obj\source\GPIO.o
#        D:\Study\Github\Mock-2_Team-1_Class_HN23_FRF_EMB_01\Mock-2_Team-1_Class_HN23_FRF_EMB_01\BootLoader\Debug\Obj\source\Middleware.o
#        D:\Study\Github\Mock-2_Team-1_Class_HN23_FRF_EMB_01\Mock-2_Team-1_Class_HN23_FRF_EMB_01\BootLoader\Debug\Obj\source\PIT.o
#        D:\Study\Github\Mock-2_Team-1_Class_HN23_FRF_EMB_01\Mock-2_Team-1_Class_HN23_FRF_EMB_01\BootLoader\Debug\Obj\source\Port.o
#        D:\Study\Github\Mock-2_Team-1_Class_HN23_FRF_EMB_01\Mock-2_Team-1_Class_HN23_FRF_EMB_01\BootLoader\Debug\Obj\source\queue.o
#        D:\Study\Github\Mock-2_Team-1_Class_HN23_FRF_EMB_01\Mock-2_Team-1_Class_HN23_FRF_EMB_01\BootLoader\Debug\Obj\startup\startup_MKL46Z4.o
#        D:\Study\Github\Mock-2_Team-1_Class_HN23_FRF_EMB_01\Mock-2_Team-1_Class_HN23_FRF_EMB_01\BootLoader\Debug\Obj\startup\system_MKL46Z4.o
#        D:\Study\Github\Mock-2_Team-1_Class_HN23_FRF_EMB_01\Mock-2_Team-1_Class_HN23_FRF_EMB_01\BootLoader\Debug\Obj\source\UART.o
#        --no_out_extension -o
#        D:\Study\Github\Mock-2_Team-1_Class_HN23_FRF_EMB_01\Mock-2_Team-1_Class_HN23_FRF_EMB_01\BootLoader\Debug\Exe\BootLoader.out
#        --map
#        D:\Study\Github\Mock-2_Team-1_Class_HN23_FRF_EMB_01\Mock-2_Team-1_Class_HN23_FRF_EMB_01\BootLoader\Debug\List\BootLoader.map
#        --config "C:\Program Files\IAR Systems\Embedded Workbench
#        9.1\arm/config/linker/NXP/MKL46Z256xxx4.icf" --semihosting --entry
#        __iar_program_start --vfe --text_out locale --cpu=Cortex-M0+
#        --fpu=None)
#
###############################################################################

*******************************************************************************
*** RUNTIME MODEL ATTRIBUTES
***

CppFlavor       = *
__CPP_Runtime   = 1
__SystemLibrary = DLib
__dlib_version  = 6


*******************************************************************************
*** HEAP SELECTION
***

The basic heap was selected because --advanced_heap
was not specified and the application did not appear to
be primarily optimized for speed.


*******************************************************************************
*** PLACEMENT SUMMARY
***

"A0":  place at address 0x0 { ro section .intvec };
"P1":  place in [from 0x0 to 0x3ff] |
                [from 0x410 to 0x3'ffff] { ro };
define block CSTACK with size = 2K, alignment = 8 { };
define block HEAP with size = 4K, alignment = 8 { };
"P3":  place in [from 0x1fff'e000 to 0x1fff'ffff] |
                [from 0x2000'0000 to 0x2000'5fff] {
          rw, block CSTACK, block HEAP };
"P5":  place in [from 0x400 to 0x40f] { section FlashConfig };
initialize by copy { rw };

No sections matched the following patterns:

  ro section application_specific_ro  in "P2|P4"
  rw section application_specific_rw  in "P2|P4"


  Section            Kind         Address   Size  Object
  -------            ----         -------   ----  ------
"A0":                                       0xc0
  .intvec            ro code          0x0   0xc0  startup_MKL46Z4.o [2]
                                   - 0xc0   0xc0

"P1", part 1 of 2:                         0x110
  .text              ro code         0xc0   0xe0  I32DivModFast.o [4]
  .text              ro code        0x1a0    0x2  startup_MKL46Z4.o [2]
  Initializer bytes  const          0x1a4   0x2c  <for P3 s0>
                                  - 0x1d0  0x110

"P5":                                       0x10
  FlashConfig        ro code        0x400   0x10  startup_MKL46Z4.o [2]
                                  - 0x410   0x10

"P1", part 2 of 2:                         0xd3e
  .text              ro code        0x410  0x45c  Middleware.o [1]
  .text              ro code        0x86c   0xb8  queue.o [1]
  .text              ro code        0x924  0x1d2  Port.o [1]
  .text              ro code        0xaf8   0xbc  Flash.o [1]
  .text              ro code        0xbb4   0x38  GPIO.o [1]
  .text              ro code        0xbec  0x10c  PIT.o [1]
  .text              ro code        0xcf8   0xf8  UART.o [1]
  .text              ro code        0xdf0    0x2  IntDivZer.o [4]
  .text              ro code        0xdf2    0x2  startup_MKL46Z4.o [2]
  .text              ro code        0xdf4  0x184  system_MKL46Z4.o [2]
  .text              ro code        0xf78   0x3c  zero_init3.o [4]
  .text              ro code        0xfb4   0x30  copy_init3.o [4]
  .text              ro code        0xfe4   0x28  data_init.o [4]
  .text              ro code       0x100c   0x24  BootLoader.o [1]
  .text              ro code       0x1030   0x24  startup_MKL46Z4.o [2]
  .iar.init_table    const         0x1054   0x24  - Linker created -
  .text              ro code       0x1078   0x1e  cmain.o [4]
  .text              ro code       0x1096    0x4  low_level_init.o [3]
  .text              ro code       0x109a    0x8  exit.o [3]
  .text              ro code       0x10a2    0x2  startup_MKL46Z4.o [2]
  .text              ro code       0x10a4    0xa  cexit.o [4]
  .text              ro code       0x10ae    0x2  startup_MKL46Z4.o [2]
  .text              ro code       0x10b0   0x14  exit.o [5]
  .text              ro code       0x10c4   0x1c  cstartup_M.o [4]
  .text              ro code       0x10e0    0x8  startup_MKL46Z4.o [2]
  .text              ro code       0x10e8    0x8  startup_MKL46Z4.o [2]
  .text              ro code       0x10f0    0x8  startup_MKL46Z4.o [2]
  .text              ro code       0x10f8    0x8  startup_MKL46Z4.o [2]
  .text              ro code       0x1100    0x8  startup_MKL46Z4.o [2]
  .text              ro code       0x1108    0x8  startup_MKL46Z4.o [2]
  .text              ro code       0x1110    0x8  startup_MKL46Z4.o [2]
  .text              ro code       0x1118    0x8  startup_MKL46Z4.o [2]
  .text              ro code       0x1120    0x8  startup_MKL46Z4.o [2]
  .text              ro code       0x1128    0x8  startup_MKL46Z4.o [2]
  .text              ro code       0x1130    0x8  startup_MKL46Z4.o [2]
  .text              ro code       0x1138    0x8  startup_MKL46Z4.o [2]
  .rodata            const         0x1140    0x4  Middleware.o [1]
  .rodata            const         0x1144    0x4  Middleware.o [1]
  .rodata            const         0x1148    0x4  Middleware.o [1]
  .text              ro code       0x114c    0x2  startup_MKL46Z4.o [2]
  .rodata            const         0x114e    0x0  zero_init3.o [4]
  .rodata            const         0x114e    0x0  copy_init3.o [4]
                                 - 0x114e  0xd3e

"P3", part 1 of 3:                          0x2c
  P3 s0                       0x1fff'e000   0x2c  <Init block>
    .data            inited   0x1fff'e000   0x10  Middleware.o [1]
    .data            inited   0x1fff'e010   0x10  Middleware.o [1]
    .data            inited   0x1fff'e020    0x8  Middleware.o [1]
    .data            inited   0x1fff'e028    0x4  system_MKL46Z4.o [2]
                            - 0x1fff'e02c   0x2c

"P3", part 2 of 3:                         0x824
  .bss               zero     0x1fff'e02c  0x804  queue.o [1]
  .bss               zero     0x1fff'e830    0x8  Middleware.o [1]
  .bss               zero     0x1fff'e838    0x4  Middleware.o [1]
  .bss               zero     0x1fff'e83c    0x4  Middleware.o [1]
  .bss               zero     0x1fff'e840    0x4  Middleware.o [1]
  .bss               zero     0x1fff'e844    0x4  Middleware.o [1]
  .bss               zero     0x1fff'e848    0x4  PIT.o [1]
  .bss               zero     0x1fff'e84c    0x4  UART.o [1]
                            - 0x1fff'e850  0x824

"P3", part 3 of 3:                         0x800
  CSTACK                      0x1fff'e850  0x800  <Block>
    CSTACK           uninit   0x1fff'e850  0x800  <Block tail>
                            - 0x1fff'f050  0x800

Unused ranges:

         From           To      Size
         ----           --      ----
        0x1d0        0x3ff     0x230
       0x114e     0x3'ffff  0x3'eeb2
  0x1fff'f050  0x1fff'ffff     0xfb0
  0x2000'0000  0x2000'5fff    0x6000


*******************************************************************************
*** INIT TABLE
***

          Address      Size
          -------      ----
Zero (__iar_zero_init3)
    1 destination range, total size 0x824:
          0x1fff'e02c  0x824

Copy (__iar_copy_init3)
    1 source range, total size 0x2c:
                0x1a4   0x2c
    1 destination range, total size 0x2c:
          0x1fff'e000   0x2c



*******************************************************************************
*** MODULE SUMMARY
***

    Module             ro code  ro data  rw data
    ------             -------  -------  -------
command line/config:
    --------------------------------------------
    Total:

D:\Study\Github\Mock-2_Team-1_Class_HN23_FRF_EMB_01\Mock-2_Team-1_Class_HN23_FRF_EMB_01\BootLoader\Debug\Obj\source: [1]
    BootLoader.o            36
    Flash.o                188
    GPIO.o                  56
    Middleware.o         1'116       52       64
    PIT.o                  268                 4
    Port.o                 466
    UART.o                 248                 4
    queue.o                184             2'052
    --------------------------------------------
    Total:               2'562       52    2'124

D:\Study\Github\Mock-2_Team-1_Class_HN23_FRF_EMB_01\Mock-2_Team-1_Class_HN23_FRF_EMB_01\BootLoader\Debug\Obj\startup: [2]
    startup_MKL46Z4.o      350
    system_MKL46Z4.o       388        4        4
    --------------------------------------------
    Total:                 738        4        4

dl6M_tln.a: [3]
    exit.o                   8
    low_level_init.o         4
    --------------------------------------------
    Total:                  12

rt6M_tl.a: [4]
    I32DivModFast.o        224
    IntDivZer.o              2
    cexit.o                 10
    cmain.o                 30
    copy_init3.o            48
    cstartup_M.o            28
    data_init.o             40
    zero_init3.o            60
    --------------------------------------------
    Total:                 442

shb_l.a: [5]
    exit.o                  20
    --------------------------------------------
    Total:                  20

    Gaps                     2
    Linker created                   38    2'048
------------------------------------------------
    Grand Total:         3'776       94    4'176


*******************************************************************************
*** ENTRY LIST
***

Entry                       Address   Size  Type      Object
-----                       -------   ----  ----      ------
.iar.init_table$$Base        0x1054          --   Gb  - Linker created -
.iar.init_table$$Limit       0x1078          --   Gb  - Linker created -
?main                        0x1079         Code  Gb  cmain.o [4]
ADC0_IRQHandler              0x1139         Code  Wk  startup_MKL46Z4.o [2]
Address                 0x1fff'e838    0x4  Data  Gb  Middleware.o [1]
BTN_Config                    0x6c1   0x46  Code  Gb  Middleware.o [1]
ByteCount               0x1fff'e840    0x4  Data  Gb  Middleware.o [1]
CMP0_IRQHandler              0x1139         Code  Wk  startup_MKL46Z4.o [2]
CSTACK$$Base            0x1fff'e850          --   Gb  - Linker created -
CSTACK$$Limit           0x1fff'f050          --   Gb  - Linker created -
ChartoHex                     0x825   0x26  Code  Gb  Middleware.o [1]
Copy_Vector_Table_SetVTOR
                              0x69b   0x22  Code  Gb  Middleware.o [1]
DAC0_IRQHandler              0x1139         Code  Wk  startup_MKL46Z4.o [2]
DMA0_DriverIRQHandler        0x1139         Code  Wk  startup_MKL46Z4.o [2]
DMA0_IRQHandler              0x10e1         Code  Wk  startup_MKL46Z4.o [2]
DMA1_DriverIRQHandler        0x1139         Code  Wk  startup_MKL46Z4.o [2]
DMA1_IRQHandler              0x10e9         Code  Wk  startup_MKL46Z4.o [2]
DMA2_DriverIRQHandler        0x1139         Code  Wk  startup_MKL46Z4.o [2]
DMA2_IRQHandler              0x10f1         Code  Wk  startup_MKL46Z4.o [2]
DMA3_DriverIRQHandler        0x1139         Code  Wk  startup_MKL46Z4.o [2]
DMA3_IRQHandler              0x10f9         Code  Wk  startup_MKL46Z4.o [2]
Data                    0x1fff'e83c    0x4  Data  Gb  Middleware.o [1]
DataByteCount           0x1fff'e844    0x4  Data  Gb  Middleware.o [1]
DataShift               0x1fff'e020    0x8  Data  Gb  Middleware.o [1]
DefaultISR                   0x1139         Code  Wk  startup_MKL46Z4.o [2]
FTFA_IRQHandler              0x1139         Code  Wk  startup_MKL46Z4.o [2]
FirmwaretoFlash               0x84b   0x22  Code  Gb  Middleware.o [1]
FlagCheck               0x1fff'e830    0x8  Data  Gb  Middleware.o [1]
Flash_EraseSector             0xb45   0x36  Code  Gb  Flash.o [1]
Flash_IsReady                 0xb7b    0xc  Code  Gb  Flash.o [1]
Flash_WriteWord               0xaf9   0x4c  Code  Gb  Flash.o [1]
GPIO_Init                     0xbb5   0x38  Code  Gb  GPIO.o [1]
HardFault_Handler             0xdf3         Code  Wk  startup_MKL46Z4.o [2]
I2C0_DriverIRQHandler        0x1139         Code  Wk  startup_MKL46Z4.o [2]
I2C0_IRQHandler              0x1101         Code  Wk  startup_MKL46Z4.o [2]
I2C1_DriverIRQHandler        0x1139         Code  Wk  startup_MKL46Z4.o [2]
I2C1_IRQHandler              0x1109         Code  Wk  startup_MKL46Z4.o [2]
I2S0_DriverIRQHandler        0x1139         Code  Wk  startup_MKL46Z4.o [2]
I2S0_IRQHandler              0x1131         Code  Wk  startup_MKL46Z4.o [2]
LCD_IRQHandler               0x1139         Code  Wk  startup_MKL46Z4.o [2]
LLWU_IRQHandler              0x1139         Code  Wk  startup_MKL46Z4.o [2]
LPTMR0_IRQHandler            0x1139         Code  Wk  startup_MKL46Z4.o [2]
LVD_LVW_IRQHandler           0x1139         Code  Wk  startup_MKL46Z4.o [2]
MCG_IRQHandler               0x1139         Code  Wk  startup_MKL46Z4.o [2]
NMI_Handler                   0x1a1         Code  Wk  startup_MKL46Z4.o [2]
NVIC_ClearPendingIRQ          0x933    0xe  Code  Lc  Port.o [1]
NVIC_EnableIRQ                0x411    0xe  Code  Lc  Middleware.o [1]
NVIC_EnableIRQ                0x925    0xe  Code  Lc  Port.o [1]
NVIC_SetPriority              0x41f   0x72  Code  Lc  Middleware.o [1]
NVIC_SetPriority              0x941   0x72  Code  Lc  Port.o [1]
PIT_ClearInterruptFlag        0xcbf   0x1a  Code  Lc  PIT.o [1]
PIT_Config_5s                 0x729   0x18  Code  Gb  Middleware.o [1]
PIT_IRQHandler                0xc89   0x36  Code  Gb  PIT.o [1]
PIT_Init                      0xbed   0x9c  Code  Gb  PIT.o [1]
PORTA_IRQHandler             0x1139         Code  Wk  startup_MKL46Z4.o [2]
PORTC_PORTD_IRQHandler        0x639   0x62  Code  Gb  Middleware.o [1]
PORT_EXTI_ClearFlag           0xad1   0x26  Code  Gb  Port.o [1]
PORT_EXTI_Config              0xaa9   0x28  Code  Gb  Port.o [1]
PORT_Init                     0x9b3   0xde  Code  Gb  Port.o [1]
PendSV_Handler               0x10af         Code  Wk  startup_MKL46Z4.o [2]
READ_BTN1                     0x707    0xe  Code  Gb  Middleware.o [1]
READ_BTN2                     0x715    0xe  Code  Gb  Middleware.o [1]
RTC_IRQHandler               0x1139         Code  Wk  startup_MKL46Z4.o [2]
RTC_Seconds_IRQHandler       0x1139         Code  Wk  startup_MKL46Z4.o [2]
Region$$Table$$Base          0x1054          --   Gb  - Linker created -
Region$$Table$$Limit         0x1078          --   Gb  - Linker created -
Reserved20_IRQHandler        0x1139         Code  Wk  startup_MKL46Z4.o [2]
Reset_Handler                0x1031         Code  Wk  startup_MKL46Z4.o [2]
SPI0_DriverIRQHandler        0x1139         Code  Wk  startup_MKL46Z4.o [2]
SPI0_IRQHandler              0x1111         Code  Wk  startup_MKL46Z4.o [2]
SPI1_DriverIRQHandler        0x1139         Code  Wk  startup_MKL46Z4.o [2]
SPI1_IRQHandler              0x1119         Code  Wk  startup_MKL46Z4.o [2]
SVC_Handler                  0x10a3         Code  Wk  startup_MKL46Z4.o [2]
SysTick_Handler              0x114d         Code  Wk  startup_MKL46Z4.o [2]
SystemCoreClock         0x1fff'e028    0x4  Data  Gb  system_MKL46Z4.o [2]
SystemCoreClockUpdate         0xdfd  0x146  Code  Gb  system_MKL46Z4.o [2]
SystemInit                    0xdf5    0x8  Code  Gb  system_MKL46Z4.o [2]
TPM0_IRQHandler              0x1139         Code  Wk  startup_MKL46Z4.o [2]
TPM1_IRQHandler              0x1139         Code  Wk  startup_MKL46Z4.o [2]
TPM2_IRQHandler              0x1139         Code  Wk  startup_MKL46Z4.o [2]
TSI0_IRQHandler              0x1139         Code  Wk  startup_MKL46Z4.o [2]
UART0_DriverIRQHandler       0x1139         Code  Wk  startup_MKL46Z4.o [2]
UART0_IRQHandler              0xdb5   0x1a  Code  Gb  UART.o [1]
UART1_DriverIRQHandler       0x1139         Code  Wk  startup_MKL46Z4.o [2]
UART1_IRQHandler             0x1121         Code  Wk  startup_MKL46Z4.o [2]
UART2_DriverIRQHandler       0x1139         Code  Wk  startup_MKL46Z4.o [2]
UART2_IRQHandler             0x1129         Code  Wk  startup_MKL46Z4.o [2]
UART_Init                     0xcf9   0xbc  Code  Gb  UART.o [1]
UART_User_Config              0x751   0x78  Code  Gb  Middleware.o [1]
USB0_IRQHandler              0x1139         Code  Wk  startup_MKL46Z4.o [2]
UserConfig_PIT          0x1fff'e000   0x10  Data  Gb  Middleware.o [1]
UserConfig_PortA1            0x1140    0x4  Data  Gb  Middleware.o [1]
UserConfig_PortA2            0x1144    0x4  Data  Gb  Middleware.o [1]
UserConfig_PortC3            0x1148    0x4  Data  Gb  Middleware.o [1]
Userconfig_UART         0x1fff'e010   0x10  Data  Gb  Middleware.o [1]
__Vectors                       0x0          --   Gb  startup_MKL46Z4.o [2]
__Vectors_End                  0xc0         Data  Gb  startup_MKL46Z4.o [2]
__Vectors_Size {Abs}           0xc0          --   Gb  startup_MKL46Z4.o [2]
__aeabi_idiv                   0xed         Code  Gb  I32DivModFast.o [4]
__aeabi_idiv0                 0xdf1         Code  Gb  IntDivZer.o [4]
__aeabi_idivmod                0xed         Code  Gb  I32DivModFast.o [4]
__aeabi_uidiv                  0xf3         Code  Gb  I32DivModFast.o [4]
__aeabi_uidivmod               0xf3         Code  Gb  I32DivModFast.o [4]
__cmain                      0x1079         Code  Gb  cmain.o [4]
__exit                       0x10b1   0x14  Code  Gb  exit.o [5]
__iar_copy_init3              0xfb5   0x30  Code  Gb  copy_init3.o [4]
__iar_data_init3              0xfe5   0x28  Code  Gb  data_init.o [4]
__iar_program_start          0x10c5         Code  Gb  cstartup_M.o [4]
__iar_zero_init3              0xf79   0x3c  Code  Gb  zero_init3.o [4]
__low_level_init             0x1097    0x4  Code  Gb  low_level_init.o [3]
__vector_table                  0x0         Data  Gb  startup_MKL46Z4.o [2]
__vector_table_0x1c            0x1c         Data  Gb  startup_MKL46Z4.o [2]
_call_main                   0x1085         Code  Gb  cmain.o [4]
_exit                        0x10a5         Code  Gb  cexit.o [4]
dequeue                       0x8e3   0x38  Code  Gb  queue.o [1]
enqueue                       0x8b9   0x2a  Code  Gb  queue.o [1]
exit                         0x109b    0x8  Code  Gb  exit.o [3]
initQueue                     0x86d   0x10  Code  Gb  queue.o [1]
isQueueEmpty                  0x87d   0x1c  Code  Gb  queue.o [1]
isQueueFull                   0x899   0x20  Code  Gb  queue.o [1]
main                         0x100d   0x24  Code  Gb  BootLoader.o [1]
myTimer_Handler               0x491    0x2  Code  Lc  Middleware.o [1]
myUART_Handler                0x493  0x1a6  Code  Lc  Middleware.o [1]
q                       0x1fff'e02c  0x804  Data  Lc  queue.o [1]
sCallback_PIT           0x1fff'e848    0x4  Data  Lc  PIT.o [1]
sCallback_UART          0x1fff'e84c    0x4  Data  Lc  UART.o [1]


[1] = D:\Study\Github\Mock-2_Team-1_Class_HN23_FRF_EMB_01\Mock-2_Team-1_Class_HN23_FRF_EMB_01\BootLoader\Debug\Obj\source
[2] = D:\Study\Github\Mock-2_Team-1_Class_HN23_FRF_EMB_01\Mock-2_Team-1_Class_HN23_FRF_EMB_01\BootLoader\Debug\Obj\startup
[3] = dl6M_tln.a
[4] = rt6M_tl.a
[5] = shb_l.a

  3'776 bytes of readonly  code memory
     94 bytes of readonly  data memory
  4'176 bytes of readwrite data memory

Errors: none
Warnings: none
