###############################################################################
#
# IAR ELF Linker V9.32.2.340/W64 for ARM                  30/May/2023  09:13:18
# Copyright 2007-2023 IAR Systems AB.
#
#    Output file  =
#        D:\Study\Github\Mock-2_Team-1_Class_HN23_FRF_EMB_01\Mock-2_Team-1_Class_HN23_FRF_EMB_01\BootLoader\Debug\Exe\BootLoader.out
#    Map file     =
#        D:\Study\Github\Mock-2_Team-1_Class_HN23_FRF_EMB_01\Mock-2_Team-1_Class_HN23_FRF_EMB_01\BootLoader\Debug\List\BootLoader.map
#    Command line =
#        -f
#        D:\Study\Github\Mock-2_Team-1_Class_HN23_FRF_EMB_01\Mock-2_Team-1_Class_HN23_FRF_EMB_01\BootLoader\Debug\Exe\BootLoader.out.rsp
#        (D:\Study\Github\Mock-2_Team-1_Class_HN23_FRF_EMB_01\Mock-2_Team-1_Class_HN23_FRF_EMB_01\BootLoader\Debug\Obj\source\ADC.o
#        D:\Study\Github\Mock-2_Team-1_Class_HN23_FRF_EMB_01\Mock-2_Team-1_Class_HN23_FRF_EMB_01\BootLoader\Debug\Obj\source\BootLoader.o
#        D:\Study\Github\Mock-2_Team-1_Class_HN23_FRF_EMB_01\Mock-2_Team-1_Class_HN23_FRF_EMB_01\BootLoader\Debug\Obj\source\GPIO.o
#        D:\Study\Github\Mock-2_Team-1_Class_HN23_FRF_EMB_01\Mock-2_Team-1_Class_HN23_FRF_EMB_01\BootLoader\Debug\Obj\source\Middleware.o
#        D:\Study\Github\Mock-2_Team-1_Class_HN23_FRF_EMB_01\Mock-2_Team-1_Class_HN23_FRF_EMB_01\BootLoader\Debug\Obj\source\PIT.o
#        D:\Study\Github\Mock-2_Team-1_Class_HN23_FRF_EMB_01\Mock-2_Team-1_Class_HN23_FRF_EMB_01\BootLoader\Debug\Obj\source\Port.o
#        D:\Study\Github\Mock-2_Team-1_Class_HN23_FRF_EMB_01\Mock-2_Team-1_Class_HN23_FRF_EMB_01\BootLoader\Debug\Obj\startup\startup_MKL46Z4.o
#        D:\Study\Github\Mock-2_Team-1_Class_HN23_FRF_EMB_01\Mock-2_Team-1_Class_HN23_FRF_EMB_01\BootLoader\Debug\Obj\startup\system_MKL46Z4.o
#        D:\Study\Github\Mock-2_Team-1_Class_HN23_FRF_EMB_01\Mock-2_Team-1_Class_HN23_FRF_EMB_01\BootLoader\Debug\Obj\source\UART.o
#        --no_out_extension -o
#        D:\Study\Github\Mock-2_Team-1_Class_HN23_FRF_EMB_01\Mock-2_Team-1_Class_HN23_FRF_EMB_01\BootLoader\Debug\Exe\BootLoader.out
#        --map
#        D:\Study\Github\Mock-2_Team-1_Class_HN23_FRF_EMB_01\Mock-2_Team-1_Class_HN23_FRF_EMB_01\BootLoader\Debug\List\BootLoader.map
#        --config "C:\Program Files\IAR Systems\Embedded Workbench
#        9.1\arm/config/linker/NXP/MKL46Z256xxx4.icf" --semihosting --entry
#        __iar_program_start --vfe --text_out locale --cpu=Cortex-M0+
#        --fpu=None)
#
###############################################################################

*******************************************************************************
*** RUNTIME MODEL ATTRIBUTES
***

CppFlavor       = *
__CPP_Runtime   = 1
__SystemLibrary = DLib
__dlib_version  = 6


*******************************************************************************
*** HEAP SELECTION
***

The basic heap was selected because --advanced_heap
was not specified and the application did not appear to
be primarily optimized for speed.


*******************************************************************************
*** PLACEMENT SUMMARY
***

"A0":  place at address 0x0 { ro section .intvec };
"P1":  place in [from 0x0 to 0x3ff] |
                [from 0x410 to 0x3'ffff] { ro };
define block CSTACK with size = 2K, alignment = 8 { };
define block HEAP with size = 4K, alignment = 8 { };
"P3":  place in [from 0x1fff'e000 to 0x1fff'ffff] |
                [from 0x2000'0000 to 0x2000'5fff] {
          rw, block CSTACK, block HEAP };
"P5":  place in [from 0x400 to 0x40f] { section FlashConfig };
initialize by copy { rw };

No sections matched the following patterns:

  ro section application_specific_ro  in "P2|P4"
  rw section application_specific_rw  in "P2|P4"


  Section            Kind         Address   Size  Object
  -------            ----         -------   ----  ------
"A0":                                       0xc0
  .intvec            ro code          0x0   0xc0  startup_MKL46Z4.o [2]
                                   - 0xc0   0xc0

"P1", part 1 of 2:                         0x158
  .text              ro code         0xc0   0xe8  Port.o [1]
  .text              ro code        0x1a8   0x38  GPIO.o [1]
  .text              ro code        0x1e0    0x2  startup_MKL46Z4.o [2]
  .text              ro code        0x1e4    0x2  IntDivZer.o [4]
  Initializer bytes  const          0x1e8   0x30  <for P3 s0>
                                  - 0x218  0x158

"P5":                                       0x10
  FlashConfig        ro code        0x400   0x10  startup_MKL46Z4.o [2]
                                  - 0x410   0x10

"P1", part 2 of 2:                         0x7e4
  .text              ro code        0x410  0x1e4  Middleware.o [1]
  .text              ro code        0x5f4  0x10c  PIT.o [1]
  .text              ro code        0x700  0x124  UART.o [1]
  .text              ro code        0x824  0x184  system_MKL46Z4.o [2]
  .text              ro code        0x9a8   0xae  I32DivModFast.o [4]
  .text              ro code        0xa56   0x30  copy_init3.o [4]
  .text              ro code        0xa86    0x2  startup_MKL46Z4.o [2]
  .text              ro code        0xa88   0x28  data_init.o [4]
  .text              ro code        0xab0   0x24  startup_MKL46Z4.o [2]
  .iar.init_table    const          0xad4   0x14  - Linker created -
  .text              ro code        0xae8   0x1e  BootLoader.o [1]
  .text              ro code        0xb06    0x2  startup_MKL46Z4.o [2]
  .text              ro code        0xb08   0x1e  cmain.o [4]
  .text              ro code        0xb26    0x4  low_level_init.o [3]
  .text              ro code        0xb2a    0x8  exit.o [3]
  .text              ro code        0xb32    0x2  startup_MKL46Z4.o [2]
  .text              ro code        0xb34    0xa  cexit.o [4]
  .text              ro code        0xb3e    0x2  startup_MKL46Z4.o [2]
  .text              ro code        0xb40   0x14  exit.o [5]
  .text              ro code        0xb54   0x1c  cstartup_M.o [4]
  .text              ro code        0xb70   0x10  ADC.o [1]
  .text              ro code        0xb80    0x8  startup_MKL46Z4.o [2]
  .text              ro code        0xb88    0x8  startup_MKL46Z4.o [2]
  .text              ro code        0xb90    0x8  startup_MKL46Z4.o [2]
  .text              ro code        0xb98    0x8  startup_MKL46Z4.o [2]
  .text              ro code        0xba0    0x8  startup_MKL46Z4.o [2]
  .text              ro code        0xba8    0x8  startup_MKL46Z4.o [2]
  .text              ro code        0xbb0    0x8  startup_MKL46Z4.o [2]
  .text              ro code        0xbb8    0x8  startup_MKL46Z4.o [2]
  .text              ro code        0xbc0    0x8  startup_MKL46Z4.o [2]
  .text              ro code        0xbc8    0x8  startup_MKL46Z4.o [2]
  .text              ro code        0xbd0    0x8  startup_MKL46Z4.o [2]
  .text              ro code        0xbd8    0x8  startup_MKL46Z4.o [2]
  .rodata            const          0xbe0    0x4  Middleware.o [1]
  .rodata            const          0xbe4    0x4  Middleware.o [1]
  .rodata            const          0xbe8    0x4  Middleware.o [1]
  .rodata            const          0xbec    0x4  Middleware.o [1]
  .rodata            const          0xbf0    0x4  Middleware.o [1]
  .rodata            const          0xbf4    0x0  copy_init3.o [4]
                                  - 0xbf4  0x7e4

"P3", part 1 of 2:                          0x30
  P3 s0                       0x1fff'e000   0x30  <Init block>
    .data            inited   0x1fff'e000   0x10  Middleware.o [1]
    .data            inited   0x1fff'e010   0x10  Middleware.o [1]
    .data            inited   0x1fff'e020    0x4  system_MKL46Z4.o [2]
    .bss             inited   0x1fff'e024    0x4  ADC.o [1]
    .bss             inited   0x1fff'e028    0x4  PIT.o [1]
    .bss             inited   0x1fff'e02c    0x4  UART.o [1]
                            - 0x1fff'e030   0x30

"P3", part 2 of 2:                         0x800
  CSTACK                      0x1fff'e030  0x800  <Block>
    CSTACK           uninit   0x1fff'e030  0x800  <Block tail>
                            - 0x1fff'e830  0x800

Unused ranges:

         From           To      Size
         ----           --      ----
        0x218        0x3ff     0x1e8
        0xbf4     0x3'ffff  0x3'f40c
  0x1fff'e830  0x1fff'ffff    0x17d0
  0x2000'0000  0x2000'5fff    0x6000


*******************************************************************************
*** INIT TABLE
***

          Address      Size
          -------      ----
Copy (__iar_copy_init3)
    1 source range, total size 0x30:
                0x1e8  0x30
    1 destination range, total size 0x30:
          0x1fff'e000  0x30



*******************************************************************************
*** MODULE SUMMARY
***

    Module             ro code  ro data  rw data
    ------             -------  -------  -------
command line/config:
    --------------------------------------------
    Total:

D:\Study\Github\Mock-2_Team-1_Class_HN23_FRF_EMB_01\Mock-2_Team-1_Class_HN23_FRF_EMB_01\BootLoader\Debug\Obj\source: [1]
    ADC.o                   16        4        4
    BootLoader.o            30
    GPIO.o                  56
    Middleware.o           484       52       32
    PIT.o                  268        4        4
    Port.o                 232
    UART.o                 292        4        4
    --------------------------------------------
    Total:               1'378       64       44

D:\Study\Github\Mock-2_Team-1_Class_HN23_FRF_EMB_01\Mock-2_Team-1_Class_HN23_FRF_EMB_01\BootLoader\Debug\Obj\startup: [2]
    startup_MKL46Z4.o      350
    system_MKL46Z4.o       388        4        4
    --------------------------------------------
    Total:                 738        4        4

dl6M_tln.a: [3]
    exit.o                   8
    low_level_init.o         4
    --------------------------------------------
    Total:                  12

rt6M_tl.a: [4]
    I32DivModFast.o        174
    IntDivZer.o              2
    cexit.o                 10
    cmain.o                 30
    copy_init3.o            48
    cstartup_M.o            28
    data_init.o             40
    --------------------------------------------
    Total:                 332

shb_l.a: [5]
    exit.o                  20
    --------------------------------------------
    Total:                  20

    Gaps                     2
    Linker created                   22    2'048
------------------------------------------------
    Grand Total:         2'482       90    2'096


*******************************************************************************
*** ENTRY LIST
***

Entry                       Address   Size  Type      Object
-----                       -------   ----  ----      ------
.iar.init_table$$Base         0xad4          --   Gb  - Linker created -
.iar.init_table$$Limit        0xae8          --   Gb  - Linker created -
?main                         0xb09         Code  Gb  cmain.o [4]
ADC0_IRQHandler               0xb71    0xa  Code  Gb  ADC.o [1]
BLUE_LED_Config               0x4b9   0x24  Code  Gb  Middleware.o [1]
BTN1_Config                   0x4dd   0x24  Code  Gb  Middleware.o [1]
CMP0_IRQHandler               0xbd9         Code  Wk  startup_MKL46Z4.o [2]
CSTACK$$Base            0x1fff'e030          --   Gb  - Linker created -
CSTACK$$Limit           0x1fff'e830          --   Gb  - Linker created -
DAC0_IRQHandler               0xbd9         Code  Wk  startup_MKL46Z4.o [2]
DMA0_DriverIRQHandler         0xbd9         Code  Wk  startup_MKL46Z4.o [2]
DMA0_IRQHandler               0xb81         Code  Wk  startup_MKL46Z4.o [2]
DMA1_DriverIRQHandler         0xbd9         Code  Wk  startup_MKL46Z4.o [2]
DMA1_IRQHandler               0xb89         Code  Wk  startup_MKL46Z4.o [2]
DMA2_DriverIRQHandler         0xbd9         Code  Wk  startup_MKL46Z4.o [2]
DMA2_IRQHandler               0xb91         Code  Wk  startup_MKL46Z4.o [2]
DMA3_DriverIRQHandler         0xbd9         Code  Wk  startup_MKL46Z4.o [2]
DMA3_IRQHandler               0xb99         Code  Wk  startup_MKL46Z4.o [2]
DefaultISR                    0xbd9         Code  Wk  startup_MKL46Z4.o [2]
FTFA_IRQHandler               0xbd9         Code  Wk  startup_MKL46Z4.o [2]
GPIO_Init                     0x1a9   0x38  Code  Gb  GPIO.o [1]
HardFault_Handler             0xa87         Code  Wk  startup_MKL46Z4.o [2]
I2C0_DriverIRQHandler         0xbd9         Code  Wk  startup_MKL46Z4.o [2]
I2C0_IRQHandler               0xba1         Code  Wk  startup_MKL46Z4.o [2]
I2C1_DriverIRQHandler         0xbd9         Code  Wk  startup_MKL46Z4.o [2]
I2C1_IRQHandler               0xba9         Code  Wk  startup_MKL46Z4.o [2]
I2S0_DriverIRQHandler         0xbd9         Code  Wk  startup_MKL46Z4.o [2]
I2S0_IRQHandler               0xbd1         Code  Wk  startup_MKL46Z4.o [2]
LCD_IRQHandler                0xbd9         Code  Wk  startup_MKL46Z4.o [2]
LLWU_IRQHandler               0xbd9         Code  Wk  startup_MKL46Z4.o [2]
LPTMR0_IRQHandler             0xbd9         Code  Wk  startup_MKL46Z4.o [2]
LVD_LVW_IRQHandler            0xbd9         Code  Wk  startup_MKL46Z4.o [2]
MCG_IRQHandler                0xbd9         Code  Wk  startup_MKL46Z4.o [2]
NMI_Handler                   0x1e1         Code  Wk  startup_MKL46Z4.o [2]
NVIC_EnableIRQ                0x411    0xe  Code  Lc  Middleware.o [1]
NVIC_SetPriority              0x41f   0x72  Code  Lc  Middleware.o [1]
PIT_ClearInterruptFlag        0x6c7   0x1a  Code  Lc  PIT.o [1]
PIT_Config_5s                 0x501   0x18  Code  Gb  Middleware.o [1]
PIT_IRQHandler                0x691   0x36  Code  Gb  PIT.o [1]
PIT_Init                      0x5f5   0x9c  Code  Gb  PIT.o [1]
PORTA_IRQHandler              0xbd9         Code  Wk  startup_MKL46Z4.o [2]
PORTC_PORTD_IRQHandler        0xbd9         Code  Wk  startup_MKL46Z4.o [2]
PORT_Init                      0xc1   0xde  Code  Gb  Port.o [1]
PendSV_Handler                0xb33         Code  Wk  startup_MKL46Z4.o [2]
RED_LED_Config                0x495   0x24  Code  Gb  Middleware.o [1]
RTC_IRQHandler                0xbd9         Code  Wk  startup_MKL46Z4.o [2]
RTC_Seconds_IRQHandler        0xbd9         Code  Wk  startup_MKL46Z4.o [2]
Region$$Table$$Base           0xad4          --   Gb  - Linker created -
Region$$Table$$Limit          0xae8          --   Gb  - Linker created -
Reserved20_IRQHandler         0xbd9         Code  Wk  startup_MKL46Z4.o [2]
Reset_Handler                 0xab1         Code  Wk  startup_MKL46Z4.o [2]
SPI0_DriverIRQHandler         0xbd9         Code  Wk  startup_MKL46Z4.o [2]
SPI0_IRQHandler               0xbb1         Code  Wk  startup_MKL46Z4.o [2]
SPI1_DriverIRQHandler         0xbd9         Code  Wk  startup_MKL46Z4.o [2]
SPI1_IRQHandler               0xbb9         Code  Wk  startup_MKL46Z4.o [2]
SVC_Handler                   0xb07         Code  Wk  startup_MKL46Z4.o [2]
SysTick_Handler               0xb3f         Code  Wk  startup_MKL46Z4.o [2]
SystemCoreClock         0x1fff'e020    0x4  Data  Gb  system_MKL46Z4.o [2]
SystemCoreClockUpdate         0x82d  0x146  Code  Gb  system_MKL46Z4.o [2]
SystemInit                    0x825    0x8  Code  Gb  system_MKL46Z4.o [2]
TPM0_IRQHandler               0xbd9         Code  Wk  startup_MKL46Z4.o [2]
TPM1_IRQHandler               0xbd9         Code  Wk  startup_MKL46Z4.o [2]
TPM2_IRQHandler               0xbd9         Code  Wk  startup_MKL46Z4.o [2]
TSI0_IRQHandler               0xbd9         Code  Wk  startup_MKL46Z4.o [2]
UART0_DriverIRQHandler        0xbd9         Code  Wk  startup_MKL46Z4.o [2]
UART0_IRQHandler              0x7bd   0x1a  Code  Gb  UART.o [1]
UART1_DriverIRQHandler        0xbd9         Code  Wk  startup_MKL46Z4.o [2]
UART1_IRQHandler              0xbc1         Code  Wk  startup_MKL46Z4.o [2]
UART2_DriverIRQHandler        0xbd9         Code  Wk  startup_MKL46Z4.o [2]
UART2_IRQHandler              0xbc9         Code  Wk  startup_MKL46Z4.o [2]
UART_Init                     0x701   0xbc  Code  Gb  UART.o [1]
UART_SendChar                 0x7d7   0x28  Code  Gb  UART.o [1]
UART_User_Config              0x519   0x78  Code  Gb  Middleware.o [1]
USB0_IRQHandler               0xbd9         Code  Wk  startup_MKL46Z4.o [2]
UserConfig_PIT          0x1fff'e000   0x10  Data  Gb  Middleware.o [1]
UserConfig_PortA1             0xbe0    0x4  Data  Gb  Middleware.o [1]
UserConfig_PortA2             0xbe4    0x4  Data  Gb  Middleware.o [1]
UserConfig_PortC3             0xbe8    0x4  Data  Gb  Middleware.o [1]
UserConfig_PortD5             0xbec    0x4  Data  Gb  Middleware.o [1]
UserConfig_PortE29            0xbf0    0x4  Data  Gb  Middleware.o [1]
Userconfig_UART         0x1fff'e010   0x10  Data  Gb  Middleware.o [1]
__Vectors                       0x0          --   Gb  startup_MKL46Z4.o [2]
__Vectors_End                  0xc0         Data  Gb  startup_MKL46Z4.o [2]
__Vectors_Size {Abs}           0xc0          --   Gb  startup_MKL46Z4.o [2]
__aeabi_idiv0                 0x1e5         Code  Gb  IntDivZer.o [4]
__aeabi_uidiv                 0x9a9         Code  Gb  I32DivModFast.o [4]
__aeabi_uidivmod              0x9a9         Code  Gb  I32DivModFast.o [4]
__cmain                       0xb09         Code  Gb  cmain.o [4]
__exit                        0xb41   0x14  Code  Gb  exit.o [5]
__iar_copy_init3              0xa57   0x30  Code  Gb  copy_init3.o [4]
__iar_data_init3              0xa89   0x28  Code  Gb  data_init.o [4]
__iar_program_start           0xb55         Code  Gb  cstartup_M.o [4]
__low_level_init              0xb27    0x4  Code  Gb  low_level_init.o [3]
__vector_table                  0x0         Data  Gb  startup_MKL46Z4.o [2]
__vector_table_0x1c            0x1c         Data  Gb  startup_MKL46Z4.o [2]
_call_main                    0xb15         Code  Gb  cmain.o [4]
_exit                         0xb35         Code  Gb  cexit.o [4]
exit                          0xb2b    0x8  Code  Gb  exit.o [3]
main                          0xae9   0x1e  Code  Gb  BootLoader.o [1]
myTimer_Handler               0x491    0x2  Code  Lc  Middleware.o [1]
myUART_Handler                0x493    0x2  Code  Lc  Middleware.o [1]
sCallback_ADC           0x1fff'e024    0x4  Data  Lc  ADC.o [1]
sCallback_PIT           0x1fff'e028    0x4  Data  Lc  PIT.o [1]
sCallback_UART          0x1fff'e02c    0x4  Data  Lc  UART.o [1]


[1] = D:\Study\Github\Mock-2_Team-1_Class_HN23_FRF_EMB_01\Mock-2_Team-1_Class_HN23_FRF_EMB_01\BootLoader\Debug\Obj\source
[2] = D:\Study\Github\Mock-2_Team-1_Class_HN23_FRF_EMB_01\Mock-2_Team-1_Class_HN23_FRF_EMB_01\BootLoader\Debug\Obj\startup
[3] = dl6M_tln.a
[4] = rt6M_tl.a
[5] = shb_l.a

  2'482 bytes of readonly  code memory
     90 bytes of readonly  data memory
  2'096 bytes of readwrite data memory

Errors: none
Warnings: none
