###############################################################################
#
# IAR ELF Linker V9.32.2.340/W64 for ARM                  29/May/2023  18:23:23
# Copyright 2007-2023 IAR Systems AB.
#
#    Output file  =
#        D:\Study\Github\Mock-2_Team-1_Class_HN23_FRF_EMB_01\Mock-2_Team-1_Class_HN23_FRF_EMB_01\Mock_project\Debug\Exe\LED_Blink.out
#    Map file     =
#        D:\Study\Github\Mock-2_Team-1_Class_HN23_FRF_EMB_01\Mock-2_Team-1_Class_HN23_FRF_EMB_01\Mock_project\Debug\List\LED_Blink.map
#    Command line =
#        -f
#        D:\Study\Github\Mock-2_Team-1_Class_HN23_FRF_EMB_01\Mock-2_Team-1_Class_HN23_FRF_EMB_01\Mock_project\Debug\Exe\LED_Blink.out.rsp
#        (D:\Study\Github\Mock-2_Team-1_Class_HN23_FRF_EMB_01\Mock-2_Team-1_Class_HN23_FRF_EMB_01\Mock_project\Debug\Obj\source\LedBlinking.o
#        D:\Study\Github\Mock-2_Team-1_Class_HN23_FRF_EMB_01\Mock-2_Team-1_Class_HN23_FRF_EMB_01\Mock_project\Debug\Obj\startup\startup_MKL46Z4.o
#        D:\Study\Github\Mock-2_Team-1_Class_HN23_FRF_EMB_01\Mock-2_Team-1_Class_HN23_FRF_EMB_01\Mock_project\Debug\Obj\startup\system_MKL46Z4.o
#        --no_out_extension -o
#        D:\Study\Github\Mock-2_Team-1_Class_HN23_FRF_EMB_01\Mock-2_Team-1_Class_HN23_FRF_EMB_01\Mock_project\Debug\Exe\LED_Blink.out
#        --map
#        D:\Study\Github\Mock-2_Team-1_Class_HN23_FRF_EMB_01\Mock-2_Team-1_Class_HN23_FRF_EMB_01\Mock_project\Debug\List\LED_Blink.map
#        --config "C:\Program Files\IAR Systems\Embedded Workbench
#        9.1\arm/config/linker/NXP/MKL46Z256xxx4.icf" --semihosting --entry
#        __iar_program_start --vfe --text_out locale --cpu=Cortex-M0+
#        --fpu=None)
#
###############################################################################

*******************************************************************************
*** RUNTIME MODEL ATTRIBUTES
***

CppFlavor       = *
__CPP_Runtime   = 1
__SystemLibrary = DLib
__dlib_version  = 6


*******************************************************************************
*** HEAP SELECTION
***

The basic heap was selected because --advanced_heap
was not specified and the application did not appear to
be primarily optimized for speed.


*******************************************************************************
*** PLACEMENT SUMMARY
***

"A0":  place at address 0x0 { ro section .intvec };
"P1":  place in [from 0x0 to 0x3ff] |
                [from 0x410 to 0x3'ffff] { ro };
define block CSTACK with size = 2K, alignment = 8 { };
define block HEAP with size = 4K, alignment = 8 { };
"P3":  place in [from 0x1fff'e000 to 0x1fff'ffff] |
                [from 0x2000'0000 to 0x2000'5fff] {
          rw, block CSTACK, block HEAP };
"P5":  place in [from 0x400 to 0x40f] { section FlashConfig };

No sections matched the following patterns:

  ro section application_specific_ro  in "P2|P4"
  rw                                  in "P3"
  rw section application_specific_rw  in "P2|P4"


  Section      Kind         Address   Size  Object
  -------      ----         -------   ----  ------
"A0":                                 0xc0
  .intvec      ro code          0x0   0xc0  startup_MKL46Z4.o [2]
                             - 0xc0   0xc0

"P1":                                0x1fa
  .text        ro code         0xc0   0xf4  LedBlinking.o [1]
  .text        ro code        0x1b4   0x24  startup_MKL46Z4.o [2]
  .text        ro code        0x1d8   0x1e  cmain.o [4]
  .text        ro code        0x1f6    0x4  low_level_init.o [3]
  .text        ro code        0x1fa    0x8  exit.o [3]
  .text        ro code        0x202    0x2  startup_MKL46Z4.o [2]
  .text        ro code        0x204    0xa  cexit.o [4]
  .text        ro code        0x20e    0x2  startup_MKL46Z4.o [2]
  .text        ro code        0x210   0x14  exit.o [5]
  .text        ro code        0x224   0x1c  cstartup_M.o [4]
  .text        ro code        0x240    0xc  system_MKL46Z4.o [2]
  .text        ro code        0x24c    0x8  startup_MKL46Z4.o [2]
  .text        ro code        0x254    0x8  startup_MKL46Z4.o [2]
  .text        ro code        0x25c    0x8  startup_MKL46Z4.o [2]
  .text        ro code        0x264    0x8  startup_MKL46Z4.o [2]
  .text        ro code        0x26c    0x8  startup_MKL46Z4.o [2]
  .text        ro code        0x274    0x8  startup_MKL46Z4.o [2]
  .text        ro code        0x27c    0x8  startup_MKL46Z4.o [2]
  .text        ro code        0x284    0x8  startup_MKL46Z4.o [2]
  .text        ro code        0x28c    0x8  startup_MKL46Z4.o [2]
  .text        ro code        0x294    0x8  startup_MKL46Z4.o [2]
  .text        ro code        0x29c    0x8  startup_MKL46Z4.o [2]
  .text        ro code        0x2a4    0x8  startup_MKL46Z4.o [2]
  .text        ro code        0x2ac    0x8  startup_MKL46Z4.o [2]
  .text        ro code        0x2b4    0x2  startup_MKL46Z4.o [2]
  .text        ro code        0x2b6    0x2  startup_MKL46Z4.o [2]
  .text        ro code        0x2b8    0x2  startup_MKL46Z4.o [2]
                            - 0x2ba  0x1fa

"P5":                                 0x10
  FlashConfig  ro code        0x400   0x10  startup_MKL46Z4.o [2]
                            - 0x410   0x10

"P3":                                0x800
  CSTACK                0x1fff'e000  0x800  <Block>
    CSTACK     uninit   0x1fff'e000  0x800  <Block tail>
                      - 0x1fff'e800  0x800

Unused ranges:

         From           To      Size
         ----           --      ----
        0x2ba        0x3ff     0x146
        0x410     0x3'ffff  0x3'fbf0
  0x1fff'e800  0x1fff'ffff    0x1800
  0x2000'0000  0x2000'5fff    0x6000



*******************************************************************************
*** MODULE SUMMARY
***

    Module             ro code  rw data
    ------             -------  -------
command line/config:
    -----------------------------------
    Total:

D:\Study\Github\Mock-2_Team-1_Class_HN23_FRF_EMB_01\Mock-2_Team-1_Class_HN23_FRF_EMB_01\Mock_project\Debug\Obj\source: [1]
    LedBlinking.o          244
    -----------------------------------
    Total:                 244

D:\Study\Github\Mock-2_Team-1_Class_HN23_FRF_EMB_01\Mock-2_Team-1_Class_HN23_FRF_EMB_01\Mock_project\Debug\Obj\startup: [2]
    startup_MKL46Z4.o      358
    system_MKL46Z4.o        12
    -----------------------------------
    Total:                 370

dl6M_tln.a: [3]
    exit.o                   8
    low_level_init.o         4
    -----------------------------------
    Total:                  12

rt6M_tl.a: [4]
    cexit.o                 10
    cmain.o                 30
    cstartup_M.o            28
    -----------------------------------
    Total:                  68

shb_l.a: [5]
    exit.o                  20
    -----------------------------------
    Total:                  20

    Linker created                2'048
---------------------------------------
    Grand Total:           714    2'048


*******************************************************************************
*** ENTRY LIST
***

Entry                       Address  Size  Type      Object
-----                       -------  ----  ----      ------
?main                         0x1d9        Code  Gb  cmain.o [4]
ADC0_IRQHandler               0x2ad        Code  Wk  startup_MKL46Z4.o [2]
CMP0_IRQHandler               0x2ad        Code  Wk  startup_MKL46Z4.o [2]
CSTACK$$Base            0x1fff'e000         --   Gb  - Linker created -
CSTACK$$Limit           0x1fff'e800         --   Gb  - Linker created -
DAC0_IRQHandler               0x2ad        Code  Wk  startup_MKL46Z4.o [2]
DMA0_DriverIRQHandler         0x2ad        Code  Wk  startup_MKL46Z4.o [2]
DMA0_IRQHandler               0x24d        Code  Wk  startup_MKL46Z4.o [2]
DMA1_DriverIRQHandler         0x2ad        Code  Wk  startup_MKL46Z4.o [2]
DMA1_IRQHandler               0x255        Code  Wk  startup_MKL46Z4.o [2]
DMA2_DriverIRQHandler         0x2ad        Code  Wk  startup_MKL46Z4.o [2]
DMA2_IRQHandler               0x25d        Code  Wk  startup_MKL46Z4.o [2]
DMA3_DriverIRQHandler         0x2ad        Code  Wk  startup_MKL46Z4.o [2]
DMA3_IRQHandler               0x265        Code  Wk  startup_MKL46Z4.o [2]
DefaultISR                    0x2ad        Code  Wk  startup_MKL46Z4.o [2]
FTFA_IRQHandler               0x2ad        Code  Wk  startup_MKL46Z4.o [2]
Flash_EraseSector             0x105  0x36  Code  Gb  LedBlinking.o [1]
Flash_WriteWord                0xc1  0x44  Code  Gb  LedBlinking.o [1]
HardFault_Handler             0x20f        Code  Wk  startup_MKL46Z4.o [2]
I2C0_DriverIRQHandler         0x2ad        Code  Wk  startup_MKL46Z4.o [2]
I2C0_IRQHandler               0x26d        Code  Wk  startup_MKL46Z4.o [2]
I2C1_DriverIRQHandler         0x2ad        Code  Wk  startup_MKL46Z4.o [2]
I2C1_IRQHandler               0x275        Code  Wk  startup_MKL46Z4.o [2]
I2S0_DriverIRQHandler         0x2ad        Code  Wk  startup_MKL46Z4.o [2]
I2S0_IRQHandler               0x2a5        Code  Wk  startup_MKL46Z4.o [2]
LCD_IRQHandler                0x2ad        Code  Wk  startup_MKL46Z4.o [2]
LLWU_IRQHandler               0x2ad        Code  Wk  startup_MKL46Z4.o [2]
LPTMR0_IRQHandler             0x2ad        Code  Wk  startup_MKL46Z4.o [2]
LVD_LVW_IRQHandler            0x2ad        Code  Wk  startup_MKL46Z4.o [2]
MCG_IRQHandler                0x2ad        Code  Wk  startup_MKL46Z4.o [2]
NMI_Handler                   0x203        Code  Wk  startup_MKL46Z4.o [2]
PIT_IRQHandler                0x2ad        Code  Wk  startup_MKL46Z4.o [2]
PORTA_IRQHandler              0x2ad        Code  Wk  startup_MKL46Z4.o [2]
PORTC_PORTD_IRQHandler        0x2ad        Code  Wk  startup_MKL46Z4.o [2]
PendSV_Handler                0x2b7        Code  Wk  startup_MKL46Z4.o [2]
RTC_IRQHandler                0x2ad        Code  Wk  startup_MKL46Z4.o [2]
RTC_Seconds_IRQHandler        0x2ad        Code  Wk  startup_MKL46Z4.o [2]
Region$$Table$$Base             0x0         --   Gb  - Linker created -
Region$$Table$$Limit            0x0         --   Gb  - Linker created -
Reserved20_IRQHandler         0x2ad        Code  Wk  startup_MKL46Z4.o [2]
Reset_Handler                 0x1b5        Code  Wk  startup_MKL46Z4.o [2]
SPI0_DriverIRQHandler         0x2ad        Code  Wk  startup_MKL46Z4.o [2]
SPI0_IRQHandler               0x27d        Code  Wk  startup_MKL46Z4.o [2]
SPI1_DriverIRQHandler         0x2ad        Code  Wk  startup_MKL46Z4.o [2]
SPI1_IRQHandler               0x285        Code  Wk  startup_MKL46Z4.o [2]
SVC_Handler                   0x2b5        Code  Wk  startup_MKL46Z4.o [2]
SysTick_Handler               0x2b9        Code  Wk  startup_MKL46Z4.o [2]
SystemInit                    0x241   0x8  Code  Gb  system_MKL46Z4.o [2]
TPM0_IRQHandler               0x2ad        Code  Wk  startup_MKL46Z4.o [2]
TPM1_IRQHandler               0x2ad        Code  Wk  startup_MKL46Z4.o [2]
TPM2_IRQHandler               0x2ad        Code  Wk  startup_MKL46Z4.o [2]
TSI0_IRQHandler               0x2ad        Code  Wk  startup_MKL46Z4.o [2]
UART0_DriverIRQHandler        0x2ad        Code  Wk  startup_MKL46Z4.o [2]
UART0_IRQHandler              0x28d        Code  Wk  startup_MKL46Z4.o [2]
UART1_DriverIRQHandler        0x2ad        Code  Wk  startup_MKL46Z4.o [2]
UART1_IRQHandler              0x295        Code  Wk  startup_MKL46Z4.o [2]
UART2_DriverIRQHandler        0x2ad        Code  Wk  startup_MKL46Z4.o [2]
UART2_IRQHandler              0x29d        Code  Wk  startup_MKL46Z4.o [2]
USB0_IRQHandler               0x2ad        Code  Wk  startup_MKL46Z4.o [2]
__Vectors                       0x0         --   Gb  startup_MKL46Z4.o [2]
__Vectors_End                  0xc0        Data  Gb  startup_MKL46Z4.o [2]
__Vectors_Size {Abs}           0xc0         --   Gb  startup_MKL46Z4.o [2]
__cmain                       0x1d9        Code  Gb  cmain.o [4]
__exit                        0x211  0x14  Code  Gb  exit.o [5]
__iar_program_start           0x225        Code  Gb  cstartup_M.o [4]
__low_level_init              0x1f7   0x4  Code  Gb  low_level_init.o [3]
__vector_table                  0x0        Data  Gb  startup_MKL46Z4.o [2]
__vector_table_0x1c            0x1c        Data  Gb  startup_MKL46Z4.o [2]
_call_main                    0x1e5        Code  Gb  cmain.o [4]
_exit                         0x205        Code  Gb  cexit.o [4]
exit                          0x1fb   0x8  Code  Gb  exit.o [3]
main                          0x13b  0x3c  Code  Gb  LedBlinking.o [1]


[1] = D:\Study\Github\Mock-2_Team-1_Class_HN23_FRF_EMB_01\Mock-2_Team-1_Class_HN23_FRF_EMB_01\Mock_project\Debug\Obj\source
[2] = D:\Study\Github\Mock-2_Team-1_Class_HN23_FRF_EMB_01\Mock-2_Team-1_Class_HN23_FRF_EMB_01\Mock_project\Debug\Obj\startup
[3] = dl6M_tln.a
[4] = rt6M_tl.a
[5] = shb_l.a

    714 bytes of readonly  code memory
  2'048 bytes of readwrite data memory

Errors: none
Warnings: none
