###############################################################################
#
# IAR ELF Linker V9.32.2.340/W64 for ARM                  27/May/2023  09:36:58
# Copyright 2007-2023 IAR Systems AB.
#
#    Output file  =  D:\Study\Project_ARM\Firmware2\Debug\Exe\Firmware2.out
#    Map file     =  D:\Study\Project_ARM\Firmware2\Debug\List\Firmware2.map
#    Command line =
#        -f D:\Study\Project_ARM\Firmware2\Debug\Exe\Firmware2.out.rsp
#        (D:\Study\Project_ARM\Firmware2\Debug\Obj\source\ADC.o
#        D:\Study\Project_ARM\Firmware2\Debug\Obj\source\Firmware2.o
#        D:\Study\Project_ARM\Firmware2\Debug\Obj\source\GPIO.o
#        D:\Study\Project_ARM\Firmware2\Debug\Obj\source\Middleware.o
#        D:\Study\Project_ARM\Firmware2\Debug\Obj\source\PIT.o
#        D:\Study\Project_ARM\Firmware2\Debug\Obj\source\Port.o
#        D:\Study\Project_ARM\Firmware2\Debug\Obj\startup\startup_MKL46Z4.o
#        D:\Study\Project_ARM\Firmware2\Debug\Obj\startup\system_MKL46Z4.o
#        --no_out_extension -o
#        D:\Study\Project_ARM\Firmware2\Debug\Exe\Firmware2.out --map
#        D:\Study\Project_ARM\Firmware2\Debug\List\Firmware2.map --config
#        "C:\Program Files\IAR Systems\Embedded Workbench
#        9.1\arm/config/linker/NXP/MKL46Z256xxx4.icf" --semihosting --entry
#        __iar_program_start --vfe --text_out locale --cpu=Cortex-M0+
#        --fpu=None)
#
###############################################################################

*******************************************************************************
*** RUNTIME MODEL ATTRIBUTES
***

CppFlavor       = *
__CPP_Runtime   = 1
__SystemLibrary = DLib
__dlib_version  = 6


*******************************************************************************
*** HEAP SELECTION
***

The basic heap was selected because --advanced_heap
was not specified and the application did not appear to
be primarily optimized for speed.


*******************************************************************************
*** PLACEMENT SUMMARY
***

"A0":  place at address 0x0 { ro section .intvec };
"P1":  place in [from 0x0 to 0x3ff] |
                [from 0x410 to 0x3'ffff] { ro };
define block CSTACK with size = 2K, alignment = 8 { };
define block HEAP with size = 4K, alignment = 8 { };
"P3":  place in [from 0x1fff'e000 to 0x1fff'ffff] |
                [from 0x2000'0000 to 0x2000'5fff] {
          rw, block CSTACK, block HEAP };
"P5":  place in [from 0x400 to 0x40f] { section FlashConfig };
initialize by copy { rw };

No sections matched the following patterns:

  ro section application_specific_ro  in "P2|P4"
  rw section application_specific_rw  in "P2|P4"


  Section            Kind         Address    Size  Object
  -------            ----         -------    ----  ------
"A0":                                        0xc0
  .intvec            ro code          0x0    0xc0  startup_MKL46Z4.o [2]
                                   - 0xc0    0xc0

"P1", part 1 of 2:                          0x120
  .text              ro code         0xc0    0x24  DblCmpEq.o [4]
  .text              ro code         0xe4    0x2a  frexp.o [4]
  .text              ro code        0x10e    0x32  DblCmpLe.o [4]
  .text              ro code        0x140    0x70  ldexp.o [4]
  Initializer bytes  const          0x1b0    0x30  <for P3 s0>
                                  - 0x1e0   0x120

"P5":                                        0x10
  FlashConfig        ro code        0x400    0x10  startup_MKL46Z4.o [2]
                                  - 0x410    0x10

"P1", part 2 of 2:                         0x1d08
  .text              ro code        0x410   0x6e8  pow64.o [4]
  .text              ro code        0xaf8   0x184  DblMul.o [4]
  .text              ro code        0xc7c   0x1b4  DblAddSub.o [4]
  .text              ro code        0xe30    0x52  DblToI32.o [4]
  .text              ro code        0xe82     0x2  startup_MKL46Z4.o [2]
  .text              ro code        0xe84    0x34  IxxToDbl.o [4]
  .text              ro code        0xeb8    0xc2  DblDiv.o [4]
  .text              ro code        0xf7a    0x32  DblCmpGe.o [4]
  .text              ro code        0xfac   0x380  iar_Exp64.o [4]
  .text              ro code       0x132c    0x24  startup_MKL46Z4.o [2]
  .rodata            const         0x1350   0x420  pow64.o [4]
  .text              ro code       0x1770   0x18c  Firmware2.o [1]
  .text              ro code       0x18fc    0x20  IxxToFlt.o [4]
  .text              ro code       0x191c    0x32  FltToDbl.o [4]
  .text              ro code       0x194e    0x62  DblToFlt.o [4]
  .text              ro code       0x19b0    0x7c  Middleware.o [1]
  .text              ro code       0x1a2c    0xf0  ADC.o [1]
  .text              ro code       0x1b1c   0x148  PIT.o [1]
  .text              ro code       0x1c64    0xe8  Port.o [1]
  .text              ro code       0x1d4c    0x4e  GPIO.o [1]
  .text              ro code       0x1d9a     0x2  startup_MKL46Z4.o [2]
  .text              ro code       0x1d9c   0x184  system_MKL46Z4.o [2]
  .text              ro code       0x1f20    0xae  I32DivModFast.o [5]
  .text              ro code       0x1fce     0x2  startup_MKL46Z4.o [2]
  .text              ro code       0x1fd0     0x2  IntDivZer.o [5]
  .text              ro code       0x1fd2    0x30  copy_init3.o [5]
  .text              ro code       0x2002     0x2  startup_MKL46Z4.o [2]
  .text              ro code       0x2004    0x28  data_init.o [5]
  .iar.init_table    const         0x202c    0x14  - Linker created -
  .text              ro code       0x2040    0x1e  cmain.o [5]
  .text              ro code       0x205e     0x4  low_level_init.o [3]
  .text              ro code       0x2062     0x8  exit.o [3]
  .text              ro code       0x206a     0x2  startup_MKL46Z4.o [2]
  .text              ro code       0x206c     0xa  cexit.o [5]
  .text              ro code       0x2078    0x14  exit.o [6]
  .text              ro code       0x208c    0x1c  cstartup_M.o [5]
  .text              ro code       0x20a8     0x8  startup_MKL46Z4.o [2]
  .text              ro code       0x20b0     0x8  startup_MKL46Z4.o [2]
  .text              ro code       0x20b8     0x8  startup_MKL46Z4.o [2]
  .text              ro code       0x20c0     0x8  startup_MKL46Z4.o [2]
  .text              ro code       0x20c8     0x8  startup_MKL46Z4.o [2]
  .text              ro code       0x20d0     0x8  startup_MKL46Z4.o [2]
  .text              ro code       0x20d8     0x8  startup_MKL46Z4.o [2]
  .text              ro code       0x20e0     0x8  startup_MKL46Z4.o [2]
  .text              ro code       0x20e8     0x8  startup_MKL46Z4.o [2]
  .text              ro code       0x20f0     0x8  startup_MKL46Z4.o [2]
  .text              ro code       0x20f8     0x8  startup_MKL46Z4.o [2]
  .text              ro code       0x2100     0x8  startup_MKL46Z4.o [2]
  .text              ro code       0x2108     0x8  startup_MKL46Z4.o [2]
  .rodata            const         0x2110     0x4  Middleware.o [1]
  .rodata            const         0x2114     0x4  Middleware.o [1]
  .rodata            const         0x2118     0x0  copy_init3.o [5]
                                 - 0x2118  0x1d08

"P3", part 1 of 2:                           0x30
  P3 s0                       0x1fff'e000    0x30  <Init block>
    .data            inited   0x1fff'e000    0x10  Firmware2.o [1]
    .data            inited   0x1fff'e010     0xc  Firmware2.o [1]
    .data            inited   0x1fff'e01c     0x4  system_MKL46Z4.o [2]
    .bss             inited   0x1fff'e020     0x4  ADC.o [1]
    .bss             inited   0x1fff'e024     0x4  Firmware2.o [1]
    .bss             inited   0x1fff'e028     0x4  PIT.o [1]
    .bss             inited   0x1fff'e02c     0x2  Firmware2.o [1]
                            - 0x1fff'e030    0x30

"P3", part 2 of 2:                          0x800
  CSTACK                      0x1fff'e030   0x800  <Block>
    CSTACK           uninit   0x1fff'e030   0x800  <Block tail>
                            - 0x1fff'e830   0x800

Unused ranges:

         From           To      Size
         ----           --      ----
        0x1e0        0x3ff     0x220
       0x2118     0x3'ffff  0x3'dee8
  0x1fff'e830  0x1fff'ffff    0x17d0
  0x2000'0000  0x2000'5fff    0x6000


*******************************************************************************
*** INIT TABLE
***

          Address      Size
          -------      ----
Copy (__iar_copy_init3)
    1 source range, total size 0x30 (104% of destination):
                0x1b0  0x30
    1 destination range, total size 0x2e:
          0x1fff'e000  0x2e



*******************************************************************************
*** MODULE SUMMARY
***

    Module             ro code  ro data  rw data
    ------             -------  -------  -------
command line/config:
    --------------------------------------------
    Total:

D:\Study\Project_ARM\Firmware2\Debug\Obj\source: [1]
    ADC.o                  240        4        4
    Firmware2.o            396       34       34
    GPIO.o                  78
    Middleware.o           124        8
    PIT.o                  328        4        4
    Port.o                 232
    --------------------------------------------
    Total:               1'398       50       42

D:\Study\Project_ARM\Firmware2\Debug\Obj\startup: [2]
    startup_MKL46Z4.o      358
    system_MKL46Z4.o       388        4        4
    --------------------------------------------
    Total:                 746        4        4

dl6M_tln.a: [3]
    exit.o                   8
    low_level_init.o         4
    --------------------------------------------
    Total:                  12

m6M_tl.a: [4]
    DblAddSub.o            436
    DblCmpEq.o              36
    DblCmpGe.o              50
    DblCmpLe.o              50
    DblDiv.o               194
    DblMul.o               388
    DblToFlt.o              98
    DblToI32.o              82
    FltToDbl.o              50
    IxxToDbl.o              52
    IxxToFlt.o              32
    frexp.o                 42
    iar_Exp64.o            896
    ldexp.o                112
    pow64.o              1'768    1'056
    --------------------------------------------
    Total:               4'286    1'056

rt6M_tl.a: [5]
    I32DivModFast.o        174
    IntDivZer.o              2
    cexit.o                 10
    cmain.o                 30
    copy_init3.o            48
    cstartup_M.o            28
    data_init.o             40
    --------------------------------------------
    Total:                 332

shb_l.a: [6]
    exit.o                  20
    --------------------------------------------
    Total:                  20

    Gaps                     2
    Linker created                   22    2'048
------------------------------------------------
    Grand Total:         6'796    1'132    2'094


*******************************************************************************
*** ENTRY LIST
***

Entry                       Address   Size  Type      Object
-----                       -------   ----  ----      ------
.iar.init_table$$Base        0x202c          --   Gb  - Linker created -
.iar.init_table$$Limit       0x2040          --   Gb  - Linker created -
?main                        0x2041         Code  Gb  cmain.o [5]
ADC0_IRQHandler              0x1ae9    0xa  Code  Gb  ADC.o [1]
ADC0_Read                    0x1af3    0xc  Code  Gb  ADC.o [1]
ADC_Init                     0x1a2d   0x9a  Code  Gb  ADC.o [1]
ADC_Trigger_Conversion       0x1ac7   0x22  Code  Gb  ADC.o [1]
ADC_data                0x1fff'e02c    0x2  Data  Gb  Firmware2.o [1]
BLUE_LED_Init                0x19d5   0x24  Code  Gb  Middleware.o [1]
CMP0_IRQHandler              0x2109         Code  Wk  startup_MKL46Z4.o [2]
CSTACK$$Base            0x1fff'e030          --   Gb  - Linker created -
CSTACK$$Limit           0x1fff'e830          --   Gb  - Linker created -
DAC0_IRQHandler              0x2109         Code  Wk  startup_MKL46Z4.o [2]
DMA0_DriverIRQHandler        0x2109         Code  Wk  startup_MKL46Z4.o [2]
DMA0_IRQHandler              0x20a9         Code  Wk  startup_MKL46Z4.o [2]
DMA1_DriverIRQHandler        0x2109         Code  Wk  startup_MKL46Z4.o [2]
DMA1_IRQHandler              0x20b1         Code  Wk  startup_MKL46Z4.o [2]
DMA2_DriverIRQHandler        0x2109         Code  Wk  startup_MKL46Z4.o [2]
DMA2_IRQHandler              0x20b9         Code  Wk  startup_MKL46Z4.o [2]
DMA3_DriverIRQHandler        0x2109         Code  Wk  startup_MKL46Z4.o [2]
DMA3_IRQHandler              0x20c1         Code  Wk  startup_MKL46Z4.o [2]
DefaultISR                   0x2109         Code  Wk  startup_MKL46Z4.o [2]
FTFA_IRQHandler              0x2109         Code  Wk  startup_MKL46Z4.o [2]
GPIO_Init                    0x1d4d   0x38  Code  Gb  GPIO.o [1]
GPIO_TogglePin               0x1d85   0x16  Code  Gb  GPIO.o [1]
HardFault_Handler            0x1d9b         Code  Wk  startup_MKL46Z4.o [2]
I2C0_DriverIRQHandler        0x2109         Code  Wk  startup_MKL46Z4.o [2]
I2C0_IRQHandler              0x20c9         Code  Wk  startup_MKL46Z4.o [2]
I2C1_DriverIRQHandler        0x2109         Code  Wk  startup_MKL46Z4.o [2]
I2C1_IRQHandler              0x20d1         Code  Wk  startup_MKL46Z4.o [2]
I2S0_DriverIRQHandler        0x2109         Code  Wk  startup_MKL46Z4.o [2]
I2S0_IRQHandler              0x2101         Code  Wk  startup_MKL46Z4.o [2]
LCD_IRQHandler               0x2109         Code  Wk  startup_MKL46Z4.o [2]
LLWU_IRQHandler              0x2109         Code  Wk  startup_MKL46Z4.o [2]
LPTMR0_IRQHandler            0x2109         Code  Wk  startup_MKL46Z4.o [2]
LVD_LVW_IRQHandler           0x2109         Code  Wk  startup_MKL46Z4.o [2]
MCG_IRQHandler               0x2109         Code  Wk  startup_MKL46Z4.o [2]
NMI_Handler                   0xe83         Code  Wk  startup_MKL46Z4.o [2]
NVIC_EnableIRQ               0x1771    0xe  Code  Lc  Firmware2.o [1]
NVIC_SetPriority             0x177f   0x72  Code  Lc  Firmware2.o [1]
PIT_ClearInterruptFlag       0x1c2b   0x1a  Code  Lc  PIT.o [1]
PIT_IRQHandler               0x1bf5   0x36  Code  Gb  PIT.o [1]
PIT_Init                     0x1b1d   0x9c  Code  Gb  PIT.o [1]
PIT_TimerControl             0x1bb9   0x3c  Code  Gb  PIT.o [1]
PORTA_IRQHandler             0x2109         Code  Wk  startup_MKL46Z4.o [2]
PORTC_PORTD_IRQHandler       0x2109         Code  Wk  startup_MKL46Z4.o [2]
PORT_Init                    0x1c65   0xde  Code  Gb  Port.o [1]
PendSV_Handler               0x2003         Code  Wk  startup_MKL46Z4.o [2]
RED_LED_Init                 0x19b1   0x24  Code  Gb  Middleware.o [1]
RTC_IRQHandler               0x2109         Code  Wk  startup_MKL46Z4.o [2]
RTC_Seconds_IRQHandler       0x2109         Code  Wk  startup_MKL46Z4.o [2]
Region$$Table$$Base          0x202c          --   Gb  - Linker created -
Region$$Table$$Limit         0x2040          --   Gb  - Linker created -
Reserved20_IRQHandler        0x2109         Code  Wk  startup_MKL46Z4.o [2]
Reset_Handler                0x132d         Code  Wk  startup_MKL46Z4.o [2]
SPI0_DriverIRQHandler        0x2109         Code  Wk  startup_MKL46Z4.o [2]
SPI0_IRQHandler              0x20d9         Code  Wk  startup_MKL46Z4.o [2]
SPI1_DriverIRQHandler        0x2109         Code  Wk  startup_MKL46Z4.o [2]
SPI1_IRQHandler              0x20e1         Code  Wk  startup_MKL46Z4.o [2]
SVC_Handler                  0x1fcf         Code  Wk  startup_MKL46Z4.o [2]
SysTick_Handler              0x206b         Code  Wk  startup_MKL46Z4.o [2]
SystemCoreClock         0x1fff'e01c    0x4  Data  Gb  system_MKL46Z4.o [2]
SystemCoreClockUpdate        0x1da5  0x146  Code  Gb  system_MKL46Z4.o [2]
SystemInit                   0x1d9d    0x8  Code  Gb  system_MKL46Z4.o [2]
TPM0_IRQHandler              0x2109         Code  Wk  startup_MKL46Z4.o [2]
TPM1_IRQHandler              0x2109         Code  Wk  startup_MKL46Z4.o [2]
TPM2_IRQHandler              0x2109         Code  Wk  startup_MKL46Z4.o [2]
TSI0_IRQHandler              0x2109         Code  Wk  startup_MKL46Z4.o [2]
Temp_value              0x1fff'e024    0x4  Data  Gb  Firmware2.o [1]
Temperature_Cal              0x17f1   0x5c  Code  Gb  Firmware2.o [1]
Toggle_GREEN_LED             0x1a05    0xc  Code  Gb  Middleware.o [1]
Toggle_RED_LED               0x19f9    0xc  Code  Gb  Middleware.o [1]
UART0_DriverIRQHandler       0x2109         Code  Wk  startup_MKL46Z4.o [2]
UART0_IRQHandler             0x20e9         Code  Wk  startup_MKL46Z4.o [2]
UART1_DriverIRQHandler       0x2109         Code  Wk  startup_MKL46Z4.o [2]
UART1_IRQHandler             0x20f1         Code  Wk  startup_MKL46Z4.o [2]
UART2_DriverIRQHandler       0x2109         Code  Wk  startup_MKL46Z4.o [2]
UART2_IRQHandler             0x20f9         Code  Wk  startup_MKL46Z4.o [2]
USB0_IRQHandler              0x2109         Code  Wk  startup_MKL46Z4.o [2]
UserConfig_ADC          0x1fff'e010    0xc  Data  Gb  Firmware2.o [1]
UserConfig_PIT          0x1fff'e000   0x10  Data  Gb  Firmware2.o [1]
UserConfig_PortD5            0x2110    0x4  Data  Gb  Middleware.o [1]
UserConfig_PortE29           0x2114    0x4  Data  Gb  Middleware.o [1]
__Vectors                       0x0          --   Gb  startup_MKL46Z4.o [2]
__Vectors_End                  0xc0         Data  Gb  startup_MKL46Z4.o [2]
__Vectors_Size {Abs}           0xc0          --   Gb  startup_MKL46Z4.o [2]
__aeabi_cdcmpeq                0xc1         Code  Gb  DblCmpEq.o [4]
__aeabi_cdcmple               0x10f         Code  Gb  DblCmpLe.o [4]
__aeabi_cdrcmple              0xf7b         Code  Gb  DblCmpGe.o [4]
__aeabi_d2f                  0x194f         Code  Gb  DblToFlt.o [4]
__aeabi_d2iz                  0xe31         Code  Gb  DblToI32.o [4]
__aeabi_d2uiz                 0xe55         Code  Gb  DblToI32.o [4]
__aeabi_dadd                  0xc7d         Code  Gb  DblAddSub.o [4]
__aeabi_ddiv                  0xeb9         Code  Gb  DblDiv.o [4]
__aeabi_dmul                  0xaf9         Code  Gb  DblMul.o [4]
__aeabi_dsub                  0xd43         Code  Gb  DblAddSub.o [4]
__aeabi_f2d                  0x191d         Code  Gb  FltToDbl.o [4]
__aeabi_i2d                   0xea5         Code  Gb  IxxToDbl.o [4]
__aeabi_idiv0                0x1fd1         Code  Gb  IntDivZer.o [5]
__aeabi_ui2d                  0xe85         Code  Gb  IxxToDbl.o [4]
__aeabi_ui2f                 0x18fd         Code  Gb  IxxToFlt.o [4]
__aeabi_uidiv                0x1f21         Code  Gb  I32DivModFast.o [5]
__aeabi_uidivmod             0x1f21         Code  Gb  I32DivModFast.o [5]
__cmain                      0x2041         Code  Gb  cmain.o [5]
__exit                       0x2079   0x14  Code  Gb  exit.o [6]
__iar_Exp64                   0xfad  0x380  Code  Gb  iar_Exp64.o [4]
__iar_copy_init3             0x1fd3   0x30  Code  Gb  copy_init3.o [5]
__iar_d2uiz                   0xe59         Code  Gb  DblToI32.o [4]
__iar_data_init3             0x2005   0x28  Code  Gb  data_init.o [5]
__iar_frexp                    0xf1         Code  Gb  frexp.o [4]
__iar_frexp64                  0xe5         Code  Gb  frexp.o [4]
__iar_frexpl                   0xf1         Code  Gb  frexp.o [4]
__iar_ldexp64                 0x141         Code  Gb  ldexp.o [4]
__iar_pow64                   0x411  0x6e8  Code  Gb  pow64.o [4]
__iar_pow_medium              0x411  0x6e8  Code  Gb  pow64.o [4]
__iar_pow_medium64            0x411  0x6e8  Code  Gb  pow64.o [4]
__iar_pow_mediuml             0x411  0x6e8  Code  Gb  pow64.o [4]
__iar_program_start          0x208d         Code  Gb  cstartup_M.o [5]
__iar_scalbln64               0x141         Code  Gb  ldexp.o [4]
__iar_scalbn64                0x141         Code  Gb  ldexp.o [4]
__low_level_init             0x205f    0x4  Code  Gb  low_level_init.o [3]
__vector_table                  0x0         Data  Gb  startup_MKL46Z4.o [2]
__vector_table_0x1c            0x1c         Data  Gb  startup_MKL46Z4.o [2]
_call_main                   0x204d         Code  Gb  cmain.o [5]
_exit                        0x206d         Code  Gb  cexit.o [5]
exit                         0x2063    0x8  Code  Gb  exit.o [3]
frexp                          0xe5         Code  Gb  frexp.o [4]
frexpl                         0xe5         Code  Gb  frexp.o [4]
ldexp                         0x141         Code  Gb  ldexp.o [4]
ldexpl                        0x141         Code  Gb  ldexp.o [4]
lnbias                       0x1350  0x420  Data  Lc  pow64.o [4]
main                         0x187f   0x3c  Code  Gb  Firmware2.o [1]
myADC_Handler                0x1863   0x1c  Code  Gb  Firmware2.o [1]
myTimer_Handler              0x184d   0x16  Code  Gb  Firmware2.o [1]
pow                           0x411  0x6e8  Code  Gb  pow64.o [4]
powl                          0x411  0x6e8  Code  Gb  pow64.o [4]
sCallback               0x1fff'e028    0x4  Data  Lc  PIT.o [1]
sCallback_ADC           0x1fff'e020    0x4  Data  Lc  ADC.o [1]
scalbln                       0x141         Code  Gb  ldexp.o [4]
scalblnl                      0x141         Code  Gb  ldexp.o [4]
scalbn                        0x141         Code  Gb  ldexp.o [4]
scalbnl                       0x141         Code  Gb  ldexp.o [4]


[1] = D:\Study\Project_ARM\Firmware2\Debug\Obj\source
[2] = D:\Study\Project_ARM\Firmware2\Debug\Obj\startup
[3] = dl6M_tln.a
[4] = m6M_tl.a
[5] = rt6M_tl.a
[6] = shb_l.a

  6'796 bytes of readonly  code memory
  1'132 bytes of readonly  data memory
  2'094 bytes of readwrite data memory

Errors: none
Warnings: none
