###############################################################################
#
# IAR ELF Linker V9.32.2.340/W64 for ARM                  29/May/2023  18:33:01
# Copyright 2007-2023 IAR Systems AB.
#
#    Output file  =
#        D:\Study\Github\Mock-2_Team-1_Class_HN23_FRF_EMB_01\Mock-2_Team-1_Class_HN23_FRF_EMB_01\Firmware2\Debug\Exe\Firmware2.out
#    Map file     =
#        D:\Study\Github\Mock-2_Team-1_Class_HN23_FRF_EMB_01\Mock-2_Team-1_Class_HN23_FRF_EMB_01\Firmware2\Debug\List\Firmware2.map
#    Command line =
#        -f
#        D:\Study\Github\Mock-2_Team-1_Class_HN23_FRF_EMB_01\Mock-2_Team-1_Class_HN23_FRF_EMB_01\Firmware2\Debug\Exe\Firmware2.out.rsp
#        (D:\Study\Github\Mock-2_Team-1_Class_HN23_FRF_EMB_01\Mock-2_Team-1_Class_HN23_FRF_EMB_01\Firmware2\Debug\Obj\source\ADC.o
#        D:\Study\Github\Mock-2_Team-1_Class_HN23_FRF_EMB_01\Mock-2_Team-1_Class_HN23_FRF_EMB_01\Firmware2\Debug\Obj\source\Firmware2.o
#        D:\Study\Github\Mock-2_Team-1_Class_HN23_FRF_EMB_01\Mock-2_Team-1_Class_HN23_FRF_EMB_01\Firmware2\Debug\Obj\source\GPIO.o
#        D:\Study\Github\Mock-2_Team-1_Class_HN23_FRF_EMB_01\Mock-2_Team-1_Class_HN23_FRF_EMB_01\Firmware2\Debug\Obj\source\Middleware.o
#        D:\Study\Github\Mock-2_Team-1_Class_HN23_FRF_EMB_01\Mock-2_Team-1_Class_HN23_FRF_EMB_01\Firmware2\Debug\Obj\source\PIT.o
#        D:\Study\Github\Mock-2_Team-1_Class_HN23_FRF_EMB_01\Mock-2_Team-1_Class_HN23_FRF_EMB_01\Firmware2\Debug\Obj\source\Port.o
#        D:\Study\Github\Mock-2_Team-1_Class_HN23_FRF_EMB_01\Mock-2_Team-1_Class_HN23_FRF_EMB_01\Firmware2\Debug\Obj\startup\startup_MKL46Z4.o
#        D:\Study\Github\Mock-2_Team-1_Class_HN23_FRF_EMB_01\Mock-2_Team-1_Class_HN23_FRF_EMB_01\Firmware2\Debug\Obj\startup\system_MKL46Z4.o
#        D:\Study\Github\Mock-2_Team-1_Class_HN23_FRF_EMB_01\Mock-2_Team-1_Class_HN23_FRF_EMB_01\Firmware2\Debug\Obj\source\UART.o
#        --no_out_extension -o
#        D:\Study\Github\Mock-2_Team-1_Class_HN23_FRF_EMB_01\Mock-2_Team-1_Class_HN23_FRF_EMB_01\Firmware2\Debug\Exe\Firmware2.out
#        --map
#        D:\Study\Github\Mock-2_Team-1_Class_HN23_FRF_EMB_01\Mock-2_Team-1_Class_HN23_FRF_EMB_01\Firmware2\Debug\List\Firmware2.map
#        --config "C:\Program Files\IAR Systems\Embedded Workbench
#        9.1\arm/config/linker/NXP/MKL46Z256xxx4.icf" --semihosting --entry
#        __iar_program_start --vfe --text_out locale --cpu=Cortex-M0+
#        --fpu=None)
#
###############################################################################

*******************************************************************************
*** RUNTIME MODEL ATTRIBUTES
***

CppFlavor       = *
__CPP_Runtime   = 1
__SystemLibrary = DLib
__dlib_version  = 6


*******************************************************************************
*** HEAP SELECTION
***

The basic heap was selected because --advanced_heap
was not specified and the application did not appear to
be primarily optimized for speed.


*******************************************************************************
*** PLACEMENT SUMMARY
***

"A0":  place at address 0x0 { ro section .intvec };
"P1":  place in [from 0x0 to 0x3ff] |
                [from 0x410 to 0x3'ffff] { ro };
define block CSTACK with size = 2K, alignment = 8 { };
define block HEAP with size = 4K, alignment = 8 { };
"P3":  place in [from 0x1fff'e000 to 0x1fff'ffff] |
                [from 0x2000'0000 to 0x2000'5fff] {
          rw, block CSTACK, block HEAP };
"P5":  place in [from 0x400 to 0x40f] { section FlashConfig };
initialize by copy { rw };

No sections matched the following patterns:

  ro section application_specific_ro  in "P2|P4"
  rw section application_specific_rw  in "P2|P4"


  Section            Kind         Address    Size  Object
  -------            ----         -------    ----  ------
"A0":                                        0xc0
  .intvec            ro code          0x0    0xc0  startup_MKL46Z4.o [2]
                                   - 0xc0    0xc0

"P1", part 1 of 2:                          0x178
  .text              ro code         0xc0     0xa  xsprout.o [3]
  .text              ro code         0xcc    0x12  strchr.o [5]
  .text              ro code         0xde     0x2  startup_MKL46Z4.o [2]
  .text              ro code         0xe0    0x48  xfail_s.o [3]
  .text              ro code        0x128     0xe  strlen.o [5]
  .text              ro code        0x136     0x2  startup_MKL46Z4.o [2]
  .text              ro code        0x138    0x16  memchr.o [5]
  .text              ro code        0x14e     0x2  startup_MKL46Z4.o [2]
  .text              ro code        0x150    0x4e  ABImemcpy.o [5]
  .text              ro code        0x19e    0x2a  frexp.o [4]
  Initializer bytes  const          0x1c8    0x70  <for P3 s0>
                                  - 0x238   0x178

"P5":                                        0x10
  FlashConfig        ro code        0x400    0x10  startup_MKL46Z4.o [2]
                                  - 0x410    0x10

"P1", part 2 of 2:                         0x2054
  .text              ro code        0x410   0xdd2  xprintflarge_nomb.o [3]
  .text              ro code       0x11e2    0xe0  I32DivModFast.o [5]
  .text              ro code       0x12c2    0xc2  DblDiv.o [4]
  .text              ro code       0x1384     0x2  startup_MKL46Z4.o [2]
  .text              ro code       0x1388    0x2e  DblToI32.o [4]
  .text              ro code       0x13b6     0x2  startup_MKL46Z4.o [2]
  .text              ro code       0x13b8    0x20  IxxToDbl.o [4]
  .text              ro code       0x13d8   0x1b4  DblAddSub.o [4]
  .text              ro code       0x158c   0x184  DblMul.o [4]
  .text              ro code       0x1710    0x7c  I64DivMod.o [5]
  .text              ro code       0x178c     0xa  abort.o [3]
  .text              ro code       0x1798     0x2  IntDivZer.o [5]
  .text              ro code       0x179c     0x2  I64DivZer.o [5]
  .text              ro code       0x17a0    0x14  exit.o [6]
  .text              ro code       0x17b4   0x2fc  Middleware.o [1]
  .text              ro code       0x1ab0    0xf0  ADC.o [1]
  .text              ro code       0x1ba0    0x32  FltToDbl.o [4]
  .text              ro code       0x1bd4    0x40  sprintf.o [3]
  .text              ro code       0x1c14   0x13c  UART.o [1]
  .text              ro code       0x1d50    0xe8  Port.o [1]
  .text              ro code       0x1e38    0x4e  GPIO.o [1]
  .text              ro code       0x1e88    0x20  IxxToFlt.o [4]
  .text              ro code       0x1ea8    0xa4  FltDiv.o [4]
  .text              ro code       0x1f4c    0x62  DblToFlt.o [4]
  .text              ro code       0x1fb0   0x148  PIT.o [1]
  .text              ro code       0x20f8   0x184  system_MKL46Z4.o [2]
  .rodata            const         0x227c    0x6a  xprintflarge_nomb.o [3]
  .text              ro code       0x22e6    0x30  copy_init3.o [5]
  .text              ro code       0x2318    0x28  data_init.o [5]
  .text              ro code       0x2340    0x24  startup_MKL46Z4.o [2]
  .iar.init_table    const         0x2364    0x14  - Linker created -
  .text              ro code       0x2378    0x20  Firmware2.o [1]
  .text              ro code       0x2398    0x1e  cmain.o [5]
  .text              ro code       0x23b6     0x4  low_level_init.o [3]
  .text              ro code       0x23ba     0x8  exit.o [3]
  .text              ro code       0x23c4     0xa  cexit.o [5]
  .text              ro code       0x23d0    0x1c  cstartup_M.o [5]
  .rodata            const         0x23ec     0x8  Middleware.o [1]
  .text              ro code       0x23f4     0x8  startup_MKL46Z4.o [2]
  .text              ro code       0x23fc     0x8  startup_MKL46Z4.o [2]
  .text              ro code       0x2404     0x8  startup_MKL46Z4.o [2]
  .text              ro code       0x240c     0x8  startup_MKL46Z4.o [2]
  .text              ro code       0x2414     0x8  startup_MKL46Z4.o [2]
  .text              ro code       0x241c     0x8  startup_MKL46Z4.o [2]
  .text              ro code       0x2424     0x8  startup_MKL46Z4.o [2]
  .text              ro code       0x242c     0x8  startup_MKL46Z4.o [2]
  .text              ro code       0x2434     0x8  startup_MKL46Z4.o [2]
  .text              ro code       0x243c     0x8  startup_MKL46Z4.o [2]
  .text              ro code       0x2444     0x8  startup_MKL46Z4.o [2]
  .text              ro code       0x244c     0x8  startup_MKL46Z4.o [2]
  .rodata            const         0x2454     0x4  Middleware.o [1]
  .rodata            const         0x2458     0x4  Middleware.o [1]
  .rodata            const         0x245c     0x4  Middleware.o [1]
  .rodata            const         0x2460     0x4  Middleware.o [1]
  .rodata            const         0x2464     0x0  copy_init3.o [5]
                                 - 0x2464  0x2054

"P3", part 1 of 2:                           0x70
  P3 s0                       0x1fff'e000    0x70  <Init block>
    .bss             inited   0x1fff'e000    0x28  Middleware.o [1]
    .data            inited   0x1fff'e028    0x10  Middleware.o [1]
    .data            inited   0x1fff'e038    0x10  Middleware.o [1]
    .data            inited   0x1fff'e048     0xc  Middleware.o [1]
    .data            inited   0x1fff'e054     0x4  system_MKL46Z4.o [2]
    .bss             inited   0x1fff'e058     0x4  ADC.o [1]
    .bss             inited   0x1fff'e05c     0x4  Middleware.o [1]
    .bss             inited   0x1fff'e060     0x4  PIT.o [1]
    .bss             inited   0x1fff'e064     0x4  UART.o [1]
    .bss             inited   0x1fff'e068     0x4  xfail_s.o [3]
    .bss             inited   0x1fff'e06c     0x2  Middleware.o [1]
    .bss             inited   0x1fff'e06e     0x1  Middleware.o [1]
    .bss             inited   0x1fff'e06f     0x1  Middleware.o [1]
                            - 0x1fff'e070    0x70

"P3", part 2 of 2:                          0x800
  CSTACK                      0x1fff'e070   0x800  <Block>
    CSTACK           uninit   0x1fff'e070   0x800  <Block tail>
                            - 0x1fff'e870   0x800

Unused ranges:

         From           To      Size
         ----           --      ----
        0x238        0x3ff     0x1c8
       0x2464     0x3'ffff  0x3'db9c
  0x1fff'e870  0x1fff'ffff    0x1790
  0x2000'0000  0x2000'5fff    0x6000


*******************************************************************************
*** INIT TABLE
***

          Address      Size
          -------      ----
Copy (__iar_copy_init3)
    1 source range, total size 0x70:
                0x1c8  0x70
    1 destination range, total size 0x70:
          0x1fff'e000  0x70



*******************************************************************************
*** MODULE SUMMARY
***

    Module               ro code  ro data  rw data
    ------               -------  -------  -------
command line/config:
    ----------------------------------------------
    Total:

D:\Study\Github\Mock-2_Team-1_Class_HN23_FRF_EMB_01\Mock-2_Team-1_Class_HN23_FRF_EMB_01\Firmware2\Debug\Obj\source: [1]
    ADC.o                    240        4        4
    Firmware2.o               32
    GPIO.o                    78
    Middleware.o             764      116       92
    PIT.o                    328        4        4
    Port.o                   232
    UART.o                   316        4        4
    ----------------------------------------------
    Total:                 1'990      128      104

D:\Study\Github\Mock-2_Team-1_Class_HN23_FRF_EMB_01\Mock-2_Team-1_Class_HN23_FRF_EMB_01\Firmware2\Debug\Obj\startup: [2]
    startup_MKL46Z4.o        350
    system_MKL46Z4.o         388        4        4
    ----------------------------------------------
    Total:                   738        4        4

dl6M_tln.a: [3]
    abort.o                   10
    exit.o                     8
    low_level_init.o           4
    sprintf.o                 64
    xfail_s.o                 72        4        4
    xprintflarge_nomb.o    3'538      106
    xsprout.o                 10
    ----------------------------------------------
    Total:                 3'706      110        4

m6M_tl.a: [4]
    DblAddSub.o              436
    DblDiv.o                 194
    DblMul.o                 388
    DblToFlt.o                98
    DblToI32.o                46
    FltDiv.o                 164
    FltToDbl.o                50
    IxxToDbl.o                32
    IxxToFlt.o                32
    frexp.o                   42
    ----------------------------------------------
    Total:                 1'482

rt6M_tl.a: [5]
    ABImemcpy.o               78
    I32DivModFast.o          224
    I64DivMod.o              124
    I64DivZer.o                2
    IntDivZer.o                2
    cexit.o                   10
    cmain.o                   30
    copy_init3.o              48
    cstartup_M.o              28
    data_init.o               40
    memchr.o                  22
    strchr.o                  18
    strlen.o                  14
    ----------------------------------------------
    Total:                   640

shb_l.a: [6]
    exit.o                    20
    ----------------------------------------------
    Total:                    20

    Gaps                      22
    Linker created                     20    2'048
--------------------------------------------------
    Grand Total:           8'598      262    2'160


*******************************************************************************
*** ENTRY LIST
***

Entry                       Address   Size  Type      Object
-----                       -------   ----  ----      ------
.iar.init_table$$Base        0x2364          --   Gb  - Linker created -
.iar.init_table$$Limit       0x2378          --   Gb  - Linker created -
?main                        0x2399         Code  Gb  cmain.o [5]
ADC0_IRQHandler              0x1b6d    0xa  Code  Gb  ADC.o [1]
ADC0_Read                    0x1b77    0xc  Code  Gb  ADC.o [1]
ADC_Init                     0x1ab1   0x9a  Code  Gb  ADC.o [1]
ADC_TempSensor_Config        0x1989   0x18  Code  Gb  Middleware.o [1]
ADC_Trigger_Conversion       0x1b4b   0x22  Code  Gb  ADC.o [1]
BLUE_LED_Init                0x18f9   0x24  Code  Gb  Middleware.o [1]
CMP0_IRQHandler              0x244d         Code  Wk  startup_MKL46Z4.o [2]
CSTACK$$Base            0x1fff'e070          --   Gb  - Linker created -
CSTACK$$Limit           0x1fff'e870          --   Gb  - Linker created -
DAC0_IRQHandler              0x244d         Code  Wk  startup_MKL46Z4.o [2]
DMA0_DriverIRQHandler        0x244d         Code  Wk  startup_MKL46Z4.o [2]
DMA0_IRQHandler              0x23f5         Code  Wk  startup_MKL46Z4.o [2]
DMA1_DriverIRQHandler        0x244d         Code  Wk  startup_MKL46Z4.o [2]
DMA1_IRQHandler              0x23fd         Code  Wk  startup_MKL46Z4.o [2]
DMA2_DriverIRQHandler        0x244d         Code  Wk  startup_MKL46Z4.o [2]
DMA2_IRQHandler              0x2405         Code  Wk  startup_MKL46Z4.o [2]
DMA3_DriverIRQHandler        0x244d         Code  Wk  startup_MKL46Z4.o [2]
DMA3_IRQHandler              0x240d         Code  Wk  startup_MKL46Z4.o [2]
DefaultISR                   0x244d         Code  Wk  startup_MKL46Z4.o [2]
FTFA_IRQHandler              0x244d         Code  Wk  startup_MKL46Z4.o [2]
GPIO_Init                    0x1e39   0x38  Code  Gb  GPIO.o [1]
GPIO_TogglePin               0x1e71   0x16  Code  Gb  GPIO.o [1]
HardFault_Handler             0x137         Code  Wk  startup_MKL46Z4.o [2]
I2C0_DriverIRQHandler        0x244d         Code  Wk  startup_MKL46Z4.o [2]
I2C0_IRQHandler              0x2415         Code  Wk  startup_MKL46Z4.o [2]
I2C1_DriverIRQHandler        0x244d         Code  Wk  startup_MKL46Z4.o [2]
I2C1_IRQHandler              0x241d         Code  Wk  startup_MKL46Z4.o [2]
I2S0_DriverIRQHandler        0x244d         Code  Wk  startup_MKL46Z4.o [2]
I2S0_IRQHandler              0x2445         Code  Wk  startup_MKL46Z4.o [2]
LCD_IRQHandler               0x244d         Code  Wk  startup_MKL46Z4.o [2]
LLWU_IRQHandler              0x244d         Code  Wk  startup_MKL46Z4.o [2]
LPTMR0_IRQHandler            0x244d         Code  Wk  startup_MKL46Z4.o [2]
LVD_LVW_IRQHandler           0x244d         Code  Wk  startup_MKL46Z4.o [2]
MCG_IRQHandler               0x244d         Code  Wk  startup_MKL46Z4.o [2]
NMI_Handler                    0xdf         Code  Wk  startup_MKL46Z4.o [2]
NVIC_EnableIRQ               0x17b5    0xe  Code  Lc  Middleware.o [1]
NVIC_SetPriority             0x17c3   0x72  Code  Lc  Middleware.o [1]
PIT_ClearInterruptFlag       0x20bf   0x1a  Code  Lc  PIT.o [1]
PIT_Config_1s                0x1971   0x18  Code  Gb  Middleware.o [1]
PIT_IRQHandler               0x2089   0x36  Code  Gb  PIT.o [1]
PIT_Init                     0x1fb1   0x9c  Code  Gb  PIT.o [1]
PIT_TimerControl             0x204d   0x3c  Code  Gb  PIT.o [1]
PORTA_IRQHandler             0x244d         Code  Wk  startup_MKL46Z4.o [2]
PORTC_PORTD_IRQHandler       0x244d         Code  Wk  startup_MKL46Z4.o [2]
PORT_Init                    0x1d51   0xde  Code  Gb  Port.o [1]
PendSV_Handler               0x1385         Code  Wk  startup_MKL46Z4.o [2]
RED_LED_Init                 0x18d5   0x24  Code  Gb  Middleware.o [1]
RTC_IRQHandler               0x244d         Code  Wk  startup_MKL46Z4.o [2]
RTC_Seconds_IRQHandler       0x244d         Code  Wk  startup_MKL46Z4.o [2]
Region$$Table$$Base          0x2364          --   Gb  - Linker created -
Region$$Table$$Limit         0x2378          --   Gb  - Linker created -
Reserved20_IRQHandler        0x244d         Code  Wk  startup_MKL46Z4.o [2]
Reset_Handler                0x2341         Code  Wk  startup_MKL46Z4.o [2]
SPI0_DriverIRQHandler        0x244d         Code  Wk  startup_MKL46Z4.o [2]
SPI0_IRQHandler              0x2425         Code  Wk  startup_MKL46Z4.o [2]
SPI1_DriverIRQHandler        0x244d         Code  Wk  startup_MKL46Z4.o [2]
SPI1_IRQHandler              0x242d         Code  Wk  startup_MKL46Z4.o [2]
SVC_Handler                   0x14f         Code  Wk  startup_MKL46Z4.o [2]
SysTick_Handler              0x13b7         Code  Wk  startup_MKL46Z4.o [2]
SystemCoreClock         0x1fff'e054    0x4  Data  Gb  system_MKL46Z4.o [2]
SystemCoreClockUpdate        0x2101  0x146  Code  Gb  system_MKL46Z4.o [2]
SystemInit                   0x20f9    0x8  Code  Gb  system_MKL46Z4.o [2]
TPM0_IRQHandler              0x244d         Code  Wk  startup_MKL46Z4.o [2]
TPM1_IRQHandler              0x244d         Code  Wk  startup_MKL46Z4.o [2]
TPM2_IRQHandler              0x244d         Code  Wk  startup_MKL46Z4.o [2]
TSI0_IRQHandler              0x244d         Code  Wk  startup_MKL46Z4.o [2]
Temperature_Cal              0x1935   0x3c  Code  Gb  Middleware.o [1]
Toggle_GREEN_LED             0x1929    0xc  Code  Gb  Middleware.o [1]
Toggle_RED_LED               0x191d    0xc  Code  Gb  Middleware.o [1]
UART0_DriverIRQHandler       0x244d         Code  Wk  startup_MKL46Z4.o [2]
UART0_IRQHandler             0x1cd1   0x1a  Code  Gb  UART.o [1]
UART1_DriverIRQHandler       0x244d         Code  Wk  startup_MKL46Z4.o [2]
UART1_IRQHandler             0x2435         Code  Wk  startup_MKL46Z4.o [2]
UART2_DriverIRQHandler       0x244d         Code  Wk  startup_MKL46Z4.o [2]
UART2_IRQHandler             0x243d         Code  Wk  startup_MKL46Z4.o [2]
UART_Init                    0x1c15   0xbc  Code  Gb  UART.o [1]
UART_SendString              0x1ceb   0x42  Code  Gb  UART.o [1]
UART_User_Config             0x19a9   0x78  Code  Gb  Middleware.o [1]
USB0_IRQHandler              0x244d         Code  Wk  startup_MKL46Z4.o [2]
UserConfig_ADC          0x1fff'e048    0xc  Data  Gb  Middleware.o [1]
UserConfig_PIT          0x1fff'e028   0x10  Data  Gb  Middleware.o [1]
UserConfig_PortA1            0x2454    0x4  Data  Gb  Middleware.o [1]
UserConfig_PortA2            0x2458    0x4  Data  Gb  Middleware.o [1]
UserConfig_PortD5            0x245c    0x4  Data  Gb  Middleware.o [1]
UserConfig_PortE29           0x2460    0x4  Data  Gb  Middleware.o [1]
Userconfig_UART         0x1fff'e038   0x10  Data  Gb  Middleware.o [1]
_LC                           0x411    0x8  Code  Lc  xprintflarge_nomb.o [3]
_LitobLargeNoMb              0x103b  0x124  Code  Lc  xprintflarge_nomb.o [3]
_PrintfLargeNoMb              0x419  0xc22  Code  Gb  xprintflarge_nomb.o [3]
_PutcharsLargeNoMb           0x11ad   0x36  Code  Lc  xprintflarge_nomb.o [3]
_SProut                        0xc1    0xa  Code  Gb  xsprout.o [3]
__Vectors                       0x0          --   Gb  startup_MKL46Z4.o [2]
__Vectors_End                  0xc0         Data  Gb  startup_MKL46Z4.o [2]
__Vectors_Size {Abs}           0xc0          --   Gb  startup_MKL46Z4.o [2]
__aeabi_d2f                  0x1f4d         Code  Gb  DblToFlt.o [4]
__aeabi_d2uiz                0x1389         Code  Gb  DblToI32.o [4]
__aeabi_dadd                 0x13d9         Code  Gb  DblAddSub.o [4]
__aeabi_ddiv                 0x12c3         Code  Gb  DblDiv.o [4]
__aeabi_dmul                 0x158d         Code  Gb  DblMul.o [4]
__aeabi_dsub                 0x149f         Code  Gb  DblAddSub.o [4]
__aeabi_f2d                  0x1ba1         Code  Gb  FltToDbl.o [4]
__aeabi_fdiv                 0x1ea9         Code  Gb  FltDiv.o [4]
__aeabi_idiv                 0x120f         Code  Gb  I32DivModFast.o [5]
__aeabi_idiv0                0x1799         Code  Gb  IntDivZer.o [5]
__aeabi_idivmod              0x120f         Code  Gb  I32DivModFast.o [5]
__aeabi_ldiv0                0x179d         Code  Gb  I64DivZer.o [5]
__aeabi_memcpy                0x185         Code  Gb  ABImemcpy.o [5]
__aeabi_memcpy4               0x151         Code  Gb  ABImemcpy.o [5]
__aeabi_memcpy8               0x151         Code  Gb  ABImemcpy.o [5]
__aeabi_ui2d                 0x13b9         Code  Gb  IxxToDbl.o [4]
__aeabi_ui2f                 0x1e89         Code  Gb  IxxToFlt.o [4]
__aeabi_uidiv                0x1215         Code  Gb  I32DivModFast.o [5]
__aeabi_uidivmod             0x1215         Code  Gb  I32DivModFast.o [5]
__aeabi_uldivmod             0x1711         Code  Gb  I64DivMod.o [5]
__cmain                      0x2399         Code  Gb  cmain.o [5]
__exit                       0x17a1   0x14  Code  Gb  exit.o [6]
__iar_Fail_s                   0xe1   0x22  Code  Gb  xfail_s.o [3]
__iar_Memchr                  0x139         Code  Gb  memchr.o [5]
__iar_Memcpy                  0x191         Code  Gb  ABImemcpy.o [5]
__iar_Strchr                   0xcd         Code  Gb  strchr.o [5]
__iar_copy_init3             0x22e7   0x30  Code  Gb  copy_init3.o [5]
__iar_d2uiz                  0x138d         Code  Gb  DblToI32.o [4]
__iar_data_init3             0x2319   0x28  Code  Gb  data_init.o [5]
__iar_frexp                   0x1ab         Code  Gb  frexp.o [4]
__iar_frexp64                 0x19f         Code  Gb  frexp.o [4]
__iar_frexpl                  0x1ab         Code  Gb  frexp.o [4]
__iar_program_start          0x23d1         Code  Gb  cstartup_M.o [5]
__low_level_init             0x23b7    0x4  Code  Gb  low_level_init.o [3]
__vector_table                  0x0         Data  Gb  startup_MKL46Z4.o [2]
__vector_table_0x1c            0x1c         Data  Gb  startup_MKL46Z4.o [2]
_call_main                   0x23a5         Code  Gb  cmain.o [5]
_exit                        0x23c5         Code  Gb  cexit.o [5]
abort                        0x178d    0xa  Code  Gb  abort.o [3]
adc_data                0x1fff'e06c    0x2  Data  Gb  Middleware.o [1]
current_index           0x1fff'e06f    0x1  Data  Gb  Middleware.o [1]
data                    0x1fff'e06e    0x1  Data  Gb  Middleware.o [1]
exit                         0x23bb    0x8  Code  Gb  exit.o [3]
floatToCharArray             0x187f   0x16  Code  Gb  Middleware.o [1]
frexp                         0x19f         Code  Gb  frexp.o [4]
frexpl                        0x19f         Code  Gb  frexp.o [4]
main                         0x2379   0x20  Code  Gb  Firmware2.o [1]
memchr                        0x139         Code  Gb  memchr.o [5]
myADC_Handler                0x184b   0x34  Code  Lc  Middleware.o [1]
myTimer_Handler              0x1835   0x16  Code  Lc  Middleware.o [1]
myUART_Handler               0x1895   0x40  Code  Lc  Middleware.o [1]
sCallback_ADC           0x1fff'e058    0x4  Data  Lc  ADC.o [1]
sCallback_PIT           0x1fff'e060    0x4  Data  Lc  PIT.o [1]
sCallback_UART          0x1fff'e064    0x4  Data  Lc  UART.o [1]
scale                        0x115f   0x44  Code  Lc  xprintflarge_nomb.o [3]
sec_hand                0x1fff'e068    0x4  Data  Lc  xfail_s.o [3]
sprintf                      0x1bd5   0x40  Code  Gb  sprintf.o [3]
strchr                         0xcd         Code  Gb  strchr.o [5]
strlen                        0x129         Code  Gb  strlen.o [5]
temp_value              0x1fff'e05c    0x4  Data  Gb  Middleware.o [1]
temperature             0x1fff'e000   0x28  Data  Gb  Middleware.o [1]


[1] = D:\Study\Github\Mock-2_Team-1_Class_HN23_FRF_EMB_01\Mock-2_Team-1_Class_HN23_FRF_EMB_01\Firmware2\Debug\Obj\source
[2] = D:\Study\Github\Mock-2_Team-1_Class_HN23_FRF_EMB_01\Mock-2_Team-1_Class_HN23_FRF_EMB_01\Firmware2\Debug\Obj\startup
[3] = dl6M_tln.a
[4] = m6M_tl.a
[5] = rt6M_tl.a
[6] = shb_l.a

  8'598 bytes of readonly  code memory
    262 bytes of readonly  data memory
  2'160 bytes of readwrite data memory

Errors: none
Warnings: none
