###############################################################################
#
# IAR ELF Linker V9.32.2.340/W64 for ARM                  29/May/2023  21:02:51
# Copyright 2007-2023 IAR Systems AB.
#
#    Output file  =
#        D:\Study\Github\Mock-2_Team-1_Class_HN23_FRF_EMB_01\Mock-2_Team-1_Class_HN23_FRF_EMB_01\Firmware2\Debug\Exe\Firmware2.out
#    Map file     =
#        D:\Study\Github\Mock-2_Team-1_Class_HN23_FRF_EMB_01\Mock-2_Team-1_Class_HN23_FRF_EMB_01\Firmware2\Debug\List\Firmware2.map
#    Command line =
#        -f
#        D:\Study\Github\Mock-2_Team-1_Class_HN23_FRF_EMB_01\Mock-2_Team-1_Class_HN23_FRF_EMB_01\Firmware2\Debug\Exe\Firmware2.out.rsp
#        (D:\Study\Github\Mock-2_Team-1_Class_HN23_FRF_EMB_01\Mock-2_Team-1_Class_HN23_FRF_EMB_01\Firmware2\Debug\Obj\source\ADC.o
#        D:\Study\Github\Mock-2_Team-1_Class_HN23_FRF_EMB_01\Mock-2_Team-1_Class_HN23_FRF_EMB_01\Firmware2\Debug\Obj\source\Firmware2.o
#        D:\Study\Github\Mock-2_Team-1_Class_HN23_FRF_EMB_01\Mock-2_Team-1_Class_HN23_FRF_EMB_01\Firmware2\Debug\Obj\source\GPIO.o
#        D:\Study\Github\Mock-2_Team-1_Class_HN23_FRF_EMB_01\Mock-2_Team-1_Class_HN23_FRF_EMB_01\Firmware2\Debug\Obj\source\Middleware.o
#        D:\Study\Github\Mock-2_Team-1_Class_HN23_FRF_EMB_01\Mock-2_Team-1_Class_HN23_FRF_EMB_01\Firmware2\Debug\Obj\source\PIT.o
#        D:\Study\Github\Mock-2_Team-1_Class_HN23_FRF_EMB_01\Mock-2_Team-1_Class_HN23_FRF_EMB_01\Firmware2\Debug\Obj\source\Port.o
#        D:\Study\Github\Mock-2_Team-1_Class_HN23_FRF_EMB_01\Mock-2_Team-1_Class_HN23_FRF_EMB_01\Firmware2\Debug\Obj\startup\startup_MKL46Z4.o
#        D:\Study\Github\Mock-2_Team-1_Class_HN23_FRF_EMB_01\Mock-2_Team-1_Class_HN23_FRF_EMB_01\Firmware2\Debug\Obj\startup\system_MKL46Z4.o
#        D:\Study\Github\Mock-2_Team-1_Class_HN23_FRF_EMB_01\Mock-2_Team-1_Class_HN23_FRF_EMB_01\Firmware2\Debug\Obj\source\UART.o
#        --no_out_extension -o
#        D:\Study\Github\Mock-2_Team-1_Class_HN23_FRF_EMB_01\Mock-2_Team-1_Class_HN23_FRF_EMB_01\Firmware2\Debug\Exe\Firmware2.out
#        --map
#        D:\Study\Github\Mock-2_Team-1_Class_HN23_FRF_EMB_01\Mock-2_Team-1_Class_HN23_FRF_EMB_01\Firmware2\Debug\List\Firmware2.map
#        --config "C:\Program Files\IAR Systems\Embedded Workbench
#        9.1\arm/config/linker/NXP/MKL46Z256xxx4.icf" --semihosting --entry
#        __iar_program_start --vfe --text_out locale --cpu=Cortex-M0+
#        --fpu=None)
#
###############################################################################

*******************************************************************************
*** RUNTIME MODEL ATTRIBUTES
***

CppFlavor       = *
__CPP_Runtime   = 1
__SystemLibrary = DLib
__dlib_version  = 6


*******************************************************************************
*** HEAP SELECTION
***

The basic heap was selected because --advanced_heap
was not specified and the application did not appear to
be primarily optimized for speed.


*******************************************************************************
*** PLACEMENT SUMMARY
***

"A0":  place at address 0x0 { ro section .intvec };
"P1":  place in [from 0x0 to 0x3ff] |
                [from 0x410 to 0x3'ffff] { ro };
define block CSTACK with size = 2K, alignment = 8 { };
define block HEAP with size = 4K, alignment = 8 { };
"P3":  place in [from 0x1fff'e000 to 0x1fff'ffff] |
                [from 0x2000'0000 to 0x2000'5fff] {
          rw, block CSTACK, block HEAP };
"P5":  place in [from 0x400 to 0x40f] { section FlashConfig };
initialize by copy { rw };

No sections matched the following patterns:

  ro section application_specific_ro  in "P2|P4"
  rw section application_specific_rw  in "P2|P4"


  Section            Kind         Address    Size  Object
  -------            ----         -------    ----  ------
"A0":                                        0xc0
  .intvec            ro code          0x0    0xc0  startup_MKL46Z4.o [2]
                                   - 0xc0    0xc0

"P1", part 1 of 2:                          0x198
  .text              ro code         0xc0    0xf0  ADC.o [1]
  .text              ro code        0x1b0    0x3a  FltToS32.o [4]
  Initializer bytes  const          0x1ec    0x6c  <for P3 s0>
                                  - 0x258   0x198

"P5":                                        0x10
  FlashConfig        ro code        0x400    0x10  startup_MKL46Z4.o [2]
                                  - 0x410    0x10

"P1", part 2 of 2:                         0x1274
  .text              ro code        0x410   0x388  Middleware.o [1]
  .text              ro code        0x798    0xe0  I32DivModFast.o [5]
  .text              ro code        0x878     0x2  startup_MKL46Z4.o [2]
  .text              ro code        0x87c    0x36  IxxToFlt.o [4]
  .text              ro code        0x8b2   0x120  FltAddSub.o [4]
  .text              ro code        0x9d2    0xb0  FltMul.o [4]
  .text              ro code        0xa82     0x2  startup_MKL46Z4.o [2]
  .text              ro code        0xa84   0x13c  UART.o [1]
  .text              ro code        0xbc0    0xe8  Port.o [1]
  .text              ro code        0xca8    0x4e  GPIO.o [1]
  .text              ro code        0xcf6    0xa4  FltDiv.o [4]
  .text              ro code        0xd9a     0x2  startup_MKL46Z4.o [2]
  .text              ro code        0xd9c    0x32  FltToDbl.o [4]
  .text              ro code        0xdce   0x184  DblMul.o [4]
  .text              ro code        0xf52   0x1b4  DblAddSub.o [4]
  .text              ro code       0x1106    0xc2  DblDiv.o [4]
  .text              ro code       0x11c8    0x62  DblToFlt.o [4]
  .text              ro code       0x122a     0x2  startup_MKL46Z4.o [2]
  .text              ro code       0x122c   0x148  PIT.o [1]
  .text              ro code       0x1374     0x2  IntDivZer.o [5]
  .text              ro code       0x1376     0x2  startup_MKL46Z4.o [2]
  .text              ro code       0x1378   0x184  system_MKL46Z4.o [2]
  .text              ro code       0x14fc    0x30  copy_init3.o [5]
  .text              ro code       0x152c    0x28  data_init.o [5]
  .text              ro code       0x1554    0x24  startup_MKL46Z4.o [2]
  .iar.init_table    const         0x1578    0x14  - Linker created -
  .text              ro code       0x158c    0x20  Firmware2.o [1]
  .text              ro code       0x15ac    0x1e  cmain.o [5]
  .text              ro code       0x15ca     0x4  low_level_init.o [3]
  .text              ro code       0x15ce     0x8  exit.o [3]
  .text              ro code       0x15d8     0xa  cexit.o [5]
  .text              ro code       0x15e4    0x14  exit.o [6]
  .text              ro code       0x15f8    0x1c  cstartup_M.o [5]
  .text              ro code       0x1614     0x8  startup_MKL46Z4.o [2]
  .text              ro code       0x161c     0x8  startup_MKL46Z4.o [2]
  .text              ro code       0x1624     0x8  startup_MKL46Z4.o [2]
  .text              ro code       0x162c     0x8  startup_MKL46Z4.o [2]
  .text              ro code       0x1634     0x8  startup_MKL46Z4.o [2]
  .text              ro code       0x163c     0x8  startup_MKL46Z4.o [2]
  .text              ro code       0x1644     0x8  startup_MKL46Z4.o [2]
  .text              ro code       0x164c     0x8  startup_MKL46Z4.o [2]
  .text              ro code       0x1654     0x8  startup_MKL46Z4.o [2]
  .text              ro code       0x165c     0x8  startup_MKL46Z4.o [2]
  .text              ro code       0x1664     0x8  startup_MKL46Z4.o [2]
  .text              ro code       0x166c     0x8  startup_MKL46Z4.o [2]
  .rodata            const         0x1674     0x4  Middleware.o [1]
  .rodata            const         0x1678     0x4  Middleware.o [1]
  .rodata            const         0x167c     0x4  Middleware.o [1]
  .rodata            const         0x1680     0x4  Middleware.o [1]
  .rodata            const         0x1684     0x0  copy_init3.o [5]
                                 - 0x1684  0x1274

"P3", part 1 of 2:                           0x6c
  P3 s0                       0x1fff'e000    0x6c  <Init block>
    .bss             inited   0x1fff'e000    0x28  Middleware.o [1]
    .data            inited   0x1fff'e028    0x10  Middleware.o [1]
    .data            inited   0x1fff'e038    0x10  Middleware.o [1]
    .data            inited   0x1fff'e048     0xc  Middleware.o [1]
    .data            inited   0x1fff'e054     0x4  system_MKL46Z4.o [2]
    .bss             inited   0x1fff'e058     0x4  ADC.o [1]
    .bss             inited   0x1fff'e05c     0x4  Middleware.o [1]
    .bss             inited   0x1fff'e060     0x4  PIT.o [1]
    .bss             inited   0x1fff'e064     0x4  UART.o [1]
    .bss             inited   0x1fff'e068     0x2  Middleware.o [1]
    .bss             inited   0x1fff'e06a     0x1  Middleware.o [1]
    .bss             inited   0x1fff'e06b     0x1  Middleware.o [1]
                            - 0x1fff'e06c    0x6c

"P3", part 2 of 2:                          0x800
  CSTACK                      0x1fff'e070   0x800  <Block>
    CSTACK           uninit   0x1fff'e070   0x800  <Block tail>
                            - 0x1fff'e870   0x800

Unused ranges:

         From           To      Size
         ----           --      ----
        0x258        0x3ff     0x1a8
       0x1684     0x3'ffff  0x3'e97c
  0x1fff'e06c  0x1fff'e06f       0x4
  0x1fff'e870  0x1fff'ffff    0x1790
  0x2000'0000  0x2000'5fff    0x6000


*******************************************************************************
*** INIT TABLE
***

          Address      Size
          -------      ----
Copy (__iar_copy_init3)
    1 source range, total size 0x6c:
                0x1ec  0x6c
    1 destination range, total size 0x6c:
          0x1fff'e000  0x6c



*******************************************************************************
*** MODULE SUMMARY
***

    Module             ro code  ro data  rw data
    ------             -------  -------  -------
command line/config:
    --------------------------------------------
    Total:

D:\Study\Github\Mock-2_Team-1_Class_HN23_FRF_EMB_01\Mock-2_Team-1_Class_HN23_FRF_EMB_01\Firmware2\Debug\Obj\source: [1]
    ADC.o                  240        4        4
    Firmware2.o             32
    GPIO.o                  78
    Middleware.o           904      108       92
    PIT.o                  328        4        4
    Port.o                 232
    UART.o                 316        4        4
    --------------------------------------------
    Total:               2'130      120      104

D:\Study\Github\Mock-2_Team-1_Class_HN23_FRF_EMB_01\Mock-2_Team-1_Class_HN23_FRF_EMB_01\Firmware2\Debug\Obj\startup: [2]
    startup_MKL46Z4.o      350
    system_MKL46Z4.o       388        4        4
    --------------------------------------------
    Total:                 738        4        4

dl6M_tln.a: [3]
    exit.o                   8
    low_level_init.o         4
    --------------------------------------------
    Total:                  12

m6M_tl.a: [4]
    DblAddSub.o            436
    DblDiv.o               194
    DblMul.o               388
    DblToFlt.o              98
    FltAddSub.o            288
    FltDiv.o               164
    FltMul.o               176
    FltToDbl.o              50
    FltToS32.o              58
    IxxToFlt.o              54
    --------------------------------------------
    Total:               1'906

rt6M_tl.a: [5]
    I32DivModFast.o        224
    IntDivZer.o              2
    cexit.o                 10
    cmain.o                 30
    copy_init3.o            48
    cstartup_M.o            28
    data_init.o             40
    --------------------------------------------
    Total:                 382

shb_l.a: [6]
    exit.o                  20
    --------------------------------------------
    Total:                  20

    Gaps                     6
    Linker created                   22    2'048
------------------------------------------------
    Grand Total:         5'194      146    2'156


*******************************************************************************
*** ENTRY LIST
***

Entry                       Address   Size  Type      Object
-----                       -------   ----  ----      ------
.iar.init_table$$Base        0x1578          --   Gb  - Linker created -
.iar.init_table$$Limit       0x158c          --   Gb  - Linker created -
?main                        0x15ad         Code  Gb  cmain.o [5]
ADC0_IRQHandler               0x17d    0xa  Code  Gb  ADC.o [1]
ADC0_Read                     0x187    0xc  Code  Gb  ADC.o [1]
ADC_Init                       0xc1   0x9a  Code  Gb  ADC.o [1]
ADC_TempSensor_Config         0x673   0x18  Code  Gb  Middleware.o [1]
ADC_Trigger_Conversion        0x15b   0x22  Code  Gb  ADC.o [1]
BLUE_LED_Init                 0x5e3   0x24  Code  Gb  Middleware.o [1]
CMP0_IRQHandler              0x166d         Code  Wk  startup_MKL46Z4.o [2]
CSTACK$$Base            0x1fff'e070          --   Gb  - Linker created -
CSTACK$$Limit           0x1fff'e870          --   Gb  - Linker created -
DAC0_IRQHandler              0x166d         Code  Wk  startup_MKL46Z4.o [2]
DMA0_DriverIRQHandler        0x166d         Code  Wk  startup_MKL46Z4.o [2]
DMA0_IRQHandler              0x1615         Code  Wk  startup_MKL46Z4.o [2]
DMA1_DriverIRQHandler        0x166d         Code  Wk  startup_MKL46Z4.o [2]
DMA1_IRQHandler              0x161d         Code  Wk  startup_MKL46Z4.o [2]
DMA2_DriverIRQHandler        0x166d         Code  Wk  startup_MKL46Z4.o [2]
DMA2_IRQHandler              0x1625         Code  Wk  startup_MKL46Z4.o [2]
DMA3_DriverIRQHandler        0x166d         Code  Wk  startup_MKL46Z4.o [2]
DMA3_IRQHandler              0x162d         Code  Wk  startup_MKL46Z4.o [2]
DefaultISR                   0x166d         Code  Wk  startup_MKL46Z4.o [2]
FTFA_IRQHandler              0x166d         Code  Wk  startup_MKL46Z4.o [2]
GPIO_Init                     0xca9   0x38  Code  Gb  GPIO.o [1]
GPIO_TogglePin                0xce1   0x16  Code  Gb  GPIO.o [1]
HardFault_Handler             0xa83         Code  Wk  startup_MKL46Z4.o [2]
I2C0_DriverIRQHandler        0x166d         Code  Wk  startup_MKL46Z4.o [2]
I2C0_IRQHandler              0x1635         Code  Wk  startup_MKL46Z4.o [2]
I2C1_DriverIRQHandler        0x166d         Code  Wk  startup_MKL46Z4.o [2]
I2C1_IRQHandler              0x163d         Code  Wk  startup_MKL46Z4.o [2]
I2S0_DriverIRQHandler        0x166d         Code  Wk  startup_MKL46Z4.o [2]
I2S0_IRQHandler              0x1665         Code  Wk  startup_MKL46Z4.o [2]
LCD_IRQHandler               0x166d         Code  Wk  startup_MKL46Z4.o [2]
LLWU_IRQHandler              0x166d         Code  Wk  startup_MKL46Z4.o [2]
LPTMR0_IRQHandler            0x166d         Code  Wk  startup_MKL46Z4.o [2]
LVD_LVW_IRQHandler           0x166d         Code  Wk  startup_MKL46Z4.o [2]
MCG_IRQHandler               0x166d         Code  Wk  startup_MKL46Z4.o [2]
NMI_Handler                   0x879         Code  Wk  startup_MKL46Z4.o [2]
NVIC_EnableIRQ                0x411    0xe  Code  Lc  Middleware.o [1]
NVIC_SetPriority              0x41f   0x72  Code  Lc  Middleware.o [1]
PIT_ClearInterruptFlag       0x133b   0x1a  Code  Lc  PIT.o [1]
PIT_Config_1s                 0x65b   0x18  Code  Gb  Middleware.o [1]
PIT_IRQHandler               0x1305   0x36  Code  Gb  PIT.o [1]
PIT_Init                     0x122d   0x9c  Code  Gb  PIT.o [1]
PIT_TimerControl             0x12c9   0x3c  Code  Gb  PIT.o [1]
PORTA_IRQHandler             0x166d         Code  Wk  startup_MKL46Z4.o [2]
PORTC_PORTD_IRQHandler       0x166d         Code  Wk  startup_MKL46Z4.o [2]
PORT_Init                     0xbc1   0xde  Code  Gb  Port.o [1]
PendSV_Handler               0x122b         Code  Wk  startup_MKL46Z4.o [2]
RED_LED_Init                  0x5bf   0x24  Code  Gb  Middleware.o [1]
RTC_IRQHandler               0x166d         Code  Wk  startup_MKL46Z4.o [2]
RTC_Seconds_IRQHandler       0x166d         Code  Wk  startup_MKL46Z4.o [2]
Region$$Table$$Base          0x1578          --   Gb  - Linker created -
Region$$Table$$Limit         0x158c          --   Gb  - Linker created -
Reserved20_IRQHandler        0x166d         Code  Wk  startup_MKL46Z4.o [2]
Reset_Handler                0x1555         Code  Wk  startup_MKL46Z4.o [2]
SPI0_DriverIRQHandler        0x166d         Code  Wk  startup_MKL46Z4.o [2]
SPI0_IRQHandler              0x1645         Code  Wk  startup_MKL46Z4.o [2]
SPI1_DriverIRQHandler        0x166d         Code  Wk  startup_MKL46Z4.o [2]
SPI1_IRQHandler              0x164d         Code  Wk  startup_MKL46Z4.o [2]
SVC_Handler                   0xd9b         Code  Wk  startup_MKL46Z4.o [2]
SysTick_Handler              0x1377         Code  Wk  startup_MKL46Z4.o [2]
SystemCoreClock         0x1fff'e054    0x4  Data  Gb  system_MKL46Z4.o [2]
SystemCoreClockUpdate        0x1381  0x146  Code  Gb  system_MKL46Z4.o [2]
SystemInit                   0x1379    0x8  Code  Gb  system_MKL46Z4.o [2]
TPM0_IRQHandler              0x166d         Code  Wk  startup_MKL46Z4.o [2]
TPM1_IRQHandler              0x166d         Code  Wk  startup_MKL46Z4.o [2]
TPM2_IRQHandler              0x166d         Code  Wk  startup_MKL46Z4.o [2]
TSI0_IRQHandler              0x166d         Code  Wk  startup_MKL46Z4.o [2]
Temperature_Cal               0x61f   0x3c  Code  Gb  Middleware.o [1]
Toggle_GREEN_LED              0x613    0xc  Code  Gb  Middleware.o [1]
Toggle_RED_LED                0x607    0xc  Code  Gb  Middleware.o [1]
UART0_DriverIRQHandler       0x166d         Code  Wk  startup_MKL46Z4.o [2]
UART0_IRQHandler              0xb41   0x1a  Code  Gb  UART.o [1]
UART1_DriverIRQHandler       0x166d         Code  Wk  startup_MKL46Z4.o [2]
UART1_IRQHandler             0x1655         Code  Wk  startup_MKL46Z4.o [2]
UART2_DriverIRQHandler       0x166d         Code  Wk  startup_MKL46Z4.o [2]
UART2_IRQHandler             0x165d         Code  Wk  startup_MKL46Z4.o [2]
UART_Init                     0xa85   0xbc  Code  Gb  UART.o [1]
UART_SendString               0xb5b   0x42  Code  Gb  UART.o [1]
UART_User_Config              0x6a1   0x78  Code  Gb  Middleware.o [1]
USB0_IRQHandler              0x166d         Code  Wk  startup_MKL46Z4.o [2]
UserConfig_ADC          0x1fff'e048    0xc  Data  Gb  Middleware.o [1]
UserConfig_PIT          0x1fff'e028   0x10  Data  Gb  Middleware.o [1]
UserConfig_PortA1            0x1674    0x4  Data  Gb  Middleware.o [1]
UserConfig_PortA2            0x1678    0x4  Data  Gb  Middleware.o [1]
UserConfig_PortD5            0x167c    0x4  Data  Gb  Middleware.o [1]
UserConfig_PortE29           0x1680    0x4  Data  Gb  Middleware.o [1]
Userconfig_UART         0x1fff'e038   0x10  Data  Gb  Middleware.o [1]
__Vectors                       0x0          --   Gb  startup_MKL46Z4.o [2]
__Vectors_End                  0xc0         Data  Gb  startup_MKL46Z4.o [2]
__Vectors_Size {Abs}           0xc0          --   Gb  startup_MKL46Z4.o [2]
__aeabi_d2f                  0x11c9         Code  Gb  DblToFlt.o [4]
__aeabi_dadd                  0xf53         Code  Gb  DblAddSub.o [4]
__aeabi_ddiv                 0x1107         Code  Gb  DblDiv.o [4]
__aeabi_dmul                  0xdcf         Code  Gb  DblMul.o [4]
__aeabi_dsub                 0x1019         Code  Gb  DblAddSub.o [4]
__aeabi_f2d                   0xd9d         Code  Gb  FltToDbl.o [4]
__aeabi_f2iz                  0x1b1         Code  Gb  FltToS32.o [4]
__aeabi_fadd                  0x8b3         Code  Gb  FltAddSub.o [4]
__aeabi_fdiv                  0xcf7         Code  Gb  FltDiv.o [4]
__aeabi_fmul                  0x9d3         Code  Gb  FltMul.o [4]
__aeabi_fsub                  0x923         Code  Gb  FltAddSub.o [4]
__aeabi_i2f                   0x89d         Code  Gb  IxxToFlt.o [4]
__aeabi_idiv                  0x7c5         Code  Gb  I32DivModFast.o [5]
__aeabi_idiv0                0x1375         Code  Gb  IntDivZer.o [5]
__aeabi_idivmod               0x7c5         Code  Gb  I32DivModFast.o [5]
__aeabi_ui2f                  0x87d         Code  Gb  IxxToFlt.o [4]
__aeabi_uidiv                 0x7cb         Code  Gb  I32DivModFast.o [5]
__aeabi_uidivmod              0x7cb         Code  Gb  I32DivModFast.o [5]
__cmain                      0x15ad         Code  Gb  cmain.o [5]
__exit                       0x15e5   0x14  Code  Gb  exit.o [6]
__iar_copy_init3             0x14fd   0x30  Code  Gb  copy_init3.o [5]
__iar_data_init3             0x152d   0x28  Code  Gb  data_init.o [5]
__iar_program_start          0x15f9         Code  Gb  cstartup_M.o [5]
__low_level_init             0x15cb    0x4  Code  Gb  low_level_init.o [3]
__vector_table                  0x0         Data  Gb  startup_MKL46Z4.o [2]
__vector_table_0x1c            0x1c         Data  Gb  startup_MKL46Z4.o [2]
_call_main                   0x15b9         Code  Gb  cmain.o [5]
_exit                        0x15d9         Code  Gb  cexit.o [5]
adc_data                0x1fff'e068    0x2  Data  Gb  Middleware.o [1]
current_index           0x1fff'e06b    0x1  Data  Gb  Middleware.o [1]
data                    0x1fff'e06a    0x1  Data  Gb  Middleware.o [1]
exit                         0x15cf    0x8  Code  Gb  exit.o [3]
floatToCharArray              0x4db   0xa4  Code  Gb  Middleware.o [1]
main                         0x158d   0x20  Code  Gb  Firmware2.o [1]
myADC_Handler                 0x4a7   0x34  Code  Lc  Middleware.o [1]
myTimer_Handler               0x491   0x16  Code  Lc  Middleware.o [1]
myUART_Handler                0x57f   0x40  Code  Lc  Middleware.o [1]
sCallback_ADC           0x1fff'e058    0x4  Data  Lc  ADC.o [1]
sCallback_PIT           0x1fff'e060    0x4  Data  Lc  PIT.o [1]
sCallback_UART          0x1fff'e064    0x4  Data  Lc  UART.o [1]
temp_value              0x1fff'e05c    0x4  Data  Gb  Middleware.o [1]
temperature             0x1fff'e000   0x28  Data  Gb  Middleware.o [1]


[1] = D:\Study\Github\Mock-2_Team-1_Class_HN23_FRF_EMB_01\Mock-2_Team-1_Class_HN23_FRF_EMB_01\Firmware2\Debug\Obj\source
[2] = D:\Study\Github\Mock-2_Team-1_Class_HN23_FRF_EMB_01\Mock-2_Team-1_Class_HN23_FRF_EMB_01\Firmware2\Debug\Obj\startup
[3] = dl6M_tln.a
[4] = m6M_tl.a
[5] = rt6M_tl.a
[6] = shb_l.a

  5'194 bytes of readonly  code memory
    146 bytes of readonly  data memory
  2'156 bytes of readwrite data memory

Errors: none
Warnings: none
